bun test v1.3.9 (cf6cdbbb)

tests/unit/wallet-auth.test.ts:

[Test Setup] Verifying local server is running...
[Test Setup] Environment configured for LOCAL testing:
  NODE_ENV: test
  ELIZAOS_CLOUD_BASE_URL: http://localhost:3000/api/v1
  TEST_BLOCK_ANONYMOUS: true

# Unhandled error between tests
-------------------------------
42 |   const response = await fetch(healthEndpoint, {
43 |     signal: controller.signal,
44 |     method: "GET",
45 |   }).catch((error: Error) => {
46 |     clearTimeout(timeout);
47 |     throw new Error(
                   ^
error: 
============================================================
❌ LOCAL SERVER NOT RUNNING
============================================================

Runtime tests require the local server at http://localhost:3000
Please start the server first:

  bun run dev

Or skip this check for unit tests:

  SKIP_SERVER_CHECK=true bun test ...

Error: Unable to connect. Is the computer able to access the url?
============================================================

      at <anonymous> (/Users/shawwalters/eliza-workspace/eliza-cloud-v2/tests/setup.ts:47:15)
-------------------------------


# Unhandled error between tests
-------------------------------
12 | 
13 | mock.module("viem", () => ({
14 |     verifyMessage: mock(),
15 | }));
16 | 
17 | describe("Wallet Authentication", () => {
     ^
error: Cannot call describe() after the test run has completed
      at /Users/shawwalters/eliza-workspace/eliza-cloud-v2/tests/unit/wallet-auth.test.ts:17:1
      at loadAndEvaluateModule (2:1)
-------------------------------


tests/unit/internal-jwt-auth.test.ts:
(pass) Internal JWT Authentication > extractBearerToken > extracts token from valid Bearer header [5.85ms]
(pass) Internal JWT Authentication > extractBearerToken > returns null for null header [0.06ms]
(pass) Internal JWT Authentication > extractBearerToken > returns null for empty header [0.02ms]
(pass) Internal JWT Authentication > extractBearerToken > returns null for non-Bearer auth type [0.04ms]
(pass) Internal JWT Authentication > extractBearerToken > returns null for Bearer without token [0.01ms]
(pass) Internal JWT Authentication > extractBearerToken > returns null for malformed header with extra parts
(pass) Internal JWT Authentication > extractBearerToken > is case-sensitive for Bearer prefix
(pass) Internal JWT Authentication > JWT Signing and Verification > signs and verifies a valid token [2.01ms]
(pass) Internal JWT Authentication > JWT Signing and Verification > respects custom expiration time [0.11ms]
(pass) Internal JWT Authentication > JWT Signing and Verification > signs token without optional service field [0.18ms]
(pass) Internal JWT Authentication > JWT Signing and Verification > rejects token with invalid signature [0.21ms]
(pass) Internal JWT Authentication > JWT Signing and Verification > rejects completely invalid token [0.06ms]
(pass) Internal JWT Authentication > JWT Signing and Verification > rejects token with wrong format [0.05ms]
(pass) Internal JWT Authentication > JWKS Configuration > isJWKSConfigured returns true when keys are set [0.03ms]
(pass) Internal JWT Authentication > JWKS Configuration > getKeyId returns configured key ID [0.02ms]
(pass) Internal JWT Authentication > JWKS Configuration > getAlgorithm returns ES256 [0.02ms]
(pass) Internal JWT Authentication > JWKS Configuration > getJWKS returns valid JWKS structure [0.14ms]
(pass) Internal JWT Authentication > Token Constants > TOKEN_LIFETIME_SECONDS is 1 hour [0.03ms]
(pass) Internal JWT Authentication > Token Constants > refresh at 80% lifetime is 48 minutes
(pass) Internal API Middleware > validateInternalJWTAsync > returns auth result for valid token [0.93ms]
(pass) Internal API Middleware > validateInternalJWTAsync > returns 401 for missing Authorization header [0.20ms]
(pass) Internal API Middleware > validateInternalJWTAsync > returns 401 for invalid token [0.16ms]
(pass) Internal API Middleware > validateInternalJWTAsync > returns 401 for non-Bearer auth [0.03ms]
(pass) Internal API Middleware > withInternalAuth wrapper > calls handler with auth result for valid token [0.33ms]
(pass) Internal API Middleware > withInternalAuth wrapper > returns 401 without calling handler for missing token [0.10ms]
(pass) Internal API Middleware > withInternalAuth wrapper > returns 401 without calling handler for invalid token [0.10ms]
(pass) Internal API Middleware > withInternalAuth wrapper > passes through additional arguments to handler [0.22ms]
(pass) Token Security Properties > each token has a unique JTI (JWT ID) [0.28ms]
(pass) Token Security Properties > token contains correct issuer and audience [0.14ms]
(pass) Token Security Properties > token has iat (issued at) claim [0.13ms]
(pass) Token Security Properties > token has exp (expiration) claim set to iat + lifetime [0.15ms]
(pass) Token Security Properties > token header contains kid (key ID) [0.08ms]
(pass) Bootstrap Secret Validation > timing-safe comparison pattern is correct [0.07ms]
(pass) Error Handling > missing private key error message format
(pass) Error Handling > missing public key error message format
(pass) Error Handling > isJWKSConfigured returns false when keys missing

tests/unit/oauth-state-validation.test.ts:
(pass) OAuth State Schema Validation > Valid State Objects > validates correct state object [0.58ms]
(pass) OAuth State Schema Validation > Valid State Objects > validates state with multiple scopes
(pass) OAuth State Schema Validation > Valid State Objects > validates state with empty scopes array [0.05ms]
(pass) OAuth State Schema Validation > Invalid State Objects > rejects state with invalid organizationId [0.15ms]
(pass) OAuth State Schema Validation > Invalid State Objects > rejects state with invalid userId [0.09ms]
(pass) OAuth State Schema Validation > Invalid State Objects > rejects state with missing required fields [0.06ms]
(pass) OAuth State Schema Validation > Invalid State Objects > rejects state with wrong field types [0.03ms]
(pass) OAuth State Schema Validation > Invalid State Objects > rejects null input
(pass) OAuth State Schema Validation > Invalid State Objects > rejects undefined input [0.04ms]
(pass) OAuth State Schema Validation > Invalid State Objects > rejects non-string scopes [0.04ms]
129 |         __proto__: { isAdmin: true },
130 |       };
131 | 
132 |       // Zod strips unknown properties, so this should pass but without __proto__
133 |       const result = OAuthStateSchema.parse(protoAttempt);
134 |       expect(result).not.toHaveProperty("__proto__");
                               ^
error: expect(received).not.toHaveProperty(path)

Expected path: not "__proto__"

Received value: [Object: null prototype] {}

      at <anonymous> (/Users/shawwalters/eliza-workspace/eliza-cloud-v2/tests/unit/oauth-state-validation.test.ts:134:26)
(fail) OAuth State Schema Validation > Security Edge Cases > rejects prototype pollution attempts [0.05ms]
(pass) OAuth State Schema Validation > Security Edge Cases > handles deeply nested malicious objects
(pass) OAuth State Schema Validation > Security Edge Cases > handles extra fields gracefully (strips them)
(pass) OAuth State Schema Validation > Security Edge Cases > validates UUID format strictly [0.10ms]
(pass) OAuth State Schema Validation > JSON Parsing Integration > validates JSON parsed state correctly [0.02ms]
(pass) OAuth State Schema Validation > JSON Parsing Integration > handles malformed JSON gracefully

tests/unit/security-validations.test.ts:
(pass) Security Validations > Metadata Size Limits > accepts metadata within size limit [0.19ms]
(pass) Security Validations > Metadata Size Limits > identifies metadata exceeding size limit [0.05ms]
(pass) Security Validations > Metadata Size Limits > rejects deeply nested objects [0.15ms]
(pass) Security Validations > Metadata Size Limits > accepts arrays of primitive values [0.05ms]
(pass) Security Validations > Metadata Size Limits > rejects arrays with objects [0.06ms]
(pass) Security Validations > Message Length Validation > accepts messages within length limit
(pass) Security Validations > Message Length Validation > identifies messages exceeding length limit
(pass) Security Validations > Message Length Validation > handles unicode characters correctly
(pass) Security Validations > JSON Parsing Safety > handles valid JSON without issues
(pass) Security Validations > JSON Parsing Safety > safely handles invalid JSON
(pass) Security Validations > JSON Parsing Safety > handles null values in JSON
(pass) Security Validations > JSON Parsing Safety > handles prototype pollution attempts in JSON
137 | 
138 |     it("handles very large numbers correctly", () => {
139 |       // JavaScript has limited precision for large numbers
140 |       const largeNumber = '{"id": 9007199254740993}'; // > Number.MAX_SAFE_INTEGER
141 |       const parsed = JSON.parse(largeNumber);
142 |       expect(parsed.id).not.toBe(9007199254740993); // Precision lost
                                  ^
error: expect(received).not.toBe(expected)

Expected: not 9007199254740992

      at <anonymous> (/Users/shawwalters/eliza-workspace/eliza-cloud-v2/tests/unit/security-validations.test.ts:142:29)
(fail) Security Validations > JSON Parsing Safety > handles very large numbers correctly [0.05ms]
(pass) Security Validations > JSON Parsing Safety > handles escaped characters
(pass) Security Validations > Input Sanitization > handles control characters
(pass) Security Validations > Input Sanitization > handles unicode null character
169 |     });
170 | 
171 |     it("preserves valid unicode characters", () => {
172 |       const unicode = "Hello 世界 🌍";
173 |       // Valid unicode should not be stripped
174 |       expect(unicode.length).toBe(12);
                                   ^
error: expect(received).toBe(expected)

Expected: 12
Received: 11

      at <anonymous> (/Users/shawwalters/eliza-workspace/eliza-cloud-v2/tests/unit/security-validations.test.ts:174:30)
(fail) Security Validations > Input Sanitization > preserves valid unicode characters [0.06ms]
(pass) Security Validations > Rate Limiting Configuration > has reasonable production rate limit
(pass) Security Validations > Rate Limiting Configuration > has higher development rate limit
(pass) Security Validations > Rate Limiting Configuration > uses 1-minute window
(pass) Security Validations > Timestamp Validation > accepts timestamps within tolerance
(pass) Security Validations > Timestamp Validation > rejects timestamps outside tolerance [0.05ms]
(pass) Security Validations > Timestamp Validation > handles future timestamps within tolerance
(pass) Security Validations > Timestamp Validation > rejects far future timestamps
(pass) Webhook Security > Signature Verification > verifies HMAC signature format [0.01ms]
(pass) Webhook Security > Signature Verification > rejects invalid signature format
(pass) Webhook Security > Organization ID Validation > validates UUID format for organization IDs
(pass) Webhook Security > Organization ID Validation > rejects invalid organization IDs [0.03ms]

tests/unit/mcp-tools.test.ts:
[MCP] Per-user connection isolation enabled (getRequestContext available)
(pass) MCP Tools Registration > getMcpHandler initializes without errors [1022.88ms]
(pass) MCP Tools Registration > all tool modules import without errors [0.01ms]
(pass) MCP Tools Registration > lib modules import without errors [1.25ms]

tests/unit/message-router-service.test.ts:
[MessageRouter] Error routing message {
  error: 207 |  * Get the primary database URL (always required)
208 |  */
209 | function getPrimaryDatabaseUrl(): string {
210 |   const url = process.env.DATABASE_URL;
211 |   if (!url) {
212 |     throw new Error(
                    ^
error: DATABASE_URL environment variable is not set. Make sure you have a .env.local file with DATABASE_URL defined.
      at getPrimaryDatabaseUrl (/Users/shawwalters/eliza-workspace/eliza-cloud-v2/db/client.ts:212:15)
      at getWriteConnection (/Users/shawwalters/eliza-workspace/eliza-cloud-v2/db/client.ts:275:17)
      at get (/Users/shawwalters/eliza-workspace/eliza-cloud-v2/db/client.ts:372:40)
      at routeIncomingMessage (/Users/shawwalters/eliza-workspace/eliza-cloud-v2/lib/services/message-router/index.ts:111:34)
      at <anonymous> (/Users/shawwalters/eliza-workspace/eliza-cloud-v2/tests/unit/message-router-service.test.ts:22:49)
,
}
(pass) MessageRouterService > Phone Number Normalization > handles standard E.164 format in routing [0.39ms]
[MessageRouter] Error routing message {
  error: 207 |  * Get the primary database URL (always required)
208 |  */
209 | function getPrimaryDatabaseUrl(): string {
210 |   const url = process.env.DATABASE_URL;
211 |   if (!url) {
212 |     throw new Error(
                    ^
error: DATABASE_URL environment variable is not set. Make sure you have a .env.local file with DATABASE_URL defined.
      at getPrimaryDatabaseUrl (/Users/shawwalters/eliza-workspace/eliza-cloud-v2/db/client.ts:212:15)
      at getWriteConnection (/Users/shawwalters/eliza-workspace/eliza-cloud-v2/db/client.ts:275:17)
      at get (/Users/shawwalters/eliza-workspace/eliza-cloud-v2/db/client.ts:372:40)
      at routeIncomingMessage (/Users/shawwalters/eliza-workspace/eliza-cloud-v2/lib/services/message-router/index.ts:111:34)
      at <anonymous> (/Users/shawwalters/eliza-workspace/eliza-cloud-v2/tests/unit/message-router-service.test.ts:34:49)
,
}
(pass) MessageRouterService > Phone Number Normalization > handles phone number without country code [0.06ms]
[MessageRouter] Error routing message {
  error: 207 |  * Get the primary database URL (always required)
208 |  */
209 | function getPrimaryDatabaseUrl(): string {
210 |   const url = process.env.DATABASE_URL;
211 |   if (!url) {
212 |     throw new Error(
                    ^
error: DATABASE_URL environment variable is not set. Make sure you have a .env.local file with DATABASE_URL defined.
      at getPrimaryDatabaseUrl (/Users/shawwalters/eliza-workspace/eliza-cloud-v2/db/client.ts:212:15)
      at getWriteConnection (/Users/shawwalters/eliza-workspace/eliza-cloud-v2/db/client.ts:275:17)
      at get (/Users/shawwalters/eliza-workspace/eliza-cloud-v2/db/client.ts:372:40)
      at routeIncomingMessage (/Users/shawwalters/eliza-workspace/eliza-cloud-v2/lib/services/message-router/index.ts:111:34)
      at <anonymous> (/Users/shawwalters/eliza-workspace/eliza-cloud-v2/tests/unit/message-router-service.test.ts:45:49)
,
}
(pass) MessageRouterService > Phone Number Normalization > handles phone number with spaces and dashes
[MessageRouter] Error routing message {
  error: 207 |  * Get the primary database URL (always required)
208 |  */
209 | function getPrimaryDatabaseUrl(): string {
210 |   const url = process.env.DATABASE_URL;
211 |   if (!url) {
212 |     throw new Error(
                    ^
error: DATABASE_URL environment variable is not set. Make sure you have a .env.local file with DATABASE_URL defined.
      at getPrimaryDatabaseUrl (/Users/shawwalters/eliza-workspace/eliza-cloud-v2/db/client.ts:212:15)
      at getWriteConnection (/Users/shawwalters/eliza-workspace/eliza-cloud-v2/db/client.ts:275:17)
      at get (/Users/shawwalters/eliza-workspace/eliza-cloud-v2/db/client.ts:372:40)
      at routeIncomingMessage (/Users/shawwalters/eliza-workspace/eliza-cloud-v2/lib/services/message-router/index.ts:111:34)
      at <anonymous> (/Users/shawwalters/eliza-workspace/eliza-cloud-v2/tests/unit/message-router-service.test.ts:56:49)
,
}
(pass) MessageRouterService > Phone Number Normalization > handles email addresses for iMessage [0.12ms]
[MessageRouter] Error routing message {
  error: 207 |  * Get the primary database URL (always required)
208 |  */
209 | function getPrimaryDatabaseUrl(): string {
210 |   const url = process.env.DATABASE_URL;
211 |   if (!url) {
212 |     throw new Error(
                    ^
error: DATABASE_URL environment variable is not set. Make sure you have a .env.local file with DATABASE_URL defined.
      at getPrimaryDatabaseUrl (/Users/shawwalters/eliza-workspace/eliza-cloud-v2/db/client.ts:212:15)
      at getWriteConnection (/Users/shawwalters/eliza-workspace/eliza-cloud-v2/db/client.ts:275:17)
      at get (/Users/shawwalters/eliza-workspace/eliza-cloud-v2/db/client.ts:372:40)
      at routeIncomingMessage (/Users/shawwalters/eliza-workspace/eliza-cloud-v2/lib/services/message-router/index.ts:111:34)
      at <anonymous> (/Users/shawwalters/eliza-workspace/eliza-cloud-v2/tests/unit/message-router-service.test.ts:67:49)
,
}
(pass) MessageRouterService > Phone Number Normalization > handles uppercase email addresses [0.03ms]
[MessageRouter] Error routing message {
  error: 207 |  * Get the primary database URL (always required)
208 |  */
209 | function getPrimaryDatabaseUrl(): string {
210 |   const url = process.env.DATABASE_URL;
211 |   if (!url) {
212 |     throw new Error(
                    ^
error: DATABASE_URL environment variable is not set. Make sure you have a .env.local file with DATABASE_URL defined.
      at getPrimaryDatabaseUrl (/Users/shawwalters/eliza-workspace/eliza-cloud-v2/db/client.ts:212:15)
      at getWriteConnection (/Users/shawwalters/eliza-workspace/eliza-cloud-v2/db/client.ts:275:17)
      at get (/Users/shawwalters/eliza-workspace/eliza-cloud-v2/db/client.ts:372:40)
      at routeIncomingMessage (/Users/shawwalters/eliza-workspace/eliza-cloud-v2/lib/services/message-router/index.ts:111:34)
      at <anonymous> (/Users/shawwalters/eliza-workspace/eliza-cloud-v2/tests/unit/message-router-service.test.ts:80:49)
,
}
83 |         body: "Test message",
84 |         provider: "twilio",
85 |       });
86 | 
87 |       expect(result.success).toBe(false);
88 |       expect(result.error).toContain("No agent configured");
                                ^
error: expect(received).toContain(expected)

Expected to contain: "No agent configured"
Received: "DATABASE_URL environment variable is not set. Make sure you have a .env.local file with DATABASE_URL defined."

      at <anonymous> (/Users/shawwalters/eliza-workspace/eliza-cloud-v2/tests/unit/message-router-service.test.ts:88:28)
(fail) MessageRouterService > routeIncomingMessage > returns error when no phone mapping found [0.14ms]
[MessageRouter] Error routing message {
  error: 207 |  * Get the primary database URL (always required)
208 |  */
209 | function getPrimaryDatabaseUrl(): string {
210 |   const url = process.env.DATABASE_URL;
211 |   if (!url) {
212 |     throw new Error(
                    ^
error: DATABASE_URL environment variable is not set. Make sure you have a .env.local file with DATABASE_URL defined.
      at getPrimaryDatabaseUrl (/Users/shawwalters/eliza-workspace/eliza-cloud-v2/db/client.ts:212:15)
      at getWriteConnection (/Users/shawwalters/eliza-workspace/eliza-cloud-v2/db/client.ts:275:17)
      at get (/Users/shawwalters/eliza-workspace/eliza-cloud-v2/db/client.ts:372:40)
      at routeIncomingMessage (/Users/shawwalters/eliza-workspace/eliza-cloud-v2/lib/services/message-router/index.ts:111:34)
      at <anonymous> (/Users/shawwalters/eliza-workspace/eliza-cloud-v2/tests/unit/message-router-service.test.ts:92:49)
,
}
(pass) MessageRouterService > routeIncomingMessage > includes error message in result [0.06ms]
[MessageRouter] Error routing message {
  error: 207 |  * Get the primary database URL (always required)
208 |  */
209 | function getPrimaryDatabaseUrl(): string {
210 |   const url = process.env.DATABASE_URL;
211 |   if (!url) {
212 |     throw new Error(
                    ^
error: DATABASE_URL environment variable is not set. Make sure you have a .env.local file with DATABASE_URL defined.
      at getPrimaryDatabaseUrl (/Users/shawwalters/eliza-workspace/eliza-cloud-v2/db/client.ts:212:15)
      at getWriteConnection (/Users/shawwalters/eliza-workspace/eliza-cloud-v2/db/client.ts:275:17)
      at get (/Users/shawwalters/eliza-workspace/eliza-cloud-v2/db/client.ts:372:40)
      at routeIncomingMessage (/Users/shawwalters/eliza-workspace/eliza-cloud-v2/lib/services/message-router/index.ts:111:34)
      at <anonymous> (/Users/shawwalters/eliza-workspace/eliza-cloud-v2/tests/unit/message-router-service.test.ts:105:49)
,
}
(pass) MessageRouterService > routeIncomingMessage > handles message with media URLs [0.05ms]
[MessageRouter] Error routing message {
  error: 207 |  * Get the primary database URL (always required)
208 |  */
209 | function getPrimaryDatabaseUrl(): string {
210 |   const url = process.env.DATABASE_URL;
211 |   if (!url) {
212 |     throw new Error(
                    ^
error: DATABASE_URL environment variable is not set. Make sure you have a .env.local file with DATABASE_URL defined.
      at getPrimaryDatabaseUrl (/Users/shawwalters/eliza-workspace/eliza-cloud-v2/db/client.ts:212:15)
      at getWriteConnection (/Users/shawwalters/eliza-workspace/eliza-cloud-v2/db/client.ts:275:17)
      at get (/Users/shawwalters/eliza-workspace/eliza-cloud-v2/db/client.ts:372:40)
      at routeIncomingMessage (/Users/shawwalters/eliza-workspace/eliza-cloud-v2/lib/services/message-router/index.ts:111:34)
      at <anonymous> (/Users/shawwalters/eliza-workspace/eliza-cloud-v2/tests/unit/message-router-service.test.ts:117:49)
,
}
(pass) MessageRouterService > routeIncomingMessage > handles message with metadata
[MessageRouter] Error routing message {
  error: 207 |  * Get the primary database URL (always required)
208 |  */
209 | function getPrimaryDatabaseUrl(): string {
210 |   const url = process.env.DATABASE_URL;
211 |   if (!url) {
212 |     throw new Error(
                    ^
error: DATABASE_URL environment variable is not set. Make sure you have a .env.local file with DATABASE_URL defined.
      at getPrimaryDatabaseUrl (/Users/shawwalters/eliza-workspace/eliza-cloud-v2/db/client.ts:212:15)
      at getWriteConnection (/Users/shawwalters/eliza-workspace/eliza-cloud-v2/db/client.ts:275:17)
      at get (/Users/shawwalters/eliza-workspace/eliza-cloud-v2/db/client.ts:372:40)
      at routeIncomingMessage (/Users/shawwalters/eliza-workspace/eliza-cloud-v2/lib/services/message-router/index.ts:111:34)
      at <anonymous> (/Users/shawwalters/eliza-workspace/eliza-cloud-v2/tests/unit/message-router-service.test.ts:132:52)
,
}
[MessageRouter] Error routing message {
  error: 207 |  * Get the primary database URL (always required)
208 |  */
209 | function getPrimaryDatabaseUrl(): string {
210 |   const url = process.env.DATABASE_URL;
211 |   if (!url) {
212 |     throw new Error(
                    ^
error: DATABASE_URL environment variable is not set. Make sure you have a .env.local file with DATABASE_URL defined.
      at getPrimaryDatabaseUrl (/Users/shawwalters/eliza-workspace/eliza-cloud-v2/db/client.ts:212:15)
      at getWriteConnection (/Users/shawwalters/eliza-workspace/eliza-cloud-v2/db/client.ts:275:17)
      at get (/Users/shawwalters/eliza-workspace/eliza-cloud-v2/db/client.ts:372:40)
      at routeIncomingMessage (/Users/shawwalters/eliza-workspace/eliza-cloud-v2/lib/services/message-router/index.ts:111:34)
      at <anonymous> (/Users/shawwalters/eliza-workspace/eliza-cloud-v2/tests/unit/message-router-service.test.ts:140:52)
,
}
(pass) MessageRouterService > routeIncomingMessage > handles different message types
[MessageRouter] Error routing message {
  error: 207 |  * Get the primary database URL (always required)
208 |  */
209 | function getPrimaryDatabaseUrl(): string {
210 |   const url = process.env.DATABASE_URL;
211 |   if (!url) {
212 |     throw new Error(
                    ^
error: DATABASE_URL environment variable is not set. Make sure you have a .env.local file with DATABASE_URL defined.
      at getPrimaryDatabaseUrl (/Users/shawwalters/eliza-workspace/eliza-cloud-v2/db/client.ts:212:15)
      at getWriteConnection (/Users/shawwalters/eliza-workspace/eliza-cloud-v2/db/client.ts:275:17)
      at get (/Users/shawwalters/eliza-workspace/eliza-cloud-v2/db/client.ts:372:40)
      at routeIncomingMessage (/Users/shawwalters/eliza-workspace/eliza-cloud-v2/lib/services/message-router/index.ts:111:34)
      at <anonymous> (/Users/shawwalters/eliza-workspace/eliza-cloud-v2/tests/unit/message-router-service.test.ts:153:49)
,
}
(pass) MessageRouterService > routeIncomingMessage > handles iMessage type [0.18ms]
[MessageRouter] Unknown provider {
  provider: "unknown",
}
(pass) MessageRouterService > sendMessage > returns false for unknown provider
[MessageRouter] Twilio send error {
  error: 207 |  * Get the primary database URL (always required)
208 |  */
209 | function getPrimaryDatabaseUrl(): string {
210 |   const url = process.env.DATABASE_URL;
211 |   if (!url) {
212 |     throw new Error(
                    ^
error: DATABASE_URL environment variable is not set. Make sure you have a .env.local file with DATABASE_URL defined.
      at getPrimaryDatabaseUrl (/Users/shawwalters/eliza-workspace/eliza-cloud-v2/db/client.ts:212:15)
      at getWriteConnection (/Users/shawwalters/eliza-workspace/eliza-cloud-v2/db/client.ts:275:17)
      at get (/Users/shawwalters/eliza-workspace/eliza-cloud-v2/db/client.ts:340:40)
      at findByName (/Users/shawwalters/eliza-workspace/eliza-cloud-v2/db/repositories/secrets.ts:81:28)
      at get (/Users/shawwalters/eliza-workspace/eliza-cloud-v2/lib/services/secrets/secrets.ts:220:44)
      at sendViaTwilio (/Users/shawwalters/eliza-workspace/eliza-cloud-v2/lib/services/message-router/index.ts:369:47)
      at async sendMessage (/Users/shawwalters/eliza-workspace/eliza-cloud-v2/lib/services/message-router/index.ts:344:27)
      at async <anonymous> (/Users/shawwalters/eliza-workspace/eliza-cloud-v2/tests/unit/message-router-service.test.ts:180:49)
,
}
(pass) MessageRouterService > sendMessage > handles Twilio provider (fails without credentials) [1.01ms]
[MessageRouter] Blooio send error {
  error: 207 |  * Get the primary database URL (always required)
208 |  */
209 | function getPrimaryDatabaseUrl(): string {
210 |   const url = process.env.DATABASE_URL;
211 |   if (!url) {
212 |     throw new Error(
                    ^
error: DATABASE_URL environment variable is not set. Make sure you have a .env.local file with DATABASE_URL defined.
      at getPrimaryDatabaseUrl (/Users/shawwalters/eliza-workspace/eliza-cloud-v2/db/client.ts:212:15)
      at getWriteConnection (/Users/shawwalters/eliza-workspace/eliza-cloud-v2/db/client.ts:275:17)
      at get (/Users/shawwalters/eliza-workspace/eliza-cloud-v2/db/client.ts:340:40)
      at findByName (/Users/shawwalters/eliza-workspace/eliza-cloud-v2/db/repositories/secrets.ts:81:28)
      at get (/Users/shawwalters/eliza-workspace/eliza-cloud-v2/lib/services/secrets/secrets.ts:220:44)
      at sendViaBlooio (/Users/shawwalters/eliza-workspace/eliza-cloud-v2/lib/services/message-router/index.ts:424:43)
      at async sendMessage (/Users/shawwalters/eliza-workspace/eliza-cloud-v2/lib/services/message-router/index.ts:346:27)
      at async <anonymous> (/Users/shawwalters/eliza-workspace/eliza-cloud-v2/tests/unit/message-router-service.test.ts:193:49)
,
}
(pass) MessageRouterService > sendMessage > handles Blooio provider (fails without credentials) [0.19ms]
[MessageRouter] Twilio send error {
  error: 207 |  * Get the primary database URL (always required)
208 |  */
209 | function getPrimaryDatabaseUrl(): string {
210 |   const url = process.env.DATABASE_URL;
211 |   if (!url) {
212 |     throw new Error(
                    ^
error: DATABASE_URL environment variable is not set. Make sure you have a .env.local file with DATABASE_URL defined.
      at getPrimaryDatabaseUrl (/Users/shawwalters/eliza-workspace/eliza-cloud-v2/db/client.ts:212:15)
      at getWriteConnection (/Users/shawwalters/eliza-workspace/eliza-cloud-v2/db/client.ts:275:17)
      at get (/Users/shawwalters/eliza-workspace/eliza-cloud-v2/db/client.ts:340:40)
      at findByName (/Users/shawwalters/eliza-workspace/eliza-cloud-v2/db/repositories/secrets.ts:81:28)
      at get (/Users/shawwalters/eliza-workspace/eliza-cloud-v2/lib/services/secrets/secrets.ts:220:44)
      at sendViaTwilio (/Users/shawwalters/eliza-workspace/eliza-cloud-v2/lib/services/message-router/index.ts:369:47)
      at async sendMessage (/Users/shawwalters/eliza-workspace/eliza-cloud-v2/lib/services/message-router/index.ts:344:27)
      at async <anonymous> (/Users/shawwalters/eliza-workspace/eliza-cloud-v2/tests/unit/message-router-service.test.ts:206:49)
,
}
(pass) MessageRouterService > sendMessage > handles message with media URLs [0.09ms]
207 |  * Get the primary database URL (always required)
208 |  */
209 | function getPrimaryDatabaseUrl(): string {
210 |   const url = process.env.DATABASE_URL;
211 |   if (!url) {
212 |     throw new Error(
                    ^
error: DATABASE_URL environment variable is not set. Make sure you have a .env.local file with DATABASE_URL defined.
      at getPrimaryDatabaseUrl (/Users/shawwalters/eliza-workspace/eliza-cloud-v2/db/client.ts:212:15)
      at getWriteConnection (/Users/shawwalters/eliza-workspace/eliza-cloud-v2/db/client.ts:275:17)
      at get (/Users/shawwalters/eliza-workspace/eliza-cloud-v2/db/client.ts:372:40)
      at getPhoneNumbers (/Users/shawwalters/eliza-workspace/eliza-cloud-v2/lib/services/message-router/index.ts:587:12)
      at <anonymous> (/Users/shawwalters/eliza-workspace/eliza-cloud-v2/tests/unit/message-router-service.test.ts:221:55)
(fail) MessageRouterService > getPhoneNumbers > returns array for organization [0.09ms]
207 |  * Get the primary database URL (always required)
208 |  */
209 | function getPrimaryDatabaseUrl(): string {
210 |   const url = process.env.DATABASE_URL;
211 |   if (!url) {
212 |     throw new Error(
                    ^
error: DATABASE_URL environment variable is not set. Make sure you have a .env.local file with DATABASE_URL defined.
      at getPrimaryDatabaseUrl (/Users/shawwalters/eliza-workspace/eliza-cloud-v2/db/client.ts:212:15)
      at getWriteConnection (/Users/shawwalters/eliza-workspace/eliza-cloud-v2/db/client.ts:275:17)
      at get (/Users/shawwalters/eliza-workspace/eliza-cloud-v2/db/client.ts:372:40)
      at getPhoneNumbers (/Users/shawwalters/eliza-workspace/eliza-cloud-v2/lib/services/message-router/index.ts:587:12)
      at <anonymous> (/Users/shawwalters/eliza-workspace/eliza-cloud-v2/tests/unit/message-router-service.test.ts:226:55)
(fail) MessageRouterService > getPhoneNumbers > returns empty array for non-existent organization
207 |  * Get the primary database URL (always required)
208 |  */
209 | function getPrimaryDatabaseUrl(): string {
210 |   const url = process.env.DATABASE_URL;
211 |   if (!url) {
212 |     throw new Error(
                    ^
error: DATABASE_URL environment variable is not set. Make sure you have a .env.local file with DATABASE_URL defined.
      at getPrimaryDatabaseUrl (/Users/shawwalters/eliza-workspace/eliza-cloud-v2/db/client.ts:212:15)
      at getWriteConnection (/Users/shawwalters/eliza-workspace/eliza-cloud-v2/db/client.ts:275:17)
      at get (/Users/shawwalters/eliza-workspace/eliza-cloud-v2/db/client.ts:372:40)
      at getPhoneNumberById (/Users/shawwalters/eliza-workspace/eliza-cloud-v2/lib/services/message-router/index.ts:597:28)
      at <anonymous> (/Users/shawwalters/eliza-workspace/eliza-cloud-v2/tests/unit/message-router-service.test.ts:235:54)
(fail) MessageRouterService > getPhoneNumberById > returns null for non-existent phone number [0.13ms]
207 |  * Get the primary database URL (always required)
208 |  */
209 | function getPrimaryDatabaseUrl(): string {
210 |   const url = process.env.DATABASE_URL;
211 |   if (!url) {
212 |     throw new Error(
                    ^
error: DATABASE_URL environment variable is not set. Make sure you have a .env.local file with DATABASE_URL defined.
      at getPrimaryDatabaseUrl (/Users/shawwalters/eliza-workspace/eliza-cloud-v2/db/client.ts:212:15)
      at getWriteConnection (/Users/shawwalters/eliza-workspace/eliza-cloud-v2/db/client.ts:275:17)
      at get (/Users/shawwalters/eliza-workspace/eliza-cloud-v2/db/client.ts:372:40)
      at getPhoneNumberById (/Users/shawwalters/eliza-workspace/eliza-cloud-v2/lib/services/message-router/index.ts:597:28)
      at <anonymous> (/Users/shawwalters/eliza-workspace/eliza-cloud-v2/tests/unit/message-router-service.test.ts:242:54)
(fail) MessageRouterService > getPhoneNumberById > returns null for invalid UUID format [0.07ms]
248 | 
249 |   describe("deactivatePhoneNumber", () => {
250 |     it("does not throw for non-existent phone number", async () => {
251 |       await expect(
252 |         messageRouterService.deactivatePhoneNumber("non-existent-id")
253 |       ).resolves.not.toThrow();
                           ^
error: 

Expected promise that resolves
Received promise that rejected: Promise { <rejected> }

      at <anonymous> (/Users/shawwalters/eliza-workspace/eliza-cloud-v2/tests/unit/message-router-service.test.ts:253:22)
(fail) MessageRouterService > deactivatePhoneNumber > does not throw for non-existent phone number [0.08ms]
[MessageRouter] Error routing message {
  error: 207 |  * Get the primary database URL (always required)
208 |  */
209 | function getPrimaryDatabaseUrl(): string {
210 |   const url = process.env.DATABASE_URL;
211 |   if (!url) {
212 |     throw new Error(
                    ^
error: DATABASE_URL environment variable is not set. Make sure you have a .env.local file with DATABASE_URL defined.
      at getPrimaryDatabaseUrl (/Users/shawwalters/eliza-workspace/eliza-cloud-v2/db/client.ts:212:15)
      at getWriteConnection (/Users/shawwalters/eliza-workspace/eliza-cloud-v2/db/client.ts:275:17)
      at get (/Users/shawwalters/eliza-workspace/eliza-cloud-v2/db/client.ts:372:40)
      at routeIncomingMessage (/Users/shawwalters/eliza-workspace/eliza-cloud-v2/lib/services/message-router/index.ts:111:34)
      at <anonymous> (/Users/shawwalters/eliza-workspace/eliza-cloud-v2/tests/unit/message-router-service.test.ts:259:49)
,
}
(pass) MessageRouterService > Error Handling > handles empty message body [0.04ms]
[MessageRouter] Error routing message {
  error: 207 |  * Get the primary database URL (always required)
208 |  */
209 | function getPrimaryDatabaseUrl(): string {
210 |   const url = process.env.DATABASE_URL;
211 |   if (!url) {
212 |     throw new Error(
                    ^
error: DATABASE_URL environment variable is not set. Make sure you have a .env.local file with DATABASE_URL defined.
      at getPrimaryDatabaseUrl (/Users/shawwalters/eliza-workspace/eliza-cloud-v2/db/client.ts:212:15)
      at getWriteConnection (/Users/shawwalters/eliza-workspace/eliza-cloud-v2/db/client.ts:275:17)
      at get (/Users/shawwalters/eliza-workspace/eliza-cloud-v2/db/client.ts:372:40)
      at routeIncomingMessage (/Users/shawwalters/eliza-workspace/eliza-cloud-v2/lib/services/message-router/index.ts:111:34)
      at <anonymous> (/Users/shawwalters/eliza-workspace/eliza-cloud-v2/tests/unit/message-router-service.test.ts:270:49)
,
}
(pass) MessageRouterService > Error Handling > handles undefined optional fields [0.03ms]
[MessageRouter] Error routing message {
  error: 207 |  * Get the primary database URL (always required)
208 |  */
209 | function getPrimaryDatabaseUrl(): string {
210 |   const url = process.env.DATABASE_URL;
211 |   if (!url) {
212 |     throw new Error(
                    ^
error: DATABASE_URL environment variable is not set. Make sure you have a .env.local file with DATABASE_URL defined.
      at getPrimaryDatabaseUrl (/Users/shawwalters/eliza-workspace/eliza-cloud-v2/db/client.ts:212:15)
      at getWriteConnection (/Users/shawwalters/eliza-workspace/eliza-cloud-v2/db/client.ts:275:17)
      at get (/Users/shawwalters/eliza-workspace/eliza-cloud-v2/db/client.ts:372:40)
      at routeIncomingMessage (/Users/shawwalters/eliza-workspace/eliza-cloud-v2/lib/services/message-router/index.ts:111:34)
      at <anonymous> (/Users/shawwalters/eliza-workspace/eliza-cloud-v2/tests/unit/message-router-service.test.ts:284:49)
,
}
(pass) MessageRouterService > Error Handling > handles special characters in message body [0.05ms]
[MessageRouter] Error routing message {
  error: 207 |  * Get the primary database URL (always required)
208 |  */
209 | function getPrimaryDatabaseUrl(): string {
210 |   const url = process.env.DATABASE_URL;
211 |   if (!url) {
212 |     throw new Error(
                    ^
error: DATABASE_URL environment variable is not set. Make sure you have a .env.local file with DATABASE_URL defined.
      at getPrimaryDatabaseUrl (/Users/shawwalters/eliza-workspace/eliza-cloud-v2/db/client.ts:212:15)
      at getWriteConnection (/Users/shawwalters/eliza-workspace/eliza-cloud-v2/db/client.ts:275:17)
      at get (/Users/shawwalters/eliza-workspace/eliza-cloud-v2/db/client.ts:372:40)
      at routeIncomingMessage (/Users/shawwalters/eliza-workspace/eliza-cloud-v2/lib/services/message-router/index.ts:111:34)
      at <anonymous> (/Users/shawwalters/eliza-workspace/eliza-cloud-v2/tests/unit/message-router-service.test.ts:296:49)
,
}
(pass) MessageRouterService > Error Handling > handles very long message body [0.05ms]
(pass) MessageRouterService > registerPhoneNumber > has correct method signature
(pass) MessageRouterService > registerPhoneNumber > requires organizationId, agentId, phoneNumber, and provider
(pass) MessageRouterService > updateMessageLog > has correct method signature
(pass) MessageRouterService > markMessageFailed > has correct method signature
[MessageRouter] Error routing message {
  error: 207 |  * Get the primary database URL (always required)
208 |  */
209 | function getPrimaryDatabaseUrl(): string {
210 |   const url = process.env.DATABASE_URL;
211 |   if (!url) {
212 |     throw new Error(
                    ^
error: DATABASE_URL environment variable is not set. Make sure you have a .env.local file with DATABASE_URL defined.
      at getPrimaryDatabaseUrl (/Users/shawwalters/eliza-workspace/eliza-cloud-v2/db/client.ts:212:15)
      at getWriteConnection (/Users/shawwalters/eliza-workspace/eliza-cloud-v2/db/client.ts:275:17)
      at get (/Users/shawwalters/eliza-workspace/eliza-cloud-v2/db/client.ts:372:40)
      at routeIncomingMessage (/Users/shawwalters/eliza-workspace/eliza-cloud-v2/lib/services/message-router/index.ts:111:34)
      at <anonymous> (/Users/shawwalters/eliza-workspace/eliza-cloud-v2/tests/unit/message-router-service.test.ts:349:50)
,
}
[MessageRouter] Error routing message {
  error: 207 |  * Get the primary database URL (always required)
208 |  */
209 | function getPrimaryDatabaseUrl(): string {
210 |   const url = process.env.DATABASE_URL;
211 |   if (!url) {
212 |     throw new Error(
                    ^
error: DATABASE_URL environment variable is not set. Make sure you have a .env.local file with DATABASE_URL defined.
      at getPrimaryDatabaseUrl (/Users/shawwalters/eliza-workspace/eliza-cloud-v2/db/client.ts:212:15)
      at getWriteConnection (/Users/shawwalters/eliza-workspace/eliza-cloud-v2/db/client.ts:275:17)
      at get (/Users/shawwalters/eliza-workspace/eliza-cloud-v2/db/client.ts:372:40)
      at routeIncomingMessage (/Users/shawwalters/eliza-workspace/eliza-cloud-v2/lib/services/message-router/index.ts:111:34)
      at <anonymous> (/Users/shawwalters/eliza-workspace/eliza-cloud-v2/tests/unit/message-router-service.test.ts:356:50)
,
}
(pass) MessageRouterService ID Generation > Entity ID Generation > generates consistent IDs for same phone number [0.08ms]
[MessageRouter] Error routing message {
  error: 207 |  * Get the primary database URL (always required)
208 |  */
209 | function getPrimaryDatabaseUrl(): string {
210 |   const url = process.env.DATABASE_URL;
211 |   if (!url) {
212 |     throw new Error(
                    ^
error: DATABASE_URL environment variable is not set. Make sure you have a .env.local file with DATABASE_URL defined.
      at getPrimaryDatabaseUrl (/Users/shawwalters/eliza-workspace/eliza-cloud-v2/db/client.ts:212:15)
      at getWriteConnection (/Users/shawwalters/eliza-workspace/eliza-cloud-v2/db/client.ts:275:17)
      at get (/Users/shawwalters/eliza-workspace/eliza-cloud-v2/db/client.ts:372:40)
      at routeIncomingMessage (/Users/shawwalters/eliza-workspace/eliza-cloud-v2/lib/services/message-router/index.ts:111:34)
      at <anonymous> (/Users/shawwalters/eliza-workspace/eliza-cloud-v2/tests/unit/message-router-service.test.ts:372:50)
,
}
[MessageRouter] Error routing message {
  error: 207 |  * Get the primary database URL (always required)
208 |  */
209 | function getPrimaryDatabaseUrl(): string {
210 |   const url = process.env.DATABASE_URL;
211 |   if (!url) {
212 |     throw new Error(
                    ^
error: DATABASE_URL environment variable is not set. Make sure you have a .env.local file with DATABASE_URL defined.
      at getPrimaryDatabaseUrl (/Users/shawwalters/eliza-workspace/eliza-cloud-v2/db/client.ts:212:15)
      at getWriteConnection (/Users/shawwalters/eliza-workspace/eliza-cloud-v2/db/client.ts:275:17)
      at get (/Users/shawwalters/eliza-workspace/eliza-cloud-v2/db/client.ts:372:40)
      at routeIncomingMessage (/Users/shawwalters/eliza-workspace/eliza-cloud-v2/lib/services/message-router/index.ts:111:34)
      at <anonymous> (/Users/shawwalters/eliza-workspace/eliza-cloud-v2/tests/unit/message-router-service.test.ts:379:50)
,
}
(pass) MessageRouterService ID Generation > Room ID Generation > generates consistent IDs regardless of direction [0.08ms]
[MessageRouter] Error routing message {
  error: 207 |  * Get the primary database URL (always required)
208 |  */
209 | function getPrimaryDatabaseUrl(): string {
210 |   const url = process.env.DATABASE_URL;
211 |   if (!url) {
212 |     throw new Error(
                    ^
error: DATABASE_URL environment variable is not set. Make sure you have a .env.local file with DATABASE_URL defined.
      at getPrimaryDatabaseUrl (/Users/shawwalters/eliza-workspace/eliza-cloud-v2/db/client.ts:212:15)
      at getWriteConnection (/Users/shawwalters/eliza-workspace/eliza-cloud-v2/db/client.ts:275:17)
      at get (/Users/shawwalters/eliza-workspace/eliza-cloud-v2/db/client.ts:372:40)
      at routeIncomingMessage (/Users/shawwalters/eliza-workspace/eliza-cloud-v2/lib/services/message-router/index.ts:111:34)
      at map (1:11)
      at <anonymous> (/Users/shawwalters/eliza-workspace/eliza-cloud-v2/tests/unit/message-router-service.test.ts:399:8)
,
}
[MessageRouter] Error routing message {
  error: 207 |  * Get the primary database URL (always required)
208 |  */
209 | function getPrimaryDatabaseUrl(): string {
210 |   const url = process.env.DATABASE_URL;
211 |   if (!url) {
212 |     throw new Error(
                    ^
error: DATABASE_URL environment variable is not set. Make sure you have a .env.local file with DATABASE_URL defined.
      at getPrimaryDatabaseUrl (/Users/shawwalters/eliza-workspace/eliza-cloud-v2/db/client.ts:212:15)
      at getWriteConnection (/Users/shawwalters/eliza-workspace/eliza-cloud-v2/db/client.ts:275:17)
      at get (/Users/shawwalters/eliza-workspace/eliza-cloud-v2/db/client.ts:372:40)
      at routeIncomingMessage (/Users/shawwalters/eliza-workspace/eliza-cloud-v2/lib/services/message-router/index.ts:111:34)
      at map (1:11)
      at <anonymous> (/Users/shawwalters/eliza-workspace/eliza-cloud-v2/tests/unit/message-router-service.test.ts:399:8)
,
}
[MessageRouter] Error routing message {
  error: 207 |  * Get the primary database URL (always required)
208 |  */
209 | function getPrimaryDatabaseUrl(): string {
210 |   const url = process.env.DATABASE_URL;
211 |   if (!url) {
212 |     throw new Error(
                    ^
error: DATABASE_URL environment variable is not set. Make sure you have a .env.local file with DATABASE_URL defined.
      at getPrimaryDatabaseUrl (/Users/shawwalters/eliza-workspace/eliza-cloud-v2/db/client.ts:212:15)
      at getWriteConnection (/Users/shawwalters/eliza-workspace/eliza-cloud-v2/db/client.ts:275:17)
      at get (/Users/shawwalters/eliza-workspace/eliza-cloud-v2/db/client.ts:372:40)
      at routeIncomingMessage (/Users/shawwalters/eliza-workspace/eliza-cloud-v2/lib/services/message-router/index.ts:111:34)
      at map (1:11)
      at <anonymous> (/Users/shawwalters/eliza-workspace/eliza-cloud-v2/tests/unit/message-router-service.test.ts:399:8)
,
}
[MessageRouter] Error routing message {
  error: 207 |  * Get the primary database URL (always required)
208 |  */
209 | function getPrimaryDatabaseUrl(): string {
210 |   const url = process.env.DATABASE_URL;
211 |   if (!url) {
212 |     throw new Error(
                    ^
error: DATABASE_URL environment variable is not set. Make sure you have a .env.local file with DATABASE_URL defined.
      at getPrimaryDatabaseUrl (/Users/shawwalters/eliza-workspace/eliza-cloud-v2/db/client.ts:212:15)
      at getWriteConnection (/Users/shawwalters/eliza-workspace/eliza-cloud-v2/db/client.ts:275:17)
      at get (/Users/shawwalters/eliza-workspace/eliza-cloud-v2/db/client.ts:372:40)
      at routeIncomingMessage (/Users/shawwalters/eliza-workspace/eliza-cloud-v2/lib/services/message-router/index.ts:111:34)
      at map (1:11)
      at <anonymous> (/Users/shawwalters/eliza-workspace/eliza-cloud-v2/tests/unit/message-router-service.test.ts:399:8)
,
}
[MessageRouter] Error routing message {
  error: 207 |  * Get the primary database URL (always required)
208 |  */
209 | function getPrimaryDatabaseUrl(): string {
210 |   const url = process.env.DATABASE_URL;
211 |   if (!url) {
212 |     throw new Error(
                    ^
error: DATABASE_URL environment variable is not set. Make sure you have a .env.local file with DATABASE_URL defined.
      at getPrimaryDatabaseUrl (/Users/shawwalters/eliza-workspace/eliza-cloud-v2/db/client.ts:212:15)
      at getWriteConnection (/Users/shawwalters/eliza-workspace/eliza-cloud-v2/db/client.ts:275:17)
      at get (/Users/shawwalters/eliza-workspace/eliza-cloud-v2/db/client.ts:372:40)
      at routeIncomingMessage (/Users/shawwalters/eliza-workspace/eliza-cloud-v2/lib/services/message-router/index.ts:111:34)
      at map (1:11)
      at <anonymous> (/Users/shawwalters/eliza-workspace/eliza-cloud-v2/tests/unit/message-router-service.test.ts:399:8)
,
}
[MessageRouter] Error routing message {
  error: 207 |  * Get the primary database URL (always required)
208 |  */
209 | function getPrimaryDatabaseUrl(): string {
210 |   const url = process.env.DATABASE_URL;
211 |   if (!url) {
212 |     throw new Error(
                    ^
error: DATABASE_URL environment variable is not set. Make sure you have a .env.local file with DATABASE_URL defined.
      at getPrimaryDatabaseUrl (/Users/shawwalters/eliza-workspace/eliza-cloud-v2/db/client.ts:212:15)
      at getWriteConnection (/Users/shawwalters/eliza-workspace/eliza-cloud-v2/db/client.ts:275:17)
      at get (/Users/shawwalters/eliza-workspace/eliza-cloud-v2/db/client.ts:372:40)
      at routeIncomingMessage (/Users/shawwalters/eliza-workspace/eliza-cloud-v2/lib/services/message-router/index.ts:111:34)
      at map (1:11)
      at <anonymous> (/Users/shawwalters/eliza-workspace/eliza-cloud-v2/tests/unit/message-router-service.test.ts:399:8)
,
}
[MessageRouter] Error routing message {
  error: 207 |  * Get the primary database URL (always required)
208 |  */
209 | function getPrimaryDatabaseUrl(): string {
210 |   const url = process.env.DATABASE_URL;
211 |   if (!url) {
212 |     throw new Error(
                    ^
error: DATABASE_URL environment variable is not set. Make sure you have a .env.local file with DATABASE_URL defined.
      at getPrimaryDatabaseUrl (/Users/shawwalters/eliza-workspace/eliza-cloud-v2/db/client.ts:212:15)
      at getWriteConnection (/Users/shawwalters/eliza-workspace/eliza-cloud-v2/db/client.ts:275:17)
      at get (/Users/shawwalters/eliza-workspace/eliza-cloud-v2/db/client.ts:372:40)
      at routeIncomingMessage (/Users/shawwalters/eliza-workspace/eliza-cloud-v2/lib/services/message-router/index.ts:111:34)
      at map (1:11)
      at <anonymous> (/Users/shawwalters/eliza-workspace/eliza-cloud-v2/tests/unit/message-router-service.test.ts:399:8)
,
}
[MessageRouter] Error routing message {
  error: 207 |  * Get the primary database URL (always required)
208 |  */
209 | function getPrimaryDatabaseUrl(): string {
210 |   const url = process.env.DATABASE_URL;
211 |   if (!url) {
212 |     throw new Error(
                    ^
error: DATABASE_URL environment variable is not set. Make sure you have a .env.local file with DATABASE_URL defined.
      at getPrimaryDatabaseUrl (/Users/shawwalters/eliza-workspace/eliza-cloud-v2/db/client.ts:212:15)
      at getWriteConnection (/Users/shawwalters/eliza-workspace/eliza-cloud-v2/db/client.ts:275:17)
      at get (/Users/shawwalters/eliza-workspace/eliza-cloud-v2/db/client.ts:372:40)
      at routeIncomingMessage (/Users/shawwalters/eliza-workspace/eliza-cloud-v2/lib/services/message-router/index.ts:111:34)
      at map (1:11)
      at <anonymous> (/Users/shawwalters/eliza-workspace/eliza-cloud-v2/tests/unit/message-router-service.test.ts:399:8)
,
}
[MessageRouter] Error routing message {
  error: 207 |  * Get the primary database URL (always required)
208 |  */
209 | function getPrimaryDatabaseUrl(): string {
210 |   const url = process.env.DATABASE_URL;
211 |   if (!url) {
212 |     throw new Error(
                    ^
error: DATABASE_URL environment variable is not set. Make sure you have a .env.local file with DATABASE_URL defined.
      at getPrimaryDatabaseUrl (/Users/shawwalters/eliza-workspace/eliza-cloud-v2/db/client.ts:212:15)
      at getWriteConnection (/Users/shawwalters/eliza-workspace/eliza-cloud-v2/db/client.ts:275:17)
      at get (/Users/shawwalters/eliza-workspace/eliza-cloud-v2/db/client.ts:372:40)
      at routeIncomingMessage (/Users/shawwalters/eliza-workspace/eliza-cloud-v2/lib/services/message-router/index.ts:111:34)
      at map (1:11)
      at <anonymous> (/Users/shawwalters/eliza-workspace/eliza-cloud-v2/tests/unit/message-router-service.test.ts:399:8)
,
}
[MessageRouter] Error routing message {
  error: 207 |  * Get the primary database URL (always required)
208 |  */
209 | function getPrimaryDatabaseUrl(): string {
210 |   const url = process.env.DATABASE_URL;
211 |   if (!url) {
212 |     throw new Error(
                    ^
error: DATABASE_URL environment variable is not set. Make sure you have a .env.local file with DATABASE_URL defined.
      at getPrimaryDatabaseUrl (/Users/shawwalters/eliza-workspace/eliza-cloud-v2/db/client.ts:212:15)
      at getWriteConnection (/Users/shawwalters/eliza-workspace/eliza-cloud-v2/db/client.ts:275:17)
      at get (/Users/shawwalters/eliza-workspace/eliza-cloud-v2/db/client.ts:372:40)
      at routeIncomingMessage (/Users/shawwalters/eliza-workspace/eliza-cloud-v2/lib/services/message-router/index.ts:111:34)
      at map (1:11)
      at <anonymous> (/Users/shawwalters/eliza-workspace/eliza-cloud-v2/tests/unit/message-router-service.test.ts:399:8)
,
}
(pass) MessageRouterService Concurrent Operations > handles concurrent message routing [0.29ms]
[MessageRouter] Twilio send error {
  error: 207 |  * Get the primary database URL (always required)
208 |  */
209 | function getPrimaryDatabaseUrl(): string {
210 |   const url = process.env.DATABASE_URL;
211 |   if (!url) {
212 |     throw new Error(
                    ^
error: DATABASE_URL environment variable is not set. Make sure you have a .env.local file with DATABASE_URL defined.
      at getPrimaryDatabaseUrl (/Users/shawwalters/eliza-workspace/eliza-cloud-v2/db/client.ts:212:15)
      at getWriteConnection (/Users/shawwalters/eliza-workspace/eliza-cloud-v2/db/client.ts:275:17)
      at get (/Users/shawwalters/eliza-workspace/eliza-cloud-v2/db/client.ts:340:40)
      at findByName (/Users/shawwalters/eliza-workspace/eliza-cloud-v2/db/repositories/secrets.ts:81:28)
      at get (/Users/shawwalters/eliza-workspace/eliza-cloud-v2/lib/services/secrets/secrets.ts:220:44)
      at sendViaTwilio (/Users/shawwalters/eliza-workspace/eliza-cloud-v2/lib/services/message-router/index.ts:369:47)
      at async sendMessage (/Users/shawwalters/eliza-workspace/eliza-cloud-v2/lib/services/message-router/index.ts:344:27)
      at async <anonymous> (/Users/shawwalters/eliza-workspace/eliza-cloud-v2/tests/unit/message-router-service.test.ts:429:35)
,
}
[MessageRouter] Twilio send error {
  error: 207 |  * Get the primary database URL (always required)
208 |  */
209 | function getPrimaryDatabaseUrl(): string {
210 |   const url = process.env.DATABASE_URL;
211 |   if (!url) {
212 |     throw new Error(
                    ^
error: DATABASE_URL environment variable is not set. Make sure you have a .env.local file with DATABASE_URL defined.
      at getPrimaryDatabaseUrl (/Users/shawwalters/eliza-workspace/eliza-cloud-v2/db/client.ts:212:15)
      at getWriteConnection (/Users/shawwalters/eliza-workspace/eliza-cloud-v2/db/client.ts:275:17)
      at get (/Users/shawwalters/eliza-workspace/eliza-cloud-v2/db/client.ts:340:40)
      at findByName (/Users/shawwalters/eliza-workspace/eliza-cloud-v2/db/repositories/secrets.ts:81:28)
      at get (/Users/shawwalters/eliza-workspace/eliza-cloud-v2/lib/services/secrets/secrets.ts:220:44)
      at sendViaTwilio (/Users/shawwalters/eliza-workspace/eliza-cloud-v2/lib/services/message-router/index.ts:369:47)
      at async sendMessage (/Users/shawwalters/eliza-workspace/eliza-cloud-v2/lib/services/message-router/index.ts:344:27)
      at async <anonymous> (/Users/shawwalters/eliza-workspace/eliza-cloud-v2/tests/unit/message-router-service.test.ts:429:35)
,
}
[MessageRouter] Twilio send error {
  error: 207 |  * Get the primary database URL (always required)
208 |  */
209 | function getPrimaryDatabaseUrl(): string {
210 |   const url = process.env.DATABASE_URL;
211 |   if (!url) {
212 |     throw new Error(
                    ^
error: DATABASE_URL environment variable is not set. Make sure you have a .env.local file with DATABASE_URL defined.
      at getPrimaryDatabaseUrl (/Users/shawwalters/eliza-workspace/eliza-cloud-v2/db/client.ts:212:15)
      at getWriteConnection (/Users/shawwalters/eliza-workspace/eliza-cloud-v2/db/client.ts:275:17)
      at get (/Users/shawwalters/eliza-workspace/eliza-cloud-v2/db/client.ts:340:40)
      at findByName (/Users/shawwalters/eliza-workspace/eliza-cloud-v2/db/repositories/secrets.ts:81:28)
      at get (/Users/shawwalters/eliza-workspace/eliza-cloud-v2/lib/services/secrets/secrets.ts:220:44)
      at sendViaTwilio (/Users/shawwalters/eliza-workspace/eliza-cloud-v2/lib/services/message-router/index.ts:369:47)
      at async sendMessage (/Users/shawwalters/eliza-workspace/eliza-cloud-v2/lib/services/message-router/index.ts:344:27)
      at async <anonymous> (/Users/shawwalters/eliza-workspace/eliza-cloud-v2/tests/unit/message-router-service.test.ts:429:35)
,
}
[MessageRouter] Twilio send error {
  error: 207 |  * Get the primary database URL (always required)
208 |  */
209 | function getPrimaryDatabaseUrl(): string {
210 |   const url = process.env.DATABASE_URL;
211 |   if (!url) {
212 |     throw new Error(
                    ^
error: DATABASE_URL environment variable is not set. Make sure you have a .env.local file with DATABASE_URL defined.
      at getPrimaryDatabaseUrl (/Users/shawwalters/eliza-workspace/eliza-cloud-v2/db/client.ts:212:15)
      at getWriteConnection (/Users/shawwalters/eliza-workspace/eliza-cloud-v2/db/client.ts:275:17)
      at get (/Users/shawwalters/eliza-workspace/eliza-cloud-v2/db/client.ts:340:40)
      at findByName (/Users/shawwalters/eliza-workspace/eliza-cloud-v2/db/repositories/secrets.ts:81:28)
      at get (/Users/shawwalters/eliza-workspace/eliza-cloud-v2/lib/services/secrets/secrets.ts:220:44)
      at sendViaTwilio (/Users/shawwalters/eliza-workspace/eliza-cloud-v2/lib/services/message-router/index.ts:369:47)
      at async sendMessage (/Users/shawwalters/eliza-workspace/eliza-cloud-v2/lib/services/message-router/index.ts:344:27)
      at async <anonymous> (/Users/shawwalters/eliza-workspace/eliza-cloud-v2/tests/unit/message-router-service.test.ts:429:35)
,
}
[MessageRouter] Twilio send error {
  error: 207 |  * Get the primary database URL (always required)
208 |  */
209 | function getPrimaryDatabaseUrl(): string {
210 |   const url = process.env.DATABASE_URL;
211 |   if (!url) {
212 |     throw new Error(
                    ^
error: DATABASE_URL environment variable is not set. Make sure you have a .env.local file with DATABASE_URL defined.
      at getPrimaryDatabaseUrl (/Users/shawwalters/eliza-workspace/eliza-cloud-v2/db/client.ts:212:15)
      at getWriteConnection (/Users/shawwalters/eliza-workspace/eliza-cloud-v2/db/client.ts:275:17)
      at get (/Users/shawwalters/eliza-workspace/eliza-cloud-v2/db/client.ts:340:40)
      at findByName (/Users/shawwalters/eliza-workspace/eliza-cloud-v2/db/repositories/secrets.ts:81:28)
      at get (/Users/shawwalters/eliza-workspace/eliza-cloud-v2/lib/services/secrets/secrets.ts:220:44)
      at sendViaTwilio (/Users/shawwalters/eliza-workspace/eliza-cloud-v2/lib/services/message-router/index.ts:369:47)
      at async sendMessage (/Users/shawwalters/eliza-workspace/eliza-cloud-v2/lib/services/message-router/index.ts:344:27)
      at async <anonymous> (/Users/shawwalters/eliza-workspace/eliza-cloud-v2/tests/unit/message-router-service.test.ts:429:35)
,
}
(pass) MessageRouterService Concurrent Operations > handles concurrent message sending [0.25ms]
207 |  * Get the primary database URL (always required)
208 |  */
209 | function getPrimaryDatabaseUrl(): string {
210 |   const url = process.env.DATABASE_URL;
211 |   if (!url) {
212 |     throw new Error(
                    ^
error: DATABASE_URL environment variable is not set. Make sure you have a .env.local file with DATABASE_URL defined.
      at getPrimaryDatabaseUrl (/Users/shawwalters/eliza-workspace/eliza-cloud-v2/db/client.ts:212:15)
      at getWriteConnection (/Users/shawwalters/eliza-workspace/eliza-cloud-v2/db/client.ts:275:17)
      at get (/Users/shawwalters/eliza-workspace/eliza-cloud-v2/db/client.ts:372:40)
      at getPhoneNumbers (/Users/shawwalters/eliza-workspace/eliza-cloud-v2/lib/services/message-router/index.ts:587:12)
      at map (1:11)
      at <anonymous> (/Users/shawwalters/eliza-workspace/eliza-cloud-v2/tests/unit/message-router-service.test.ts:440:8)
(fail) MessageRouterService Concurrent Operations > handles concurrent phone number lookups [0.04ms]
[MessageRouter] Error routing message {
  error: 207 |  * Get the primary database URL (always required)
208 |  */
209 | function getPrimaryDatabaseUrl(): string {
210 |   const url = process.env.DATABASE_URL;
211 |   if (!url) {
212 |     throw new Error(
                    ^
error: DATABASE_URL environment variable is not set. Make sure you have a .env.local file with DATABASE_URL defined.
      at getPrimaryDatabaseUrl (/Users/shawwalters/eliza-workspace/eliza-cloud-v2/db/client.ts:212:15)
      at getWriteConnection (/Users/shawwalters/eliza-workspace/eliza-cloud-v2/db/client.ts:275:17)
      at get (/Users/shawwalters/eliza-workspace/eliza-cloud-v2/db/client.ts:372:40)
      at routeIncomingMessage (/Users/shawwalters/eliza-workspace/eliza-cloud-v2/lib/services/message-router/index.ts:111:34)
      at <anonymous> (/Users/shawwalters/eliza-workspace/eliza-cloud-v2/tests/unit/message-router-service.test.ts:453:47)
,
}
(pass) MessageRouterService Provider Handling > correctly identifies Twilio messages
[MessageRouter] Error routing message {
  error: 207 |  * Get the primary database URL (always required)
208 |  */
209 | function getPrimaryDatabaseUrl(): string {
210 |   const url = process.env.DATABASE_URL;
211 |   if (!url) {
212 |     throw new Error(
                    ^
error: DATABASE_URL environment variable is not set. Make sure you have a .env.local file with DATABASE_URL defined.
      at getPrimaryDatabaseUrl (/Users/shawwalters/eliza-workspace/eliza-cloud-v2/db/client.ts:212:15)
      at getWriteConnection (/Users/shawwalters/eliza-workspace/eliza-cloud-v2/db/client.ts:275:17)
      at get (/Users/shawwalters/eliza-workspace/eliza-cloud-v2/db/client.ts:372:40)
      at routeIncomingMessage (/Users/shawwalters/eliza-workspace/eliza-cloud-v2/lib/services/message-router/index.ts:111:34)
      at <anonymous> (/Users/shawwalters/eliza-workspace/eliza-cloud-v2/tests/unit/message-router-service.test.ts:465:47)
,
}
(pass) MessageRouterService Provider Handling > correctly identifies Blooio messages [0.09ms]
[MessageRouter] Error routing message {
  error: 207 |  * Get the primary database URL (always required)
208 |  */
209 | function getPrimaryDatabaseUrl(): string {
210 |   const url = process.env.DATABASE_URL;
211 |   if (!url) {
212 |     throw new Error(
                    ^
error: DATABASE_URL environment variable is not set. Make sure you have a .env.local file with DATABASE_URL defined.
      at getPrimaryDatabaseUrl (/Users/shawwalters/eliza-workspace/eliza-cloud-v2/db/client.ts:212:15)
      at getWriteConnection (/Users/shawwalters/eliza-workspace/eliza-cloud-v2/db/client.ts:275:17)
      at get (/Users/shawwalters/eliza-workspace/eliza-cloud-v2/db/client.ts:372:40)
      at routeIncomingMessage (/Users/shawwalters/eliza-workspace/eliza-cloud-v2/lib/services/message-router/index.ts:111:34)
      at <anonymous> (/Users/shawwalters/eliza-workspace/eliza-cloud-v2/tests/unit/message-router-service.test.ts:477:47)
,
}
(pass) MessageRouterService Provider Handling > handles provider message ID [0.07ms]

tests/unit/jsonb-param.test.ts:
(pass) jsonbParam > produces a jsonb cast and binds JSON as a string parameter [0.06ms]

tests/unit/idempotency.test.ts:
[Idempotency] Error checking key {
  key: "test-1772590508192:new-key-1772590508192",
  error: "DATABASE_URL environment variable is not set. Make sure you have a .env.local file with DATABASE_URL defined.",
}
(pass) Idempotency Utility > isAlreadyProcessed > returns false for new keys [0.28ms]
[Idempotency] Error marking key {
  key: "test-1772590508192:processed-key-1772590508192",
  source: "test",
  error: "DATABASE_URL environment variable is not set. Make sure you have a .env.local file with DATABASE_URL defined.",
}
[Idempotency] Error checking key {
  key: "test-1772590508192:processed-key-1772590508192",
  error: "DATABASE_URL environment variable is not set. Make sure you have a .env.local file with DATABASE_URL defined.",
}
43 |       // Mark as processed
44 |       await markAsProcessed(key, "test");
45 | 
46 |       // Check if already processed
47 |       const result = await isAlreadyProcessed(key);
48 |       expect(result).toBe(true);
                          ^
error: expect(received).toBe(expected)

Expected: true
Received: false

      at <anonymous> (/Users/shawwalters/eliza-workspace/eliza-cloud-v2/tests/unit/idempotency.test.ts:48:22)
(fail) Idempotency Utility > isAlreadyProcessed > returns true for processed keys [0.19ms]
[Idempotency] Error checking key {
  key: "",
  error: "DATABASE_URL environment variable is not set. Make sure you have a .env.local file with DATABASE_URL defined.",
}
(pass) Idempotency Utility > isAlreadyProcessed > handles empty key gracefully [0.03ms]
[Idempotency] Error checking key {
  key: "test-1772590508192:special-!@#$%^&*()-1772590508192",
  error: "DATABASE_URL environment variable is not set. Make sure you have a .env.local file with DATABASE_URL defined.",
}
[Idempotency] Error marking key {
  key: "test-1772590508192:special-!@#$%^&*()-1772590508192",
  source: "test",
  error: "DATABASE_URL environment variable is not set. Make sure you have a .env.local file with DATABASE_URL defined.",
}
[Idempotency] Error checking key {
  key: "test-1772590508192:special-!@#$%^&*()-1772590508192",
  error: "DATABASE_URL environment variable is not set. Make sure you have a .env.local file with DATABASE_URL defined.",
}
56 |     it("handles special characters in keys", async () => {
57 |       const key = `${testPrefix}:special-!@#$%^&*()-${Date.now()}`;
58 |       expect(await isAlreadyProcessed(key)).toBe(false);
59 | 
60 |       await markAsProcessed(key, "test");
61 |       expect(await isAlreadyProcessed(key)).toBe(true);
                                                 ^
error: expect(received).toBe(expected)

Expected: true
Received: false

      at <anonymous> (/Users/shawwalters/eliza-workspace/eliza-cloud-v2/tests/unit/idempotency.test.ts:61:45)
(fail) Idempotency Utility > isAlreadyProcessed > handles special characters in keys [0.06ms]
[Idempotency] Error checking key {
  key: "test-1772590508192:mark-test-1772590508192",
  error: "DATABASE_URL environment variable is not set. Make sure you have a .env.local file with DATABASE_URL defined.",
}
[Idempotency] Error marking key {
  key: "test-1772590508192:mark-test-1772590508192",
  source: "blooio",
  error: "DATABASE_URL environment variable is not set. Make sure you have a .env.local file with DATABASE_URL defined.",
}
[Idempotency] Error checking key {
  key: "test-1772590508192:mark-test-1772590508192",
  error: "DATABASE_URL environment variable is not set. Make sure you have a .env.local file with DATABASE_URL defined.",
}
71 | 
72 |       // Mark as processed
73 |       await markAsProcessed(key, "blooio");
74 | 
75 |       // Now should be processed
76 |       expect(await isAlreadyProcessed(key)).toBe(true);
                                                 ^
error: expect(received).toBe(expected)

Expected: true
Received: false

      at <anonymous> (/Users/shawwalters/eliza-workspace/eliza-cloud-v2/tests/unit/idempotency.test.ts:76:45)
(fail) Idempotency Utility > markAsProcessed > marks a key as processed [0.05ms]
[Idempotency] Error marking key {
  key: "test-1772590508192:source-test-1772590508193",
  source: "twilio",
  error: "DATABASE_URL environment variable is not set. Make sure you have a .env.local file with DATABASE_URL defined.",
}
78 | 
79 |     it("accepts source parameter", async () => {
80 |       const key = `${testPrefix}:source-test-${Date.now()}`;
81 | 
82 |       // This should not throw
83 |       await expect(markAsProcessed(key, "twilio")).resolves.not.toThrow();
                                                                     ^
error: expect(received).not.toThrow()

Thrown value: undefined

      at <anonymous> (/Users/shawwalters/eliza-workspace/eliza-cloud-v2/tests/unit/idempotency.test.ts:83:65)
(fail) Idempotency Utility > markAsProcessed > accepts source parameter [0.09ms]
[Idempotency] Error marking key {
  key: "test-1772590508192:default-source-1772590508193",
  source: "unknown",
  error: "DATABASE_URL environment variable is not set. Make sure you have a .env.local file with DATABASE_URL defined.",
}
85 | 
86 |     it("uses default source when not provided", async () => {
87 |       const key = `${testPrefix}:default-source-${Date.now()}`;
88 | 
89 |       // Should not throw
90 |       await expect(markAsProcessed(key)).resolves.not.toThrow();
                                                           ^
error: expect(received).not.toThrow()

Thrown value: undefined

      at <anonymous> (/Users/shawwalters/eliza-workspace/eliza-cloud-v2/tests/unit/idempotency.test.ts:90:55)
(fail) Idempotency Utility > markAsProcessed > uses default source when not provided [0.05ms]
[Idempotency] Error marking key {
  key: "test-1772590508192:duplicate-1772590508193",
  source: "test",
  error: "DATABASE_URL environment variable is not set. Make sure you have a .env.local file with DATABASE_URL defined.",
}
[Idempotency] Error marking key {
  key: "test-1772590508192:duplicate-1772590508193",
  source: "test",
  error: "DATABASE_URL environment variable is not set. Make sure you have a .env.local file with DATABASE_URL defined.",
}
93 |     it("handles duplicate marking gracefully", async () => {
94 |       const key = `${testPrefix}:duplicate-${Date.now()}`;
95 | 
96 |       // Mark twice - should not throw
97 |       await markAsProcessed(key, "test");
98 |       await expect(markAsProcessed(key, "test")).resolves.not.toThrow();
                                                                   ^
error: expect(received).not.toThrow()

Thrown value: undefined

      at <anonymous> (/Users/shawwalters/eliza-workspace/eliza-cloud-v2/tests/unit/idempotency.test.ts:98:63)
(fail) Idempotency Utility > markAsProcessed > handles duplicate marking gracefully [0.05ms]
[Idempotency] Error getting count {
  error: "DATABASE_URL environment variable is not set. Make sure you have a .env.local file with DATABASE_URL defined.",
}
(pass) Idempotency Utility > getProcessedMessagesCount > returns a number [0.09ms]
[Idempotency] Error getting count {
  error: "DATABASE_URL environment variable is not set. Make sure you have a .env.local file with DATABASE_URL defined.",
}
[Idempotency] Error marking key {
  key: "test-1772590508192:count-test-1772590508193",
  source: "test",
  error: "DATABASE_URL environment variable is not set. Make sure you have a .env.local file with DATABASE_URL defined.",
}
[Idempotency] Error getting count {
  error: "DATABASE_URL environment variable is not set. Make sure you have a .env.local file with DATABASE_URL defined.",
}
(pass) Idempotency Utility > getProcessedMessagesCount > increases after marking a key [0.04ms]
[Idempotency] Error cleaning up {
  error: "DATABASE_URL environment variable is not set. Make sure you have a .env.local file with DATABASE_URL defined.",
}
(pass) Idempotency Utility > cleanupExpiredKeys > returns number of deleted keys [0.09ms]
[Idempotency] Error marking key {
  key: "test-1772590508192:recent-1772590508193",
  source: "test",
  error: "DATABASE_URL environment variable is not set. Make sure you have a .env.local file with DATABASE_URL defined.",
}
[Idempotency] Error cleaning up {
  error: "DATABASE_URL environment variable is not set. Make sure you have a .env.local file with DATABASE_URL defined.",
}
[Idempotency] Error checking key {
  key: "test-1772590508192:recent-1772590508193",
  error: "DATABASE_URL environment variable is not set. Make sure you have a .env.local file with DATABASE_URL defined.",
}
133 | 
134 |       // Run cleanup
135 |       await cleanupExpiredKeys();
136 | 
137 |       // Key should still exist
138 |       expect(await isAlreadyProcessed(key)).toBe(true);
                                                  ^
error: expect(received).toBe(expected)

Expected: true
Received: false

      at <anonymous> (/Users/shawwalters/eliza-workspace/eliza-cloud-v2/tests/unit/idempotency.test.ts:138:45)
(fail) Idempotency Utility > cleanupExpiredKeys > does not delete recent keys [0.04ms]
[Idempotency] Error clearing keys {
  error: "DATABASE_URL environment variable is not set. Make sure you have a .env.local file with DATABASE_URL defined.",
}
139 |     });
140 |   });
141 | 
142 |   describe("clearProcessedMessages", () => {
143 |     it("clears all messages without error", async () => {
144 |       await expect(clearProcessedMessages()).resolves.not.toThrow();
                                                                ^
error: expect(received).not.toThrow()

Thrown value: undefined

      at <anonymous> (/Users/shawwalters/eliza-workspace/eliza-cloud-v2/tests/unit/idempotency.test.ts:144:59)
(fail) Idempotency Utility > clearProcessedMessages > clears all messages without error [0.10ms]
[Idempotency] Error clearing keys {
  error: "DATABASE_URL environment variable is not set. Make sure you have a .env.local file with DATABASE_URL defined.",
}
[Idempotency] Error checking key {
  key: "security-1772590508192:replay-1772590508193",
  error: "DATABASE_URL environment variable is not set. Make sure you have a .env.local file with DATABASE_URL defined.",
}
[Idempotency] Error marking key {
  key: "security-1772590508192:replay-1772590508193",
  source: "webhook",
  error: "DATABASE_URL environment variable is not set. Make sure you have a .env.local file with DATABASE_URL defined.",
}
[Idempotency] Error checking key {
  key: "security-1772590508192:replay-1772590508193",
  error: "DATABASE_URL environment variable is not set. Make sure you have a .env.local file with DATABASE_URL defined.",
}
160 |       // Mark as processed
161 |       await markAsProcessed(messageId, "webhook");
162 | 
163 |       // Second time - should be detected
164 |       const secondCheck = await isAlreadyProcessed(messageId);
165 |       expect(secondCheck).toBe(true);
                                ^
error: expect(received).toBe(expected)

Expected: true
Received: false

      at <anonymous> (/Users/shawwalters/eliza-workspace/eliza-cloud-v2/tests/unit/idempotency.test.ts:165:27)
(fail) Idempotency Security Tests > Replay Attack Prevention > prevents duplicate processing of same message
[Idempotency] Error marking key {
  key: "security-1772590508192:blooio:same-id-123",
  source: "blooio",
  error: "DATABASE_URL environment variable is not set. Make sure you have a .env.local file with DATABASE_URL defined.",
}
[Idempotency] Error checking key {
  key: "security-1772590508192:twilio:same-id-123",
  error: "DATABASE_URL environment variable is not set. Make sure you have a .env.local file with DATABASE_URL defined.",
}
(pass) Idempotency Security Tests > Replay Attack Prevention > uses unique keys for different message sources
[Idempotency] Error checking key {
  key: "security-1772590508192:xxxxxxxxxxxxxxxxxxxxxxxxxxxxxxxxxxxxxxxxxxxxxxxxxxxxxxxxxxxxxxxxxxxxxxxxxxxxxxxxxxxxxxxxxxxxxxxxxxxxxxxxxxxxxxxxxxxxxxxxxxxxxxxxxxxxxxxxxxxxxxxxxxxxxxxxxxxxxxxxxxxxxxxxxxxxxxxxxxxxxxxxxxxxxxxxxxxxxxxxxxxxxxxxxxxxxxxxxxxxxxxxxxxxxxxxxxxxxxxxxxxxxxxxxxxxxxxxxxxxxxxxxxxxxxxxxxxxxxxxxxxxxxxxxxxxxxxxxxxxxxxxxxxxxxxxxxxxxxxxxxxxxxxxxxxxxxxxxxxxxxxxxxxxxxxxxxxxxxxxxxxxxxxxxxxxxxxxxxxxxxxxxxxxxxxxxxxxxxxxxxxxxxxxxxxxxxxxxxxxxxxxxxxxxxxxxxxxxxxxxxxxxxxxxxxxxxxxxxxxxxxxxxxxxxxxxxxxxxxxxxxxxxxxxxxxxxxxxxxx",
  error: "DATABASE_URL environment variable is not set. Make sure you have a .env.local file with DATABASE_URL defined.",
}
[Idempotency] Error marking key {
  key: "security-1772590508192:xxxxxxxxxxxxxxxxxxxxxxxxxxxxxxxxxxxxxxxxxxxxxxxxxxxxxxxxxxxxxxxxxxxxxxxxxxxxxxxxxxxxxxxxxxxxxxxxxxxxxxxxxxxxxxxxxxxxxxxxxxxxxxxxxxxxxxxxxxxxxxxxxxxxxxxxxxxxxxxxxxxxxxxxxxxxxxxxxxxxxxxxxxxxxxxxxxxxxxxxxxxxxxxxxxxxxxxxxxxxxxxxxxxxxxxxxxxxxxxxxxxxxxxxxxxxxxxxxxxxxxxxxxxxxxxxxxxxxxxxxxxxxxxxxxxxxxxxxxxxxxxxxxxxxxxxxxxxxxxxxxxxxxxxxxxxxxxxxxxxxxxxxxxxxxxxxxxxxxxxxxxxxxxxxxxxxxxxxxxxxxxxxxxxxxxxxxxxxxxxxxxxxxxxxxxxxxxxxxxxxxxxxxxxxxxxxxxxxxxxxxxxxxxxxxxxxxxxxxxxxxxxxxxxxxxxxxxxxxxxxxxxxxxxxxxxxxxxxxxx",
  source: "test",
  error: "DATABASE_URL environment variable is not set. Make sure you have a .env.local file with DATABASE_URL defined.",
}
180 | 
181 |   describe("Key Format Validation", () => {
182 |     it("handles very long keys", async () => {
183 |       const longKey = `${securityPrefix}:${"x".repeat(500)}`;
184 |       expect(await isAlreadyProcessed(longKey)).toBe(false);
185 |       await expect(markAsProcessed(longKey, "test")).resolves.not.toThrow();
                                                                        ^
error: expect(received).not.toThrow()

Thrown value: undefined

      at <anonymous> (/Users/shawwalters/eliza-workspace/eliza-cloud-v2/tests/unit/idempotency.test.ts:185:67)
(fail) Idempotency Security Tests > Key Format Validation > handles very long keys [0.13ms]
[Idempotency] Error checking key {
  key: "security-1772590508192:webhook:msg_123:abc=def&foo=bar",
  error: "DATABASE_URL environment variable is not set. Make sure you have a .env.local file with DATABASE_URL defined.",
}
[Idempotency] Error marking key {
  key: "security-1772590508192:webhook:msg_123:abc=def&foo=bar",
  source: "test",
  error: "DATABASE_URL environment variable is not set. Make sure you have a .env.local file with DATABASE_URL defined.",
}
[Idempotency] Error checking key {
  key: "security-1772590508192:webhook:msg_123:abc=def&foo=bar",
  error: "DATABASE_URL environment variable is not set. Make sure you have a .env.local file with DATABASE_URL defined.",
}
187 | 
188 |     it("handles keys with special webhook-related characters", async () => {
189 |       const key = `${securityPrefix}:webhook:msg_123:abc=def&foo=bar`;
190 |       expect(await isAlreadyProcessed(key)).toBe(false);
191 |       await markAsProcessed(key, "test");
192 |       expect(await isAlreadyProcessed(key)).toBe(true);
                                                  ^
error: expect(received).toBe(expected)

Expected: true
Received: false

      at <anonymous> (/Users/shawwalters/eliza-workspace/eliza-cloud-v2/tests/unit/idempotency.test.ts:192:45)
(fail) Idempotency Security Tests > Key Format Validation > handles keys with special webhook-related characters [0.08ms]

tests/unit/mcp-google-tools.test.ts:
(pass) Google MCP Tools > Module Registration > registerGoogleTools is exported [0.09ms]
(pass) Google MCP Tools > Module Registration > registers all expected tools [0.93ms]
(pass) Google MCP Tools > google_status > returns connected=false when no Google connection [0.57ms]
(pass) Google MCP Tools > google_status > returns connection details when connected [0.42ms]
(pass) Google MCP Tools > google_status > handles service errors gracefully [0.56ms]
(pass) Google MCP Tools > google_status > filters for active connections only [0.32ms]
[GoogleMCP] Failed to get token {
  organizationId: "test-org-123",
  error: "No active connection found for google",
}
(pass) Google MCP Tools > gmail_send > returns error when Google not connected [0.60ms]
(pass) Google MCP Tools > gmail_send > sends email successfully [0.35ms]
(pass) Google MCP Tools > gmail_send > handles CC and BCC recipients [0.30ms]
(pass) Google MCP Tools > gmail_send > handles Gmail API errors [0.23ms]
(pass) Google MCP Tools > gmail_send > handles HTML email content [0.29ms]
(pass) Google MCP Tools > gmail_list > returns empty list when no messages [0.35ms]
(pass) Google MCP Tools > gmail_list > respects maxResults parameter [0.21ms]
(pass) Google MCP Tools > gmail_list > passes query parameter to Gmail API [0.21ms]
[GoogleMCP] Some messages failed to fetch {
  failed: 1,
  total: 3,
}
(pass) Google MCP Tools > gmail_list > reports partial failures when some messages fail to fetch [0.37ms]
(pass) Google MCP Tools > gmail_read > reads message with full content [0.36ms]
(pass) Google MCP Tools > gmail_read > handles multipart messages [0.26ms]
(pass) Google MCP Tools > gmail_read > handles deeply nested multipart messages [0.26ms]
(pass) Google MCP Tools > gmail_read > returns error for non-existent message [0.27ms]
(pass) Google MCP Tools > calendar_list_events > lists events with default parameters [0.34ms]
(pass) Google MCP Tools > calendar_list_events > handles all-day events (date without time) [0.21ms]
(pass) Google MCP Tools > calendar_create_event > creates event successfully [0.35ms]
(pass) Google MCP Tools > calendar_create_event > creates event with attendees [0.27ms]
(pass) Google MCP Tools > calendar_delete_event > deletes event successfully (204 response) [0.26ms]
(pass) Google MCP Tools > contacts_list > lists contacts from connections API [0.34ms]
(pass) Google MCP Tools > contacts_list > uses search API when query provided [0.24ms]
(pass) Google MCP Tools > Concurrent Request Isolation > handles concurrent requests with different orgs [51.83ms]
(pass) Google MCP Tools > Edge Cases > handles empty scopes array [0.42ms]
(pass) Google MCP Tools > Edge Cases > handles special characters in email subject [0.38ms]
(pass) Google MCP Tools > Edge Cases > handles network timeout gracefully [0.34ms]
(pass) Google MCP Tools > Edge Cases > handles malformed API response [0.25ms]

tests/unit/mcp-lib.test.ts:
(pass) jsonResponse > wraps data in MCP content format [0.09ms]
(pass) jsonResponse > serializes object to JSON string [0.03ms]
(pass) jsonResponse > pretty prints with 2 spaces
(pass) jsonResponse > handles nested objects
(pass) jsonResponse > handles arrays
(pass) jsonResponse > handles null [0.06ms]
(pass) errorResponse > sets isError to true
(pass) errorResponse > includes error message in content
(pass) errorResponse > merges details into response [0.03ms]
(pass) errorResponse > handles undefined details [0.01ms]
(pass) authContextStorage > is an AsyncLocalStorage instance [0.01ms]
(pass) authContextStorage > run() executes callback with context [0.04ms]
(pass) authContextStorage > context is isolated between runs [12.48ms]
(pass) getAuthContext > throws when called outside context [0.08ms]
(pass) getAuthContext > returns context when inside run() [0.10ms]

tests/unit/discord-connections-api.test.ts:
(pass) CreateConnectionSchema > accepts valid payload with required fields [0.28ms]
(pass) CreateConnectionSchema > accepts valid payload with all fields [0.27ms]
(pass) CreateConnectionSchema > rejects missing applicationId [0.09ms]
(pass) CreateConnectionSchema > rejects empty applicationId [0.03ms]
(pass) CreateConnectionSchema > rejects missing botToken [0.03ms]
(pass) CreateConnectionSchema > rejects empty botToken [0.05ms]
(pass) CreateConnectionSchema > rejects missing characterId [0.03ms]
(pass) CreateConnectionSchema > rejects invalid characterId (not UUID) [0.03ms]
(pass) CreateConnectionSchema > rejects negative intents
(pass) CreateConnectionSchema > rejects zero intents [0.05ms]
(pass) CreateConnectionSchema > rejects non-integer intents [0.03ms]
(pass) UpdateConnectionSchema > accepts empty payload (no updates) [0.10ms]
(pass) UpdateConnectionSchema > accepts valid characterId update [0.03ms]
(pass) UpdateConnectionSchema > accepts null characterId (remove character) [0.01ms]
(pass) UpdateConnectionSchema > accepts isActive update [0.01ms]
(pass) UpdateConnectionSchema > accepts metadata update [0.01ms]
(pass) UpdateConnectionSchema > accepts all fields together [0.02ms]
(pass) UpdateConnectionSchema > rejects invalid characterId (not UUID) [0.03ms]
(pass) UpdateConnectionSchema > rejects non-boolean isActive [0.03ms]
(pass) DiscordConnectionMetadataSchema > accepts empty metadata [0.01ms]
(pass) DiscordConnectionMetadataSchema > accepts undefined metadata
(pass) DiscordConnectionMetadataSchema > accepts responseMode: always
(pass) DiscordConnectionMetadataSchema > accepts responseMode: mention [0.02ms]
(pass) DiscordConnectionMetadataSchema > accepts responseMode: keyword with keywords
(pass) DiscordConnectionMetadataSchema > rejects responseMode: keyword without keywords [0.05ms]
(pass) DiscordConnectionMetadataSchema > rejects responseMode: keyword with empty keywords array [0.02ms]
(pass) DiscordConnectionMetadataSchema > rejects invalid responseMode [0.07ms]
(pass) DiscordConnectionMetadataSchema > accepts enabledChannels array [0.02ms]
(pass) DiscordConnectionMetadataSchema > accepts disabledChannels array
(pass) DiscordConnectionMetadataSchema > accepts all fields together

tests/unit/blooio-automation-service.test.ts:
(pass) BlooioAutomationService > validateApiKey > returns invalid when API key is empty [0.13ms]
(pass) BlooioAutomationService > validateApiKey > returns invalid when API key is whitespace [0.05ms]
(pass) BlooioAutomationService > invalidateStatusCache > clears cache for organization
(pass) BlooioAutomationService > invalidateStatusCache > handles multiple invalidations
(pass) BlooioAutomationService > getWebhookUrl > returns correct webhook URL format
(pass) BlooioAutomationService > getWebhookUrl > includes organization ID in URL
207 |  * Get the primary database URL (always required)
208 |  */
209 | function getPrimaryDatabaseUrl(): string {
210 |   const url = process.env.DATABASE_URL;
211 |   if (!url) {
212 |     throw new Error(
                    ^
error: DATABASE_URL environment variable is not set. Make sure you have a .env.local file with DATABASE_URL defined.
      at getPrimaryDatabaseUrl (/Users/shawwalters/eliza-workspace/eliza-cloud-v2/db/client.ts:212:15)
      at getWriteConnection (/Users/shawwalters/eliza-workspace/eliza-cloud-v2/db/client.ts:275:17)
      at get (/Users/shawwalters/eliza-workspace/eliza-cloud-v2/db/client.ts:340:40)
      at findByName (/Users/shawwalters/eliza-workspace/eliza-cloud-v2/db/repositories/secrets.ts:81:28)
      at get (/Users/shawwalters/eliza-workspace/eliza-cloud-v2/lib/services/secrets/secrets.ts:220:44)
      at getApiKey (/Users/shawwalters/eliza-workspace/eliza-cloud-v2/lib/services/blooio-automation/index.ts:204:46)
      at sendMessage (/Users/shawwalters/eliza-workspace/eliza-cloud-v2/lib/services/blooio-automation/index.ts:319:31)
      at <anonymous> (/Users/shawwalters/eliza-workspace/eliza-cloud-v2/tests/unit/blooio-automation-service.test.ts:95:54)
(fail) BlooioAutomationService > Chat ID Validation > normalizes chat IDs > handles phone numbers [0.35ms]
207 |  * Get the primary database URL (always required)
208 |  */
209 | function getPrimaryDatabaseUrl(): string {
210 |   const url = process.env.DATABASE_URL;
211 |   if (!url) {
212 |     throw new Error(
                    ^
error: DATABASE_URL environment variable is not set. Make sure you have a .env.local file with DATABASE_URL defined.
      at getPrimaryDatabaseUrl (/Users/shawwalters/eliza-workspace/eliza-cloud-v2/db/client.ts:212:15)
      at getWriteConnection (/Users/shawwalters/eliza-workspace/eliza-cloud-v2/db/client.ts:275:17)
      at get (/Users/shawwalters/eliza-workspace/eliza-cloud-v2/db/client.ts:340:40)
      at findByName (/Users/shawwalters/eliza-workspace/eliza-cloud-v2/db/repositories/secrets.ts:81:28)
      at get (/Users/shawwalters/eliza-workspace/eliza-cloud-v2/lib/services/secrets/secrets.ts:220:44)
      at getApiKey (/Users/shawwalters/eliza-workspace/eliza-cloud-v2/lib/services/blooio-automation/index.ts:204:46)
      at sendMessage (/Users/shawwalters/eliza-workspace/eliza-cloud-v2/lib/services/blooio-automation/index.ts:319:31)
      at <anonymous> (/Users/shawwalters/eliza-workspace/eliza-cloud-v2/tests/unit/blooio-automation-service.test.ts:106:54)
(fail) BlooioAutomationService > Chat ID Validation > normalizes chat IDs > handles email addresses [0.07ms]
207 |  * Get the primary database URL (always required)
208 |  */
209 | function getPrimaryDatabaseUrl(): string {
210 |   const url = process.env.DATABASE_URL;
211 |   if (!url) {
212 |     throw new Error(
                    ^
error: DATABASE_URL environment variable is not set. Make sure you have a .env.local file with DATABASE_URL defined.
      at getPrimaryDatabaseUrl (/Users/shawwalters/eliza-workspace/eliza-cloud-v2/db/client.ts:212:15)
      at getWriteConnection (/Users/shawwalters/eliza-workspace/eliza-cloud-v2/db/client.ts:275:17)
      at get (/Users/shawwalters/eliza-workspace/eliza-cloud-v2/db/client.ts:340:40)
      at findByName (/Users/shawwalters/eliza-workspace/eliza-cloud-v2/db/repositories/secrets.ts:81:28)
      at get (/Users/shawwalters/eliza-workspace/eliza-cloud-v2/lib/services/secrets/secrets.ts:220:44)
      at getApiKey (/Users/shawwalters/eliza-workspace/eliza-cloud-v2/lib/services/blooio-automation/index.ts:204:46)
      at sendMessage (/Users/shawwalters/eliza-workspace/eliza-cloud-v2/lib/services/blooio-automation/index.ts:319:31)
      at <anonymous> (/Users/shawwalters/eliza-workspace/eliza-cloud-v2/tests/unit/blooio-automation-service.test.ts:118:54)
(fail) BlooioAutomationService > Chat ID Validation > normalizes chat IDs > handles comma-separated chat IDs [0.06ms]
207 |  * Get the primary database URL (always required)
208 |  */
209 | function getPrimaryDatabaseUrl(): string {
210 |   const url = process.env.DATABASE_URL;
211 |   if (!url) {
212 |     throw new Error(
                    ^
error: DATABASE_URL environment variable is not set. Make sure you have a .env.local file with DATABASE_URL defined.
      at getPrimaryDatabaseUrl (/Users/shawwalters/eliza-workspace/eliza-cloud-v2/db/client.ts:212:15)
      at getWriteConnection (/Users/shawwalters/eliza-workspace/eliza-cloud-v2/db/client.ts:275:17)
      at get (/Users/shawwalters/eliza-workspace/eliza-cloud-v2/db/client.ts:340:40)
      at findByName (/Users/shawwalters/eliza-workspace/eliza-cloud-v2/db/repositories/secrets.ts:81:28)
      at get (/Users/shawwalters/eliza-workspace/eliza-cloud-v2/lib/services/secrets/secrets.ts:220:44)
      at getApiKey (/Users/shawwalters/eliza-workspace/eliza-cloud-v2/lib/services/blooio-automation/index.ts:204:46)
      at sendMessage (/Users/shawwalters/eliza-workspace/eliza-cloud-v2/lib/services/blooio-automation/index.ts:319:31)
      at <anonymous> (/Users/shawwalters/eliza-workspace/eliza-cloud-v2/tests/unit/blooio-automation-service.test.ts:132:52)
(fail) BlooioAutomationService > sendMessage > returns error when Blooio is not configured [0.07ms]
207 |  * Get the primary database URL (always required)
208 |  */
209 | function getPrimaryDatabaseUrl(): string {
210 |   const url = process.env.DATABASE_URL;
211 |   if (!url) {
212 |     throw new Error(
                    ^
error: DATABASE_URL environment variable is not set. Make sure you have a .env.local file with DATABASE_URL defined.
      at getPrimaryDatabaseUrl (/Users/shawwalters/eliza-workspace/eliza-cloud-v2/db/client.ts:212:15)
      at getWriteConnection (/Users/shawwalters/eliza-workspace/eliza-cloud-v2/db/client.ts:275:17)
      at get (/Users/shawwalters/eliza-workspace/eliza-cloud-v2/db/client.ts:340:40)
      at findByName (/Users/shawwalters/eliza-workspace/eliza-cloud-v2/db/repositories/secrets.ts:81:28)
      at get (/Users/shawwalters/eliza-workspace/eliza-cloud-v2/lib/services/secrets/secrets.ts:220:44)
      at getApiKey (/Users/shawwalters/eliza-workspace/eliza-cloud-v2/lib/services/blooio-automation/index.ts:204:46)
      at sendMessage (/Users/shawwalters/eliza-workspace/eliza-cloud-v2/lib/services/blooio-automation/index.ts:319:31)
      at <anonymous> (/Users/shawwalters/eliza-workspace/eliza-cloud-v2/tests/unit/blooio-automation-service.test.ts:144:52)
(fail) BlooioAutomationService > sendMessage > validates chat ID format [0.04ms]
207 |  * Get the primary database URL (always required)
208 |  */
209 | function getPrimaryDatabaseUrl(): string {
210 |   const url = process.env.DATABASE_URL;
211 |   if (!url) {
212 |     throw new Error(
                    ^
error: DATABASE_URL environment variable is not set. Make sure you have a .env.local file with DATABASE_URL defined.
      at getPrimaryDatabaseUrl (/Users/shawwalters/eliza-workspace/eliza-cloud-v2/db/client.ts:212:15)
      at getWriteConnection (/Users/shawwalters/eliza-workspace/eliza-cloud-v2/db/client.ts:275:17)
      at get (/Users/shawwalters/eliza-workspace/eliza-cloud-v2/db/client.ts:340:40)
      at findByName (/Users/shawwalters/eliza-workspace/eliza-cloud-v2/db/repositories/secrets.ts:81:28)
      at get (/Users/shawwalters/eliza-workspace/eliza-cloud-v2/lib/services/secrets/secrets.ts:220:44)
      at getApiKey (/Users/shawwalters/eliza-workspace/eliza-cloud-v2/lib/services/blooio-automation/index.ts:204:46)
      at sendMessage (/Users/shawwalters/eliza-workspace/eliza-cloud-v2/lib/services/blooio-automation/index.ts:319:31)
      at <anonymous> (/Users/shawwalters/eliza-workspace/eliza-cloud-v2/tests/unit/blooio-automation-service.test.ts:156:52)
(fail) BlooioAutomationService > sendMessage > handles group chat IDs [0.06ms]
207 |  * Get the primary database URL (always required)
208 |  */
209 | function getPrimaryDatabaseUrl(): string {
210 |   const url = process.env.DATABASE_URL;
211 |   if (!url) {
212 |     throw new Error(
                    ^
error: DATABASE_URL environment variable is not set. Make sure you have a .env.local file with DATABASE_URL defined.
      at getPrimaryDatabaseUrl (/Users/shawwalters/eliza-workspace/eliza-cloud-v2/db/client.ts:212:15)
      at getWriteConnection (/Users/shawwalters/eliza-workspace/eliza-cloud-v2/db/client.ts:275:17)
      at get (/Users/shawwalters/eliza-workspace/eliza-cloud-v2/db/client.ts:340:40)
      at findByName (/Users/shawwalters/eliza-workspace/eliza-cloud-v2/db/repositories/secrets.ts:81:28)
      at get (/Users/shawwalters/eliza-workspace/eliza-cloud-v2/lib/services/secrets/secrets.ts:220:44)
      at getApiKey (/Users/shawwalters/eliza-workspace/eliza-cloud-v2/lib/services/blooio-automation/index.ts:204:46)
      at sendMessage (/Users/shawwalters/eliza-workspace/eliza-cloud-v2/lib/services/blooio-automation/index.ts:319:31)
      at <anonymous> (/Users/shawwalters/eliza-workspace/eliza-cloud-v2/tests/unit/blooio-automation-service.test.ts:167:52)
(fail) BlooioAutomationService > sendMessage > handles message with attachments [0.08ms]
207 |  * Get the primary database URL (always required)
208 |  */
209 | function getPrimaryDatabaseUrl(): string {
210 |   const url = process.env.DATABASE_URL;
211 |   if (!url) {
212 |     throw new Error(
                    ^
error: DATABASE_URL environment variable is not set. Make sure you have a .env.local file with DATABASE_URL defined.
      at getPrimaryDatabaseUrl (/Users/shawwalters/eliza-workspace/eliza-cloud-v2/db/client.ts:212:15)
      at getWriteConnection (/Users/shawwalters/eliza-workspace/eliza-cloud-v2/db/client.ts:275:17)
      at get (/Users/shawwalters/eliza-workspace/eliza-cloud-v2/db/client.ts:340:40)
      at findByName (/Users/shawwalters/eliza-workspace/eliza-cloud-v2/db/repositories/secrets.ts:81:28)
      at get (/Users/shawwalters/eliza-workspace/eliza-cloud-v2/lib/services/secrets/secrets.ts:220:44)
      at getApiKey (/Users/shawwalters/eliza-workspace/eliza-cloud-v2/lib/services/blooio-automation/index.ts:204:46)
      at sendMessage (/Users/shawwalters/eliza-workspace/eliza-cloud-v2/lib/services/blooio-automation/index.ts:319:31)
      at <anonymous> (/Users/shawwalters/eliza-workspace/eliza-cloud-v2/tests/unit/blooio-automation-service.test.ts:182:52)
(fail) BlooioAutomationService > sendMessage > handles message with metadata [0.05ms]
207 |  * Get the primary database URL (always required)
208 |  */
209 | function getPrimaryDatabaseUrl(): string {
210 |   const url = process.env.DATABASE_URL;
211 |   if (!url) {
212 |     throw new Error(
                    ^
error: DATABASE_URL environment variable is not set. Make sure you have a .env.local file with DATABASE_URL defined.
      at getPrimaryDatabaseUrl (/Users/shawwalters/eliza-workspace/eliza-cloud-v2/db/client.ts:212:15)
      at getWriteConnection (/Users/shawwalters/eliza-workspace/eliza-cloud-v2/db/client.ts:275:17)
      at get (/Users/shawwalters/eliza-workspace/eliza-cloud-v2/db/client.ts:340:40)
      at findByName (/Users/shawwalters/eliza-workspace/eliza-cloud-v2/db/repositories/secrets.ts:81:28)
      at get (/Users/shawwalters/eliza-workspace/eliza-cloud-v2/lib/services/secrets/secrets.ts:220:44)
      at getApiKey (/Users/shawwalters/eliza-workspace/eliza-cloud-v2/lib/services/blooio-automation/index.ts:204:46)
      at isConfigured (/Users/shawwalters/eliza-workspace/eliza-cloud-v2/lib/services/blooio-automation/index.ts:386:31)
      at <anonymous> (/Users/shawwalters/eliza-workspace/eliza-cloud-v2/tests/unit/blooio-automation-service.test.ts:197:52)
(fail) BlooioAutomationService > isConfigured > returns false when no API key is stored [0.06ms]
207 |  * Get the primary database URL (always required)
208 |  */
209 | function getPrimaryDatabaseUrl(): string {
210 |   const url = process.env.DATABASE_URL;
211 |   if (!url) {
212 |     throw new Error(
                    ^
error: DATABASE_URL environment variable is not set. Make sure you have a .env.local file with DATABASE_URL defined.
      at getPrimaryDatabaseUrl (/Users/shawwalters/eliza-workspace/eliza-cloud-v2/db/client.ts:212:15)
      at getWriteConnection (/Users/shawwalters/eliza-workspace/eliza-cloud-v2/db/client.ts:275:17)
      at get (/Users/shawwalters/eliza-workspace/eliza-cloud-v2/db/client.ts:340:40)
      at findByName (/Users/shawwalters/eliza-workspace/eliza-cloud-v2/db/repositories/secrets.ts:81:28)
      at get (/Users/shawwalters/eliza-workspace/eliza-cloud-v2/lib/services/secrets/secrets.ts:220:44)
      at getApiKey (/Users/shawwalters/eliza-workspace/eliza-cloud-v2/lib/services/blooio-automation/index.ts:204:46)
      at getConnectionStatus (/Users/shawwalters/eliza-workspace/eliza-cloud-v2/lib/services/blooio-automation/index.ts:259:12)
      at <anonymous> (/Users/shawwalters/eliza-workspace/eliza-cloud-v2/tests/unit/blooio-automation-service.test.ts:205:52)
(fail) BlooioAutomationService > getConnectionStatus > returns unconfigured status when no API key [0.15ms]
207 |  * Get the primary database URL (always required)
208 |  */
209 | function getPrimaryDatabaseUrl(): string {
210 |   const url = process.env.DATABASE_URL;
211 |   if (!url) {
212 |     throw new Error(
                    ^
error: DATABASE_URL environment variable is not set. Make sure you have a .env.local file with DATABASE_URL defined.
      at getPrimaryDatabaseUrl (/Users/shawwalters/eliza-workspace/eliza-cloud-v2/db/client.ts:212:15)
      at getWriteConnection (/Users/shawwalters/eliza-workspace/eliza-cloud-v2/db/client.ts:275:17)
      at get (/Users/shawwalters/eliza-workspace/eliza-cloud-v2/db/client.ts:340:40)
      at findByName (/Users/shawwalters/eliza-workspace/eliza-cloud-v2/db/repositories/secrets.ts:81:28)
      at get (/Users/shawwalters/eliza-workspace/eliza-cloud-v2/lib/services/secrets/secrets.ts:220:44)
      at getApiKey (/Users/shawwalters/eliza-workspace/eliza-cloud-v2/lib/services/blooio-automation/index.ts:204:46)
      at getConnectionStatus (/Users/shawwalters/eliza-workspace/eliza-cloud-v2/lib/services/blooio-automation/index.ts:259:12)
      at <anonymous> (/Users/shawwalters/eliza-workspace/eliza-cloud-v2/tests/unit/blooio-automation-service.test.ts:216:53)
(fail) BlooioAutomationService > getConnectionStatus > caches status for performance [0.11ms]
207 |  * Get the primary database URL (always required)
208 |  */
209 | function getPrimaryDatabaseUrl(): string {
210 |   const url = process.env.DATABASE_URL;
211 |   if (!url) {
212 |     throw new Error(
                    ^
error: DATABASE_URL environment variable is not set. Make sure you have a .env.local file with DATABASE_URL defined.
      at getPrimaryDatabaseUrl (/Users/shawwalters/eliza-workspace/eliza-cloud-v2/db/client.ts:212:15)
      at getWriteConnection (/Users/shawwalters/eliza-workspace/eliza-cloud-v2/db/client.ts:275:17)
      at get (/Users/shawwalters/eliza-workspace/eliza-cloud-v2/db/client.ts:340:40)
      at findByName (/Users/shawwalters/eliza-workspace/eliza-cloud-v2/db/repositories/secrets.ts:81:28)
      at get (/Users/shawwalters/eliza-workspace/eliza-cloud-v2/lib/services/secrets/secrets.ts:220:44)
      at getApiKey (/Users/shawwalters/eliza-workspace/eliza-cloud-v2/lib/services/blooio-automation/index.ts:204:46)
      at getConnectionStatus (/Users/shawwalters/eliza-workspace/eliza-cloud-v2/lib/services/blooio-automation/index.ts:259:12)
      at <anonymous> (/Users/shawwalters/eliza-workspace/eliza-cloud-v2/tests/unit/blooio-automation-service.test.ts:228:53)
(fail) BlooioAutomationService > getConnectionStatus > respects skipCache option [0.06ms]
207 |  * Get the primary database URL (always required)
208 |  */
209 | function getPrimaryDatabaseUrl(): string {
210 |   const url = process.env.DATABASE_URL;
211 |   if (!url) {
212 |     throw new Error(
                    ^
error: DATABASE_URL environment variable is not set. Make sure you have a .env.local file with DATABASE_URL defined.
      at getPrimaryDatabaseUrl (/Users/shawwalters/eliza-workspace/eliza-cloud-v2/db/client.ts:212:15)
      at getWriteConnection (/Users/shawwalters/eliza-workspace/eliza-cloud-v2/db/client.ts:275:17)
      at get (/Users/shawwalters/eliza-workspace/eliza-cloud-v2/db/client.ts:340:40)
      at findByName (/Users/shawwalters/eliza-workspace/eliza-cloud-v2/db/repositories/secrets.ts:81:28)
      at get (/Users/shawwalters/eliza-workspace/eliza-cloud-v2/lib/services/secrets/secrets.ts:220:44)
      at getApiKey (/Users/shawwalters/eliza-workspace/eliza-cloud-v2/lib/services/blooio-automation/index.ts:204:46)
      at getConnectionStatus (/Users/shawwalters/eliza-workspace/eliza-cloud-v2/lib/services/blooio-automation/index.ts:259:12)
      at <anonymous> (/Users/shawwalters/eliza-workspace/eliza-cloud-v2/tests/unit/blooio-automation-service.test.ts:240:52)
(fail) BlooioAutomationService > getConnectionStatus > returns fromNumber when available [0.06ms]
207 |  * Get the primary database URL (always required)
208 |  */
209 | function getPrimaryDatabaseUrl(): string {
210 |   const url = process.env.DATABASE_URL;
211 |   if (!url) {
212 |     throw new Error(
                    ^
error: DATABASE_URL environment variable is not set. Make sure you have a .env.local file with DATABASE_URL defined.
      at getPrimaryDatabaseUrl (/Users/shawwalters/eliza-workspace/eliza-cloud-v2/db/client.ts:212:15)
      at getWriteConnection (/Users/shawwalters/eliza-workspace/eliza-cloud-v2/db/client.ts:275:17)
      at get (/Users/shawwalters/eliza-workspace/eliza-cloud-v2/db/client.ts:340:40)
      at findByName (/Users/shawwalters/eliza-workspace/eliza-cloud-v2/db/repositories/secrets.ts:81:28)
      at get (/Users/shawwalters/eliza-workspace/eliza-cloud-v2/lib/services/secrets/secrets.ts:220:44)
      at getApiKey (/Users/shawwalters/eliza-workspace/eliza-cloud-v2/lib/services/blooio-automation/index.ts:204:46)
      at getConnectionStatus (/Users/shawwalters/eliza-workspace/eliza-cloud-v2/lib/services/blooio-automation/index.ts:259:12)
      at <anonymous> (/Users/shawwalters/eliza-workspace/eliza-cloud-v2/tests/unit/blooio-automation-service.test.ts:251:52)
(fail) BlooioAutomationService > Error Handling > handles empty organization ID gracefully [0.03ms]
207 |  * Get the primary database URL (always required)
208 |  */
209 | function getPrimaryDatabaseUrl(): string {
210 |   const url = process.env.DATABASE_URL;
211 |   if (!url) {
212 |     throw new Error(
                    ^
error: DATABASE_URL environment variable is not set. Make sure you have a .env.local file with DATABASE_URL defined.
      at getPrimaryDatabaseUrl (/Users/shawwalters/eliza-workspace/eliza-cloud-v2/db/client.ts:212:15)
      at getWriteConnection (/Users/shawwalters/eliza-workspace/eliza-cloud-v2/db/client.ts:275:17)
      at get (/Users/shawwalters/eliza-workspace/eliza-cloud-v2/db/client.ts:340:40)
      at findByName (/Users/shawwalters/eliza-workspace/eliza-cloud-v2/db/repositories/secrets.ts:81:28)
      at get (/Users/shawwalters/eliza-workspace/eliza-cloud-v2/lib/services/secrets/secrets.ts:220:44)
      at getApiKey (/Users/shawwalters/eliza-workspace/eliza-cloud-v2/lib/services/blooio-automation/index.ts:204:46)
      at getConnectionStatus (/Users/shawwalters/eliza-workspace/eliza-cloud-v2/lib/services/blooio-automation/index.ts:259:12)
      at <anonymous> (/Users/shawwalters/eliza-workspace/eliza-cloud-v2/tests/unit/blooio-automation-service.test.ts:256:52)
(fail) BlooioAutomationService > Error Handling > handles special characters in organization ID [0.08ms]
207 |  * Get the primary database URL (always required)
208 |  */
209 | function getPrimaryDatabaseUrl(): string {
210 |   const url = process.env.DATABASE_URL;
211 |   if (!url) {
212 |     throw new Error(
                    ^
error: DATABASE_URL environment variable is not set. Make sure you have a .env.local file with DATABASE_URL defined.
      at getPrimaryDatabaseUrl (/Users/shawwalters/eliza-workspace/eliza-cloud-v2/db/client.ts:212:15)
      at getWriteConnection (/Users/shawwalters/eliza-workspace/eliza-cloud-v2/db/client.ts:275:17)
      at get (/Users/shawwalters/eliza-workspace/eliza-cloud-v2/db/client.ts:340:40)
      at findByName (/Users/shawwalters/eliza-workspace/eliza-cloud-v2/db/repositories/secrets.ts:81:28)
      at get (/Users/shawwalters/eliza-workspace/eliza-cloud-v2/lib/services/secrets/secrets.ts:220:44)
      at getApiKey (/Users/shawwalters/eliza-workspace/eliza-cloud-v2/lib/services/blooio-automation/index.ts:204:46)
      at <anonymous> (/Users/shawwalters/eliza-workspace/eliza-cloud-v2/tests/unit/blooio-automation-service.test.ts:265:54)
(fail) BlooioAutomationService > Credential Methods > getApiKey > returns null when no API key stored [0.03ms]
207 |  * Get the primary database URL (always required)
208 |  */
209 | function getPrimaryDatabaseUrl(): string {
210 |   const url = process.env.DATABASE_URL;
211 |   if (!url) {
212 |     throw new Error(
                    ^
error: DATABASE_URL environment variable is not set. Make sure you have a .env.local file with DATABASE_URL defined.
      at getPrimaryDatabaseUrl (/Users/shawwalters/eliza-workspace/eliza-cloud-v2/db/client.ts:212:15)
      at getWriteConnection (/Users/shawwalters/eliza-workspace/eliza-cloud-v2/db/client.ts:275:17)
      at get (/Users/shawwalters/eliza-workspace/eliza-cloud-v2/db/client.ts:340:40)
      at findByName (/Users/shawwalters/eliza-workspace/eliza-cloud-v2/db/repositories/secrets.ts:81:28)
      at get (/Users/shawwalters/eliza-workspace/eliza-cloud-v2/lib/services/secrets/secrets.ts:220:44)
      at getWebhookSecret (/Users/shawwalters/eliza-workspace/eliza-cloud-v2/lib/services/blooio-automation/index.ts:218:46)
      at <anonymous> (/Users/shawwalters/eliza-workspace/eliza-cloud-v2/tests/unit/blooio-automation-service.test.ts:273:54)
(fail) BlooioAutomationService > Credential Methods > getWebhookSecret > returns null when no webhook secret stored [0.08ms]
207 |  * Get the primary database URL (always required)
208 |  */
209 | function getPrimaryDatabaseUrl(): string {
210 |   const url = process.env.DATABASE_URL;
211 |   if (!url) {
212 |     throw new Error(
                    ^
error: DATABASE_URL environment variable is not set. Make sure you have a .env.local file with DATABASE_URL defined.
      at getPrimaryDatabaseUrl (/Users/shawwalters/eliza-workspace/eliza-cloud-v2/db/client.ts:212:15)
      at getWriteConnection (/Users/shawwalters/eliza-workspace/eliza-cloud-v2/db/client.ts:275:17)
      at get (/Users/shawwalters/eliza-workspace/eliza-cloud-v2/db/client.ts:340:40)
      at findByName (/Users/shawwalters/eliza-workspace/eliza-cloud-v2/db/repositories/secrets.ts:81:28)
      at get (/Users/shawwalters/eliza-workspace/eliza-cloud-v2/lib/services/secrets/secrets.ts:220:44)
      at getFromNumber (/Users/shawwalters/eliza-workspace/eliza-cloud-v2/lib/services/blooio-automation/index.ts:232:46)
      at <anonymous> (/Users/shawwalters/eliza-workspace/eliza-cloud-v2/tests/unit/blooio-automation-service.test.ts:280:58)
(fail) BlooioAutomationService > Credential Methods > getFromNumber > returns null when no from number stored [0.04ms]
207 |  * Get the primary database URL (always required)
208 |  */
209 | function getPrimaryDatabaseUrl(): string {
210 |   const url = process.env.DATABASE_URL;
211 |   if (!url) {
212 |     throw new Error(
                    ^
error: DATABASE_URL environment variable is not set. Make sure you have a .env.local file with DATABASE_URL defined.
      at getPrimaryDatabaseUrl (/Users/shawwalters/eliza-workspace/eliza-cloud-v2/db/client.ts:212:15)
      at getWriteConnection (/Users/shawwalters/eliza-workspace/eliza-cloud-v2/db/client.ts:275:17)
      at get (/Users/shawwalters/eliza-workspace/eliza-cloud-v2/db/client.ts:340:40)
      at findByName (/Users/shawwalters/eliza-workspace/eliza-cloud-v2/db/repositories/secrets.ts:81:28)
      at get (/Users/shawwalters/eliza-workspace/eliza-cloud-v2/lib/services/secrets/secrets.ts:220:44)
      at getApiKey (/Users/shawwalters/eliza-workspace/eliza-cloud-v2/lib/services/blooio-automation/index.ts:204:46)
      at sendMessage (/Users/shawwalters/eliza-workspace/eliza-cloud-v2/lib/services/blooio-automation/index.ts:319:31)
      at <anonymous> (/Users/shawwalters/eliza-workspace/eliza-cloud-v2/tests/unit/blooio-automation-service.test.ts:288:52)
(fail) BlooioAutomationService > Message Request Handling > handles text-only message [0.08ms]
207 |  * Get the primary database URL (always required)
208 |  */
209 | function getPrimaryDatabaseUrl(): string {
210 |   const url = process.env.DATABASE_URL;
211 |   if (!url) {
212 |     throw new Error(
                    ^
error: DATABASE_URL environment variable is not set. Make sure you have a .env.local file with DATABASE_URL defined.
      at getPrimaryDatabaseUrl (/Users/shawwalters/eliza-workspace/eliza-cloud-v2/db/client.ts:212:15)
      at getWriteConnection (/Users/shawwalters/eliza-workspace/eliza-cloud-v2/db/client.ts:275:17)
      at get (/Users/shawwalters/eliza-workspace/eliza-cloud-v2/db/client.ts:340:40)
      at findByName (/Users/shawwalters/eliza-workspace/eliza-cloud-v2/db/repositories/secrets.ts:81:28)
      at get (/Users/shawwalters/eliza-workspace/eliza-cloud-v2/lib/services/secrets/secrets.ts:220:44)
      at getApiKey (/Users/shawwalters/eliza-workspace/eliza-cloud-v2/lib/services/blooio-automation/index.ts:204:46)
      at sendMessage (/Users/shawwalters/eliza-workspace/eliza-cloud-v2/lib/services/blooio-automation/index.ts:319:31)
      at <anonymous> (/Users/shawwalters/eliza-workspace/eliza-cloud-v2/tests/unit/blooio-automation-service.test.ts:297:52)
(fail) BlooioAutomationService > Message Request Handling > handles message with typing indicator [0.04ms]
207 |  * Get the primary database URL (always required)
208 |  */
209 | function getPrimaryDatabaseUrl(): string {
210 |   const url = process.env.DATABASE_URL;
211 |   if (!url) {
212 |     throw new Error(
                    ^
error: DATABASE_URL environment variable is not set. Make sure you have a .env.local file with DATABASE_URL defined.
      at getPrimaryDatabaseUrl (/Users/shawwalters/eliza-workspace/eliza-cloud-v2/db/client.ts:212:15)
      at getWriteConnection (/Users/shawwalters/eliza-workspace/eliza-cloud-v2/db/client.ts:275:17)
      at get (/Users/shawwalters/eliza-workspace/eliza-cloud-v2/db/client.ts:340:40)
      at findByName (/Users/shawwalters/eliza-workspace/eliza-cloud-v2/db/repositories/secrets.ts:81:28)
      at get (/Users/shawwalters/eliza-workspace/eliza-cloud-v2/lib/services/secrets/secrets.ts:220:44)
      at getApiKey (/Users/shawwalters/eliza-workspace/eliza-cloud-v2/lib/services/blooio-automation/index.ts:204:46)
      at sendMessage (/Users/shawwalters/eliza-workspace/eliza-cloud-v2/lib/services/blooio-automation/index.ts:319:31)
      at <anonymous> (/Users/shawwalters/eliza-workspace/eliza-cloud-v2/tests/unit/blooio-automation-service.test.ts:309:52)
(fail) BlooioAutomationService > Message Request Handling > handles message with idempotency key [0.04ms]
(pass) BlooioAutomationService Integration-style Tests > Credential Lifecycle > can store and retrieve credentials
(pass) BlooioAutomationService Integration-style Tests > Credential Lifecycle > credential storage invalidates cache [0.03ms]

tests/unit/phone-normalization.test.ts:
(pass) Phone Normalization Utilities > isValidE164 > validates correct E.164 format
(pass) Phone Normalization Utilities > isValidE164 > rejects numbers without plus sign
(pass) Phone Normalization Utilities > isValidE164 > rejects numbers with invalid formats
(pass) Phone Normalization Utilities > isValidE164 > rejects numbers with non-digit characters
(pass) Phone Normalization Utilities > isValidEmail > validates correct email formats
(pass) Phone Normalization Utilities > isValidEmail > rejects invalid email formats [0.06ms]
(pass) Phone Normalization Utilities > normalizeToE164 > normalizes 10-digit US numbers [0.03ms]
(pass) Phone Normalization Utilities > normalizeToE164 > normalizes 11-digit numbers starting with 1
(pass) Phone Normalization Utilities > normalizeToE164 > validates existing E.164 numbers [0.04ms]
(pass) Phone Normalization Utilities > normalizeToE164 > returns null for invalid formats [0.01ms]
(pass) Phone Normalization Utilities > normalizeToE164 > returns null for numbers that cannot be normalized
(pass) Phone Normalization Utilities > normalizePhoneNumber > normalizes valid phone numbers [1.59ms]
(pass) Phone Normalization Utilities > normalizePhoneNumber > normalizes email addresses to lowercase [0.01ms]
(pass) Phone Normalization Utilities > normalizePhoneNumber > handles whitespace [0.03ms]
(pass) Phone Normalization Utilities > normalizePhoneNumber > uses default country code for normalization [0.08ms]
(pass) Phone Normalization Utilities > normalizePhoneNumber > handles international numbers [0.30ms]
[PhoneNormalization] Invalid phone {
  phone: "abc123def456",
  country: "US",
  error: "NOT_A_NUMBER",
}
(pass) Phone Normalization Utilities > normalizePhoneNumber > returns cleaned version for invalid numbers [0.17ms]
(pass) Phone Normalization Utilities > parsePhoneNumber > parses valid phone numbers [0.12ms]
(pass) Phone Normalization Utilities > parsePhoneNumber > returns null for email addresses [0.01ms]
(pass) Phone Normalization Utilities > parsePhoneNumber > returns null for invalid input [0.04ms]
(pass) Phone Normalization Utilities > parsePhoneNumber > includes validation status [0.05ms]
[PhoneNormalization] Invalid phone {
  phone: "1111111111111111111111111111111111111111111111111111111111111111111111111111111111111111111111111111111111111111111111111111111111111111111111111111111111111111111111111111111111111111111111111111111111111111111111111111111111111111111111111111111111111111111111111111111111111111111111111111111111111111111111111111111111111111111111111111111111111111111111111111111111111111111111111111111111111111111111111111111111111111111111111111111111111111111111111111111111111111111111111111111111111111111111111111111111111111111111111111111111111111111111111111111111111111111111111111111111111111111111111111111111111111111111111111111111111111111111111111111111111111111111111111111111111111111111111111111111111111111111111111111111111111111111111111111111111111111111111111111111111111111111111111111111111111111111111111111111111111111111111111111111111111111111111111111111111111111111111111111111111111111111111111111111111111111111111111111111111111111111111111111111111111111111111111111111111111",
  country: "US",
  error: "TOO_LONG",
}
(pass) Phone Normalization Edge Cases > Security-relevant tests > handles very long input without crashing [0.03ms]
[PhoneNormalization] Invalid phone {
  phone: "+1<script>alert(1)</script>",
  country: "US",
  error: "NOT_A_NUMBER",
}
(pass) Phone Normalization Edge Cases > Security-relevant tests > handles special characters safely
(pass) Phone Normalization Edge Cases > Security-relevant tests > handles null-byte injection attempts [0.06ms]
(pass) Phone Normalization Edge Cases > Security-relevant tests > handles unicode characters [0.04ms]
(pass) Phone Normalization Edge Cases > Boundary conditions > handles maximum length E.164 number (15 digits) [0.02ms]
(pass) Phone Normalization Edge Cases > Boundary conditions > rejects 16+ digit numbers
(pass) Phone Normalization Edge Cases > Boundary conditions > handles minimum length E.164 number
(pass) validatePhoneForAPI > valid inputs > accepts valid E.164 phone numbers [0.03ms]
(pass) validatePhoneForAPI > valid inputs > accepts and normalizes 10-digit US numbers [0.04ms]
(pass) validatePhoneForAPI > valid inputs > accepts formatted phone numbers [0.07ms]
(pass) validatePhoneForAPI > valid inputs > handles whitespace around phone numbers
(pass) validatePhoneForAPI > valid inputs > accepts international numbers [0.07ms]
(pass) validatePhoneForAPI > invalid inputs > rejects empty string
(pass) validatePhoneForAPI > invalid inputs > rejects whitespace-only string [0.02ms]
(pass) validatePhoneForAPI > invalid inputs > rejects invalid phone format [0.02ms]
(pass) validatePhoneForAPI > invalid inputs > rejects too short numbers [0.21ms]
(pass) validatePhoneForAPI > invalid inputs > rejects email addresses (not phone numbers)
(pass) validatePhoneForAPI > edge cases > handles very long input gracefully [0.09ms]
(pass) validatePhoneForAPI > edge cases > handles special characters [0.02ms]
(pass) validatePhoneForAPI > edge cases > handles null-byte injection [0.05ms]

tests/unit/credits.test.ts:
(pass) Credits Constants > COST_BUFFER is 1.5
(pass) Credits Constants > MIN_RESERVATION is $0.01
(pass) Credits Constants > DEFAULT_OUTPUT_TOKENS is 500
(pass) InsufficientCreditsError > has correct name [0.12ms]
(pass) InsufficientCreditsError > stores required amount
(pass) InsufficientCreditsError > stores available amount
(pass) InsufficientCreditsError > formats message with required and available
(pass) InsufficientCreditsError > stores optional reason [0.07ms]
(pass) InsufficientCreditsError > is instanceof Error
(pass) CreditReservation Interface > type has reservedAmount and reconcile
(pass) createAnonymousReservation > returns reservation with zero amount
(pass) createAnonymousReservation > reconcile is a no-op [0.09ms]
(pass) estimateTokens > is a function [0.01ms]
(pass) estimateTokens > returns number for text input [0.02ms]
(pass) estimateTokens > returns 0 for empty string
(pass) creditsService > reserve method exists
(pass) creditsService > createAnonymousReservation method exists
(pass) creditsService > ReserveCreditsParams type is usable
(pass) Reconciliation Logic > refund: reserved $10, actual $7 = $3 refund
(pass) Reconciliation Logic > overage: reserved $5, actual $8 = $3 charge
(pass) Reconciliation Logic > no-op: difference within EPSILON (0.0001)
(pass) Reconciliation Logic > full refund: actual = 0

tests/unit/validation.test.ts:
(pass) isValidUUID > returns true for valid UUID v4 [1.60ms]
(pass) isValidUUID > returns true for UUIDs with different versions (1-5) [0.07ms]
(pass) isValidUUID > returns true for uppercase UUIDs
(pass) isValidUUID > returns false for UUID with trailing backslash (common URL encoding issue) [0.03ms]
(pass) isValidUUID > returns false for UUID with trailing forward slash
(pass) isValidUUID > returns false for UUID with whitespace
(pass) isValidUUID > returns false for malformed UUIDs
(pass) isValidUUID > returns false for UUIDs with invalid characters
(pass) isValidUUID > returns false for UUID without hyphens [0.05ms]
(pass) sanitizeUUID > returns valid UUID unchanged [0.05ms]
(pass) sanitizeUUID > removes trailing backslash and returns valid UUID [0.01ms]
(pass) sanitizeUUID > removes trailing forward slash and returns valid UUID
(pass) sanitizeUUID > removes trailing whitespace and returns valid UUID
(pass) sanitizeUUID > trims leading whitespace before validation
(pass) sanitizeUUID > returns undefined for null/undefined input
(pass) sanitizeUUID > returns undefined for empty string
(pass) sanitizeUUID > returns undefined for completely invalid input
(pass) sanitizeUUID > handles real-world URL-decoded backslash case from error logs
(pass) sanitizeUUID > handles multiple types of trailing garbage
(pass) sanitizeUUID > handles multiple whitespace types
(pass) sanitizeUUID > rejects UUIDs with embedded invalid characters (fail-fast) [0.04ms]

tests/unit/blooio-schema.test.ts:
(pass) Blooio Webhook Schema > nullish field handling > should accept event with explicit null values (Blooio actual format) [0.48ms]
(pass) Blooio Webhook Schema > nullish field handling > should accept event with omitted fields (standard optional) [0.03ms]
(pass) Blooio Webhook Schema > nullish field handling > should accept event with mixed null and undefined fields [0.03ms]
(pass) Blooio Webhook Schema > required field validation > should reject event without required event type [0.02ms]
(pass) Blooio Webhook Schema > required field validation > should reject event with empty event type
(pass) Blooio Webhook Schema > attachment validation > should accept string attachments
(pass) Blooio Webhook Schema > attachment validation > should accept object attachments with url and name [0.28ms]
(pass) Blooio Webhook Schema > attachment validation > should accept null attachments array
(pass) Blooio Webhook Schema > real Blooio webhook payloads > should handle typical message_received event [0.04ms]
(pass) Blooio Webhook Schema > real Blooio webhook payloads > should handle message with media attachment [0.03ms]
(pass) Blooio Webhook Schema > real Blooio webhook payloads > should handle typing indicator event

tests/unit/twilio-automation-service.test.ts:
(pass) TwilioAutomationService > validateCredentials > returns invalid when accountSid is empty [0.15ms]
(pass) TwilioAutomationService > validateCredentials > returns invalid when authToken is empty [0.02ms]
(pass) TwilioAutomationService > validateCredentials > returns invalid when both are empty [0.03ms]
(pass) TwilioAutomationService > invalidateStatusCache > clears cache for organization
(pass) TwilioAutomationService > invalidateStatusCache > handles multiple invalidations [0.01ms]
(pass) TwilioAutomationService > getWebhookUrl > returns correct webhook URL format [0.01ms]
(pass) TwilioAutomationService > getWebhookUrl > includes organization ID in URL
207 |  * Get the primary database URL (always required)
208 |  */
209 | function getPrimaryDatabaseUrl(): string {
210 |   const url = process.env.DATABASE_URL;
211 |   if (!url) {
212 |     throw new Error(
                    ^
error: DATABASE_URL environment variable is not set. Make sure you have a .env.local file with DATABASE_URL defined.
      at getPrimaryDatabaseUrl (/Users/shawwalters/eliza-workspace/eliza-cloud-v2/db/client.ts:212:15)
      at getWriteConnection (/Users/shawwalters/eliza-workspace/eliza-cloud-v2/db/client.ts:275:17)
      at get (/Users/shawwalters/eliza-workspace/eliza-cloud-v2/db/client.ts:340:40)
      at findByName (/Users/shawwalters/eliza-workspace/eliza-cloud-v2/db/repositories/secrets.ts:81:28)
      at get (/Users/shawwalters/eliza-workspace/eliza-cloud-v2/lib/services/secrets/secrets.ts:220:44)
      at getAccountSid (/Users/shawwalters/eliza-workspace/eliza-cloud-v2/lib/services/twilio-automation/index.ts:205:27)
      at sendMessage (/Users/shawwalters/eliza-workspace/eliza-cloud-v2/lib/services/twilio-automation/index.ts:300:12)
      at <anonymous> (/Users/shawwalters/eliza-workspace/eliza-cloud-v2/tests/unit/twilio-automation-service.test.ts:81:52)
(fail) TwilioAutomationService > sendMessage > returns error when Twilio is not configured [0.33ms]
207 |  * Get the primary database URL (always required)
208 |  */
209 | function getPrimaryDatabaseUrl(): string {
210 |   const url = process.env.DATABASE_URL;
211 |   if (!url) {
212 |     throw new Error(
                    ^
error: DATABASE_URL environment variable is not set. Make sure you have a .env.local file with DATABASE_URL defined.
      at getPrimaryDatabaseUrl (/Users/shawwalters/eliza-workspace/eliza-cloud-v2/db/client.ts:212:15)
      at getWriteConnection (/Users/shawwalters/eliza-workspace/eliza-cloud-v2/db/client.ts:275:17)
      at get (/Users/shawwalters/eliza-workspace/eliza-cloud-v2/db/client.ts:340:40)
      at findByName (/Users/shawwalters/eliza-workspace/eliza-cloud-v2/db/repositories/secrets.ts:81:28)
      at get (/Users/shawwalters/eliza-workspace/eliza-cloud-v2/lib/services/secrets/secrets.ts:220:44)
      at getAccountSid (/Users/shawwalters/eliza-workspace/eliza-cloud-v2/lib/services/twilio-automation/index.ts:205:27)
      at sendMessage (/Users/shawwalters/eliza-workspace/eliza-cloud-v2/lib/services/twilio-automation/index.ts:300:12)
      at <anonymous> (/Users/shawwalters/eliza-workspace/eliza-cloud-v2/tests/unit/twilio-automation-service.test.ts:92:52)
(fail) TwilioAutomationService > sendMessage > validates E.164 phone number format [0.08ms]
207 |  * Get the primary database URL (always required)
208 |  */
209 | function getPrimaryDatabaseUrl(): string {
210 |   const url = process.env.DATABASE_URL;
211 |   if (!url) {
212 |     throw new Error(
                    ^
error: DATABASE_URL environment variable is not set. Make sure you have a .env.local file with DATABASE_URL defined.
      at getPrimaryDatabaseUrl (/Users/shawwalters/eliza-workspace/eliza-cloud-v2/db/client.ts:212:15)
      at getWriteConnection (/Users/shawwalters/eliza-workspace/eliza-cloud-v2/db/client.ts:275:17)
      at get (/Users/shawwalters/eliza-workspace/eliza-cloud-v2/db/client.ts:340:40)
      at findByName (/Users/shawwalters/eliza-workspace/eliza-cloud-v2/db/repositories/secrets.ts:81:28)
      at get (/Users/shawwalters/eliza-workspace/eliza-cloud-v2/lib/services/secrets/secrets.ts:220:44)
      at getAccountSid (/Users/shawwalters/eliza-workspace/eliza-cloud-v2/lib/services/twilio-automation/index.ts:205:27)
      at sendMessage (/Users/shawwalters/eliza-workspace/eliza-cloud-v2/lib/services/twilio-automation/index.ts:300:12)
      at <anonymous> (/Users/shawwalters/eliza-workspace/eliza-cloud-v2/tests/unit/twilio-automation-service.test.ts:102:52)
(fail) TwilioAutomationService > sendMessage > accepts valid E.164 format [0.07ms]
207 |  * Get the primary database URL (always required)
208 |  */
209 | function getPrimaryDatabaseUrl(): string {
210 |   const url = process.env.DATABASE_URL;
211 |   if (!url) {
212 |     throw new Error(
                    ^
error: DATABASE_URL environment variable is not set. Make sure you have a .env.local file with DATABASE_URL defined.
      at getPrimaryDatabaseUrl (/Users/shawwalters/eliza-workspace/eliza-cloud-v2/db/client.ts:212:15)
      at getWriteConnection (/Users/shawwalters/eliza-workspace/eliza-cloud-v2/db/client.ts:275:17)
      at get (/Users/shawwalters/eliza-workspace/eliza-cloud-v2/db/client.ts:340:40)
      at findByName (/Users/shawwalters/eliza-workspace/eliza-cloud-v2/db/repositories/secrets.ts:81:28)
      at get (/Users/shawwalters/eliza-workspace/eliza-cloud-v2/lib/services/secrets/secrets.ts:220:44)
      at getAccountSid (/Users/shawwalters/eliza-workspace/eliza-cloud-v2/lib/services/twilio-automation/index.ts:205:27)
      at sendMessage (/Users/shawwalters/eliza-workspace/eliza-cloud-v2/lib/services/twilio-automation/index.ts:300:12)
      at <anonymous> (/Users/shawwalters/eliza-workspace/eliza-cloud-v2/tests/unit/twilio-automation-service.test.ts:112:52)
(fail) TwilioAutomationService > sendMessage > handles message with media URLs [0.05ms]
207 |  * Get the primary database URL (always required)
208 |  */
209 | function getPrimaryDatabaseUrl(): string {
210 |   const url = process.env.DATABASE_URL;
211 |   if (!url) {
212 |     throw new Error(
                    ^
error: DATABASE_URL environment variable is not set. Make sure you have a .env.local file with DATABASE_URL defined.
      at getPrimaryDatabaseUrl (/Users/shawwalters/eliza-workspace/eliza-cloud-v2/db/client.ts:212:15)
      at getWriteConnection (/Users/shawwalters/eliza-workspace/eliza-cloud-v2/db/client.ts:275:17)
      at get (/Users/shawwalters/eliza-workspace/eliza-cloud-v2/db/client.ts:340:40)
      at findByName (/Users/shawwalters/eliza-workspace/eliza-cloud-v2/db/repositories/secrets.ts:81:28)
      at get (/Users/shawwalters/eliza-workspace/eliza-cloud-v2/lib/services/secrets/secrets.ts:220:44)
      at getAccountSid (/Users/shawwalters/eliza-workspace/eliza-cloud-v2/lib/services/twilio-automation/index.ts:205:27)
      at sendMessage (/Users/shawwalters/eliza-workspace/eliza-cloud-v2/lib/services/twilio-automation/index.ts:300:12)
      at <anonymous> (/Users/shawwalters/eliza-workspace/eliza-cloud-v2/tests/unit/twilio-automation-service.test.ts:122:52)
(fail) TwilioAutomationService > sendMessage > handles message with multiple media URLs [0.08ms]
207 |  * Get the primary database URL (always required)
208 |  */
209 | function getPrimaryDatabaseUrl(): string {
210 |   const url = process.env.DATABASE_URL;
211 |   if (!url) {
212 |     throw new Error(
                    ^
error: DATABASE_URL environment variable is not set. Make sure you have a .env.local file with DATABASE_URL defined.
      at getPrimaryDatabaseUrl (/Users/shawwalters/eliza-workspace/eliza-cloud-v2/db/client.ts:212:15)
      at getWriteConnection (/Users/shawwalters/eliza-workspace/eliza-cloud-v2/db/client.ts:275:17)
      at get (/Users/shawwalters/eliza-workspace/eliza-cloud-v2/db/client.ts:340:40)
      at findByName (/Users/shawwalters/eliza-workspace/eliza-cloud-v2/db/repositories/secrets.ts:81:28)
      at get (/Users/shawwalters/eliza-workspace/eliza-cloud-v2/lib/services/secrets/secrets.ts:220:44)
      at getAccountSid (/Users/shawwalters/eliza-workspace/eliza-cloud-v2/lib/services/twilio-automation/index.ts:205:27)
      at sendMessage (/Users/shawwalters/eliza-workspace/eliza-cloud-v2/lib/services/twilio-automation/index.ts:300:12)
      at <anonymous> (/Users/shawwalters/eliza-workspace/eliza-cloud-v2/tests/unit/twilio-automation-service.test.ts:135:52)
(fail) TwilioAutomationService > sendMessage > handles message with status callback [0.07ms]
207 |  * Get the primary database URL (always required)
208 |  */
209 | function getPrimaryDatabaseUrl(): string {
210 |   const url = process.env.DATABASE_URL;
211 |   if (!url) {
212 |     throw new Error(
                    ^
error: DATABASE_URL environment variable is not set. Make sure you have a .env.local file with DATABASE_URL defined.
      at getPrimaryDatabaseUrl (/Users/shawwalters/eliza-workspace/eliza-cloud-v2/db/client.ts:212:15)
      at getWriteConnection (/Users/shawwalters/eliza-workspace/eliza-cloud-v2/db/client.ts:275:17)
      at get (/Users/shawwalters/eliza-workspace/eliza-cloud-v2/db/client.ts:340:40)
      at findByName (/Users/shawwalters/eliza-workspace/eliza-cloud-v2/db/repositories/secrets.ts:81:28)
      at get (/Users/shawwalters/eliza-workspace/eliza-cloud-v2/lib/services/secrets/secrets.ts:220:44)
      at getAccountSid (/Users/shawwalters/eliza-workspace/eliza-cloud-v2/lib/services/twilio-automation/index.ts:205:27)
      at isConfigured (/Users/shawwalters/eliza-workspace/eliza-cloud-v2/lib/services/twilio-automation/index.ts:368:12)
      at <anonymous> (/Users/shawwalters/eliza-workspace/eliza-cloud-v2/tests/unit/twilio-automation-service.test.ts:147:52)
(fail) TwilioAutomationService > isConfigured > returns false when no credentials stored [0.09ms]
207 |  * Get the primary database URL (always required)
208 |  */
209 | function getPrimaryDatabaseUrl(): string {
210 |   const url = process.env.DATABASE_URL;
211 |   if (!url) {
212 |     throw new Error(
                    ^
error: DATABASE_URL environment variable is not set. Make sure you have a .env.local file with DATABASE_URL defined.
      at getPrimaryDatabaseUrl (/Users/shawwalters/eliza-workspace/eliza-cloud-v2/db/client.ts:212:15)
      at getWriteConnection (/Users/shawwalters/eliza-workspace/eliza-cloud-v2/db/client.ts:275:17)
      at get (/Users/shawwalters/eliza-workspace/eliza-cloud-v2/db/client.ts:340:40)
      at findByName (/Users/shawwalters/eliza-workspace/eliza-cloud-v2/db/repositories/secrets.ts:81:28)
      at get (/Users/shawwalters/eliza-workspace/eliza-cloud-v2/lib/services/secrets/secrets.ts:220:44)
      at getAccountSid (/Users/shawwalters/eliza-workspace/eliza-cloud-v2/lib/services/twilio-automation/index.ts:205:27)
      at getConnectionStatus (/Users/shawwalters/eliza-workspace/eliza-cloud-v2/lib/services/twilio-automation/index.ts:239:12)
      at <anonymous> (/Users/shawwalters/eliza-workspace/eliza-cloud-v2/tests/unit/twilio-automation-service.test.ts:154:52)
(fail) TwilioAutomationService > getConnectionStatus > returns unconfigured status when no credentials [0.13ms]
207 |  * Get the primary database URL (always required)
208 |  */
209 | function getPrimaryDatabaseUrl(): string {
210 |   const url = process.env.DATABASE_URL;
211 |   if (!url) {
212 |     throw new Error(
                    ^
error: DATABASE_URL environment variable is not set. Make sure you have a .env.local file with DATABASE_URL defined.
      at getPrimaryDatabaseUrl (/Users/shawwalters/eliza-workspace/eliza-cloud-v2/db/client.ts:212:15)
      at getWriteConnection (/Users/shawwalters/eliza-workspace/eliza-cloud-v2/db/client.ts:275:17)
      at get (/Users/shawwalters/eliza-workspace/eliza-cloud-v2/db/client.ts:340:40)
      at findByName (/Users/shawwalters/eliza-workspace/eliza-cloud-v2/db/repositories/secrets.ts:81:28)
      at get (/Users/shawwalters/eliza-workspace/eliza-cloud-v2/lib/services/secrets/secrets.ts:220:44)
      at getAccountSid (/Users/shawwalters/eliza-workspace/eliza-cloud-v2/lib/services/twilio-automation/index.ts:205:27)
      at getConnectionStatus (/Users/shawwalters/eliza-workspace/eliza-cloud-v2/lib/services/twilio-automation/index.ts:239:12)
      at <anonymous> (/Users/shawwalters/eliza-workspace/eliza-cloud-v2/tests/unit/twilio-automation-service.test.ts:163:53)
(fail) TwilioAutomationService > getConnectionStatus > caches status for performance [0.08ms]
207 |  * Get the primary database URL (always required)
208 |  */
209 | function getPrimaryDatabaseUrl(): string {
210 |   const url = process.env.DATABASE_URL;
211 |   if (!url) {
212 |     throw new Error(
                    ^
error: DATABASE_URL environment variable is not set. Make sure you have a .env.local file with DATABASE_URL defined.
      at getPrimaryDatabaseUrl (/Users/shawwalters/eliza-workspace/eliza-cloud-v2/db/client.ts:212:15)
      at getWriteConnection (/Users/shawwalters/eliza-workspace/eliza-cloud-v2/db/client.ts:275:17)
      at get (/Users/shawwalters/eliza-workspace/eliza-cloud-v2/db/client.ts:340:40)
      at findByName (/Users/shawwalters/eliza-workspace/eliza-cloud-v2/db/repositories/secrets.ts:81:28)
      at get (/Users/shawwalters/eliza-workspace/eliza-cloud-v2/lib/services/secrets/secrets.ts:220:44)
      at getAccountSid (/Users/shawwalters/eliza-workspace/eliza-cloud-v2/lib/services/twilio-automation/index.ts:205:27)
      at getConnectionStatus (/Users/shawwalters/eliza-workspace/eliza-cloud-v2/lib/services/twilio-automation/index.ts:239:12)
      at <anonymous> (/Users/shawwalters/eliza-workspace/eliza-cloud-v2/tests/unit/twilio-automation-service.test.ts:172:53)
(fail) TwilioAutomationService > getConnectionStatus > respects skipCache option [0.01ms]
207 |  * Get the primary database URL (always required)
208 |  */
209 | function getPrimaryDatabaseUrl(): string {
210 |   const url = process.env.DATABASE_URL;
211 |   if (!url) {
212 |     throw new Error(
                    ^
error: DATABASE_URL environment variable is not set. Make sure you have a .env.local file with DATABASE_URL defined.
      at getPrimaryDatabaseUrl (/Users/shawwalters/eliza-workspace/eliza-cloud-v2/db/client.ts:212:15)
      at getWriteConnection (/Users/shawwalters/eliza-workspace/eliza-cloud-v2/db/client.ts:275:17)
      at get (/Users/shawwalters/eliza-workspace/eliza-cloud-v2/db/client.ts:340:40)
      at findByName (/Users/shawwalters/eliza-workspace/eliza-cloud-v2/db/repositories/secrets.ts:81:28)
      at get (/Users/shawwalters/eliza-workspace/eliza-cloud-v2/lib/services/secrets/secrets.ts:220:44)
      at getAccountSid (/Users/shawwalters/eliza-workspace/eliza-cloud-v2/lib/services/twilio-automation/index.ts:205:27)
      at getConnectionStatus (/Users/shawwalters/eliza-workspace/eliza-cloud-v2/lib/services/twilio-automation/index.ts:239:12)
      at <anonymous> (/Users/shawwalters/eliza-workspace/eliza-cloud-v2/tests/unit/twilio-automation-service.test.ts:181:52)
(fail) TwilioAutomationService > getConnectionStatus > includes phoneNumber when available [0.11ms]
207 |  * Get the primary database URL (always required)
208 |  */
209 | function getPrimaryDatabaseUrl(): string {
210 |   const url = process.env.DATABASE_URL;
211 |   if (!url) {
212 |     throw new Error(
                    ^
error: DATABASE_URL environment variable is not set. Make sure you have a .env.local file with DATABASE_URL defined.
      at getPrimaryDatabaseUrl (/Users/shawwalters/eliza-workspace/eliza-cloud-v2/db/client.ts:212:15)
      at getWriteConnection (/Users/shawwalters/eliza-workspace/eliza-cloud-v2/db/client.ts:275:17)
      at get (/Users/shawwalters/eliza-workspace/eliza-cloud-v2/db/client.ts:340:40)
      at findByName (/Users/shawwalters/eliza-workspace/eliza-cloud-v2/db/repositories/secrets.ts:81:28)
      at get (/Users/shawwalters/eliza-workspace/eliza-cloud-v2/lib/services/secrets/secrets.ts:220:44)
      at getAccountSid (/Users/shawwalters/eliza-workspace/eliza-cloud-v2/lib/services/twilio-automation/index.ts:205:27)
      at <anonymous> (/Users/shawwalters/eliza-workspace/eliza-cloud-v2/tests/unit/twilio-automation-service.test.ts:193:51)
(fail) TwilioAutomationService > Credential Retrieval Methods > getAccountSid > returns null when no credential stored
207 |  * Get the primary database URL (always required)
208 |  */
209 | function getPrimaryDatabaseUrl(): string {
210 |   const url = process.env.DATABASE_URL;
211 |   if (!url) {
212 |     throw new Error(
                    ^
error: DATABASE_URL environment variable is not set. Make sure you have a .env.local file with DATABASE_URL defined.
      at getPrimaryDatabaseUrl (/Users/shawwalters/eliza-workspace/eliza-cloud-v2/db/client.ts:212:15)
      at getWriteConnection (/Users/shawwalters/eliza-workspace/eliza-cloud-v2/db/client.ts:275:17)
      at get (/Users/shawwalters/eliza-workspace/eliza-cloud-v2/db/client.ts:340:40)
      at findByName (/Users/shawwalters/eliza-workspace/eliza-cloud-v2/db/repositories/secrets.ts:81:28)
      at get (/Users/shawwalters/eliza-workspace/eliza-cloud-v2/lib/services/secrets/secrets.ts:220:44)
      at getAuthToken (/Users/shawwalters/eliza-workspace/eliza-cloud-v2/lib/services/twilio-automation/index.ts:212:27)
      at <anonymous> (/Users/shawwalters/eliza-workspace/eliza-cloud-v2/tests/unit/twilio-automation-service.test.ts:200:53)
(fail) TwilioAutomationService > Credential Retrieval Methods > getAuthToken > returns null when no credential stored
207 |  * Get the primary database URL (always required)
208 |  */
209 | function getPrimaryDatabaseUrl(): string {
210 |   const url = process.env.DATABASE_URL;
211 |   if (!url) {
212 |     throw new Error(
                    ^
error: DATABASE_URL environment variable is not set. Make sure you have a .env.local file with DATABASE_URL defined.
      at getPrimaryDatabaseUrl (/Users/shawwalters/eliza-workspace/eliza-cloud-v2/db/client.ts:212:15)
      at getWriteConnection (/Users/shawwalters/eliza-workspace/eliza-cloud-v2/db/client.ts:275:17)
      at get (/Users/shawwalters/eliza-workspace/eliza-cloud-v2/db/client.ts:340:40)
      at findByName (/Users/shawwalters/eliza-workspace/eliza-cloud-v2/db/repositories/secrets.ts:81:28)
      at get (/Users/shawwalters/eliza-workspace/eliza-cloud-v2/lib/services/secrets/secrets.ts:220:44)
      at getPhoneNumber (/Users/shawwalters/eliza-workspace/eliza-cloud-v2/lib/services/twilio-automation/index.ts:219:27)
      at <anonymous> (/Users/shawwalters/eliza-workspace/eliza-cloud-v2/tests/unit/twilio-automation-service.test.ts:207:53)
(fail) TwilioAutomationService > Credential Retrieval Methods > getPhoneNumber > returns null when no phone number stored
207 |  * Get the primary database URL (always required)
208 |  */
209 | function getPrimaryDatabaseUrl(): string {
210 |   const url = process.env.DATABASE_URL;
211 |   if (!url) {
212 |     throw new Error(
                    ^
error: DATABASE_URL environment variable is not set. Make sure you have a .env.local file with DATABASE_URL defined.
      at getPrimaryDatabaseUrl (/Users/shawwalters/eliza-workspace/eliza-cloud-v2/db/client.ts:212:15)
      at getWriteConnection (/Users/shawwalters/eliza-workspace/eliza-cloud-v2/db/client.ts:275:17)
      at get (/Users/shawwalters/eliza-workspace/eliza-cloud-v2/db/client.ts:340:40)
      at findByName (/Users/shawwalters/eliza-workspace/eliza-cloud-v2/db/repositories/secrets.ts:81:28)
      at get (/Users/shawwalters/eliza-workspace/eliza-cloud-v2/lib/services/secrets/secrets.ts:220:44)
      at getAccountSid (/Users/shawwalters/eliza-workspace/eliza-cloud-v2/lib/services/twilio-automation/index.ts:205:27)
      at getConnectionStatus (/Users/shawwalters/eliza-workspace/eliza-cloud-v2/lib/services/twilio-automation/index.ts:239:12)
      at <anonymous> (/Users/shawwalters/eliza-workspace/eliza-cloud-v2/tests/unit/twilio-automation-service.test.ts:215:52)
(fail) TwilioAutomationService > Error Handling > handles empty organization ID [0.17ms]
207 |  * Get the primary database URL (always required)
208 |  */
209 | function getPrimaryDatabaseUrl(): string {
210 |   const url = process.env.DATABASE_URL;
211 |   if (!url) {
212 |     throw new Error(
                    ^
error: DATABASE_URL environment variable is not set. Make sure you have a .env.local file with DATABASE_URL defined.
      at getPrimaryDatabaseUrl (/Users/shawwalters/eliza-workspace/eliza-cloud-v2/db/client.ts:212:15)
      at getWriteConnection (/Users/shawwalters/eliza-workspace/eliza-cloud-v2/db/client.ts:275:17)
      at get (/Users/shawwalters/eliza-workspace/eliza-cloud-v2/db/client.ts:340:40)
      at findByName (/Users/shawwalters/eliza-workspace/eliza-cloud-v2/db/repositories/secrets.ts:81:28)
      at get (/Users/shawwalters/eliza-workspace/eliza-cloud-v2/lib/services/secrets/secrets.ts:220:44)
      at getAccountSid (/Users/shawwalters/eliza-workspace/eliza-cloud-v2/lib/services/twilio-automation/index.ts:205:27)
      at getConnectionStatus (/Users/shawwalters/eliza-workspace/eliza-cloud-v2/lib/services/twilio-automation/index.ts:239:12)
      at <anonymous> (/Users/shawwalters/eliza-workspace/eliza-cloud-v2/tests/unit/twilio-automation-service.test.ts:220:52)
(fail) TwilioAutomationService > Error Handling > handles special characters in organization ID [0.06ms]
207 |  * Get the primary database URL (always required)
208 |  */
209 | function getPrimaryDatabaseUrl(): string {
210 |   const url = process.env.DATABASE_URL;
211 |   if (!url) {
212 |     throw new Error(
                    ^
error: DATABASE_URL environment variable is not set. Make sure you have a .env.local file with DATABASE_URL defined.
      at getPrimaryDatabaseUrl (/Users/shawwalters/eliza-workspace/eliza-cloud-v2/db/client.ts:212:15)
      at getWriteConnection (/Users/shawwalters/eliza-workspace/eliza-cloud-v2/db/client.ts:275:17)
      at get (/Users/shawwalters/eliza-workspace/eliza-cloud-v2/db/client.ts:340:40)
      at findByName (/Users/shawwalters/eliza-workspace/eliza-cloud-v2/db/repositories/secrets.ts:81:28)
      at get (/Users/shawwalters/eliza-workspace/eliza-cloud-v2/lib/services/secrets/secrets.ts:220:44)
      at getAccountSid (/Users/shawwalters/eliza-workspace/eliza-cloud-v2/lib/services/twilio-automation/index.ts:205:27)
      at sendMessage (/Users/shawwalters/eliza-workspace/eliza-cloud-v2/lib/services/twilio-automation/index.ts:300:12)
      at <anonymous> (/Users/shawwalters/eliza-workspace/eliza-cloud-v2/tests/unit/twilio-automation-service.test.ts:229:52)
(fail) TwilioAutomationService > Phone Number Validation > rejects phone number without plus sign [0.05ms]
207 |  * Get the primary database URL (always required)
208 |  */
209 | function getPrimaryDatabaseUrl(): string {
210 |   const url = process.env.DATABASE_URL;
211 |   if (!url) {
212 |     throw new Error(
                    ^
error: DATABASE_URL environment variable is not set. Make sure you have a .env.local file with DATABASE_URL defined.
      at getPrimaryDatabaseUrl (/Users/shawwalters/eliza-workspace/eliza-cloud-v2/db/client.ts:212:15)
      at getWriteConnection (/Users/shawwalters/eliza-workspace/eliza-cloud-v2/db/client.ts:275:17)
      at get (/Users/shawwalters/eliza-workspace/eliza-cloud-v2/db/client.ts:340:40)
      at findByName (/Users/shawwalters/eliza-workspace/eliza-cloud-v2/db/repositories/secrets.ts:81:28)
      at get (/Users/shawwalters/eliza-workspace/eliza-cloud-v2/lib/services/secrets/secrets.ts:220:44)
      at getAccountSid (/Users/shawwalters/eliza-workspace/eliza-cloud-v2/lib/services/twilio-automation/index.ts:205:27)
      at sendMessage (/Users/shawwalters/eliza-workspace/eliza-cloud-v2/lib/services/twilio-automation/index.ts:300:12)
      at <anonymous> (/Users/shawwalters/eliza-workspace/eliza-cloud-v2/tests/unit/twilio-automation-service.test.ts:237:52)
(fail) TwilioAutomationService > Phone Number Validation > rejects phone number with spaces [0.02ms]
207 |  * Get the primary database URL (always required)
208 |  */
209 | function getPrimaryDatabaseUrl(): string {
210 |   const url = process.env.DATABASE_URL;
211 |   if (!url) {
212 |     throw new Error(
                    ^
error: DATABASE_URL environment variable is not set. Make sure you have a .env.local file with DATABASE_URL defined.
      at getPrimaryDatabaseUrl (/Users/shawwalters/eliza-workspace/eliza-cloud-v2/db/client.ts:212:15)
      at getWriteConnection (/Users/shawwalters/eliza-workspace/eliza-cloud-v2/db/client.ts:275:17)
      at get (/Users/shawwalters/eliza-workspace/eliza-cloud-v2/db/client.ts:340:40)
      at findByName (/Users/shawwalters/eliza-workspace/eliza-cloud-v2/db/repositories/secrets.ts:81:28)
      at get (/Users/shawwalters/eliza-workspace/eliza-cloud-v2/lib/services/secrets/secrets.ts:220:44)
      at getAccountSid (/Users/shawwalters/eliza-workspace/eliza-cloud-v2/lib/services/twilio-automation/index.ts:205:27)
      at sendMessage (/Users/shawwalters/eliza-workspace/eliza-cloud-v2/lib/services/twilio-automation/index.ts:300:12)
      at <anonymous> (/Users/shawwalters/eliza-workspace/eliza-cloud-v2/tests/unit/twilio-automation-service.test.ts:245:52)
(fail) TwilioAutomationService > Phone Number Validation > rejects phone number with dashes [0.12ms]
207 |  * Get the primary database URL (always required)
208 |  */
209 | function getPrimaryDatabaseUrl(): string {
210 |   const url = process.env.DATABASE_URL;
211 |   if (!url) {
212 |     throw new Error(
                    ^
error: DATABASE_URL environment variable is not set. Make sure you have a .env.local file with DATABASE_URL defined.
      at getPrimaryDatabaseUrl (/Users/shawwalters/eliza-workspace/eliza-cloud-v2/db/client.ts:212:15)
      at getWriteConnection (/Users/shawwalters/eliza-workspace/eliza-cloud-v2/db/client.ts:275:17)
      at get (/Users/shawwalters/eliza-workspace/eliza-cloud-v2/db/client.ts:340:40)
      at findByName (/Users/shawwalters/eliza-workspace/eliza-cloud-v2/db/repositories/secrets.ts:81:28)
      at get (/Users/shawwalters/eliza-workspace/eliza-cloud-v2/lib/services/secrets/secrets.ts:220:44)
      at getAccountSid (/Users/shawwalters/eliza-workspace/eliza-cloud-v2/lib/services/twilio-automation/index.ts:205:27)
      at sendMessage (/Users/shawwalters/eliza-workspace/eliza-cloud-v2/lib/services/twilio-automation/index.ts:300:12)
      at <anonymous> (/Users/shawwalters/eliza-workspace/eliza-cloud-v2/tests/unit/twilio-automation-service.test.ts:253:52)
(fail) TwilioAutomationService > Phone Number Validation > rejects phone number with parentheses [0.09ms]
207 |  * Get the primary database URL (always required)
208 |  */
209 | function getPrimaryDatabaseUrl(): string {
210 |   const url = process.env.DATABASE_URL;
211 |   if (!url) {
212 |     throw new Error(
                    ^
error: DATABASE_URL environment variable is not set. Make sure you have a .env.local file with DATABASE_URL defined.
      at getPrimaryDatabaseUrl (/Users/shawwalters/eliza-workspace/eliza-cloud-v2/db/client.ts:212:15)
      at getWriteConnection (/Users/shawwalters/eliza-workspace/eliza-cloud-v2/db/client.ts:275:17)
      at get (/Users/shawwalters/eliza-workspace/eliza-cloud-v2/db/client.ts:340:40)
      at findByName (/Users/shawwalters/eliza-workspace/eliza-cloud-v2/db/repositories/secrets.ts:81:28)
      at get (/Users/shawwalters/eliza-workspace/eliza-cloud-v2/lib/services/secrets/secrets.ts:220:44)
      at getAccountSid (/Users/shawwalters/eliza-workspace/eliza-cloud-v2/lib/services/twilio-automation/index.ts:205:27)
      at sendMessage (/Users/shawwalters/eliza-workspace/eliza-cloud-v2/lib/services/twilio-automation/index.ts:300:12)
      at <anonymous> (/Users/shawwalters/eliza-workspace/eliza-cloud-v2/tests/unit/twilio-automation-service.test.ts:261:52)
(fail) TwilioAutomationService > Phone Number Validation > accepts international phone number [0.08ms]
207 |  * Get the primary database URL (always required)
208 |  */
209 | function getPrimaryDatabaseUrl(): string {
210 |   const url = process.env.DATABASE_URL;
211 |   if (!url) {
212 |     throw new Error(
                    ^
error: DATABASE_URL environment variable is not set. Make sure you have a .env.local file with DATABASE_URL defined.
      at getPrimaryDatabaseUrl (/Users/shawwalters/eliza-workspace/eliza-cloud-v2/db/client.ts:212:15)
      at getWriteConnection (/Users/shawwalters/eliza-workspace/eliza-cloud-v2/db/client.ts:275:17)
      at get (/Users/shawwalters/eliza-workspace/eliza-cloud-v2/db/client.ts:340:40)
      at findByName (/Users/shawwalters/eliza-workspace/eliza-cloud-v2/db/repositories/secrets.ts:81:28)
      at get (/Users/shawwalters/eliza-workspace/eliza-cloud-v2/lib/services/secrets/secrets.ts:220:44)
      at getAccountSid (/Users/shawwalters/eliza-workspace/eliza-cloud-v2/lib/services/twilio-automation/index.ts:205:27)
      at sendMessage (/Users/shawwalters/eliza-workspace/eliza-cloud-v2/lib/services/twilio-automation/index.ts:300:12)
      at <anonymous> (/Users/shawwalters/eliza-workspace/eliza-cloud-v2/tests/unit/twilio-automation-service.test.ts:272:52)
(fail) TwilioAutomationService > Message Request Handling > handles body-only message [0.06ms]
207 |  * Get the primary database URL (always required)
208 |  */
209 | function getPrimaryDatabaseUrl(): string {
210 |   const url = process.env.DATABASE_URL;
211 |   if (!url) {
212 |     throw new Error(
                    ^
error: DATABASE_URL environment variable is not set. Make sure you have a .env.local file with DATABASE_URL defined.
      at getPrimaryDatabaseUrl (/Users/shawwalters/eliza-workspace/eliza-cloud-v2/db/client.ts:212:15)
      at getWriteConnection (/Users/shawwalters/eliza-workspace/eliza-cloud-v2/db/client.ts:275:17)
      at get (/Users/shawwalters/eliza-workspace/eliza-cloud-v2/db/client.ts:340:40)
      at findByName (/Users/shawwalters/eliza-workspace/eliza-cloud-v2/db/repositories/secrets.ts:81:28)
      at get (/Users/shawwalters/eliza-workspace/eliza-cloud-v2/lib/services/secrets/secrets.ts:220:44)
      at getAccountSid (/Users/shawwalters/eliza-workspace/eliza-cloud-v2/lib/services/twilio-automation/index.ts:205:27)
      at sendMessage (/Users/shawwalters/eliza-workspace/eliza-cloud-v2/lib/services/twilio-automation/index.ts:300:12)
      at <anonymous> (/Users/shawwalters/eliza-workspace/eliza-cloud-v2/tests/unit/twilio-automation-service.test.ts:281:52)
(fail) TwilioAutomationService > Message Request Handling > handles empty body with media [0.04ms]
207 |  * Get the primary database URL (always required)
208 |  */
209 | function getPrimaryDatabaseUrl(): string {
210 |   const url = process.env.DATABASE_URL;
211 |   if (!url) {
212 |     throw new Error(
                    ^
error: DATABASE_URL environment variable is not set. Make sure you have a .env.local file with DATABASE_URL defined.
      at getPrimaryDatabaseUrl (/Users/shawwalters/eliza-workspace/eliza-cloud-v2/db/client.ts:212:15)
      at getWriteConnection (/Users/shawwalters/eliza-workspace/eliza-cloud-v2/db/client.ts:275:17)
      at get (/Users/shawwalters/eliza-workspace/eliza-cloud-v2/db/client.ts:340:40)
      at findByName (/Users/shawwalters/eliza-workspace/eliza-cloud-v2/db/repositories/secrets.ts:81:28)
      at get (/Users/shawwalters/eliza-workspace/eliza-cloud-v2/lib/services/secrets/secrets.ts:220:44)
      at getAccountSid (/Users/shawwalters/eliza-workspace/eliza-cloud-v2/lib/services/twilio-automation/index.ts:205:27)
      at sendMessage (/Users/shawwalters/eliza-workspace/eliza-cloud-v2/lib/services/twilio-automation/index.ts:300:12)
      at <anonymous> (/Users/shawwalters/eliza-workspace/eliza-cloud-v2/tests/unit/twilio-automation-service.test.ts:290:52)
(fail) TwilioAutomationService > Message Request Handling > handles very long message body [0.06ms]
207 |  * Get the primary database URL (always required)
208 |  */
209 | function getPrimaryDatabaseUrl(): string {
210 |   const url = process.env.DATABASE_URL;
211 |   if (!url) {
212 |     throw new Error(
                    ^
error: DATABASE_URL environment variable is not set. Make sure you have a .env.local file with DATABASE_URL defined.
      at getPrimaryDatabaseUrl (/Users/shawwalters/eliza-workspace/eliza-cloud-v2/db/client.ts:212:15)
      at getWriteConnection (/Users/shawwalters/eliza-workspace/eliza-cloud-v2/db/client.ts:275:17)
      at get (/Users/shawwalters/eliza-workspace/eliza-cloud-v2/db/client.ts:340:40)
      at findByName (/Users/shawwalters/eliza-workspace/eliza-cloud-v2/db/repositories/secrets.ts:81:28)
      at get (/Users/shawwalters/eliza-workspace/eliza-cloud-v2/lib/services/secrets/secrets.ts:220:44)
      at getAccountSid (/Users/shawwalters/eliza-workspace/eliza-cloud-v2/lib/services/twilio-automation/index.ts:205:27)
      at sendMessage (/Users/shawwalters/eliza-workspace/eliza-cloud-v2/lib/services/twilio-automation/index.ts:300:12)
      at <anonymous> (/Users/shawwalters/eliza-workspace/eliza-cloud-v2/tests/unit/twilio-automation-service.test.ts:298:52)
(fail) TwilioAutomationService > Message Request Handling > handles unicode in message body [0.10ms]
(pass) TwilioAutomationService > Credential Lifecycle > exposes storeCredentials method
(pass) TwilioAutomationService > Credential Lifecycle > exposes removeCredentials method
207 |  * Get the primary database URL (always required)
208 |  */
209 | function getPrimaryDatabaseUrl(): string {
210 |   const url = process.env.DATABASE_URL;
211 |   if (!url) {
212 |     throw new Error(
                    ^
error: DATABASE_URL environment variable is not set. Make sure you have a .env.local file with DATABASE_URL defined.
      at getPrimaryDatabaseUrl (/Users/shawwalters/eliza-workspace/eliza-cloud-v2/db/client.ts:212:15)
      at getWriteConnection (/Users/shawwalters/eliza-workspace/eliza-cloud-v2/db/client.ts:275:17)
      at get (/Users/shawwalters/eliza-workspace/eliza-cloud-v2/db/client.ts:340:40)
      at findByName (/Users/shawwalters/eliza-workspace/eliza-cloud-v2/db/repositories/secrets.ts:81:28)
      at get (/Users/shawwalters/eliza-workspace/eliza-cloud-v2/lib/services/secrets/secrets.ts:220:44)
      at getAccountSid (/Users/shawwalters/eliza-workspace/eliza-cloud-v2/lib/services/twilio-automation/index.ts:205:27)
      at getConnectionStatus (/Users/shawwalters/eliza-workspace/eliza-cloud-v2/lib/services/twilio-automation/index.ts:239:12)
      at <anonymous> (/Users/shawwalters/eliza-workspace/eliza-cloud-v2/tests/unit/twilio-automation-service.test.ts:329:51)
(fail) TwilioAutomationService Cache Behavior > cache TTL is reasonable (5 minutes)
207 |  * Get the primary database URL (always required)
208 |  */
209 | function getPrimaryDatabaseUrl(): string {
210 |   const url = process.env.DATABASE_URL;
211 |   if (!url) {
212 |     throw new Error(
                    ^
error: DATABASE_URL environment variable is not set. Make sure you have a .env.local file with DATABASE_URL defined.
      at getPrimaryDatabaseUrl (/Users/shawwalters/eliza-workspace/eliza-cloud-v2/db/client.ts:212:15)
      at getWriteConnection (/Users/shawwalters/eliza-workspace/eliza-cloud-v2/db/client.ts:275:17)
      at get (/Users/shawwalters/eliza-workspace/eliza-cloud-v2/db/client.ts:340:40)
      at findByName (/Users/shawwalters/eliza-workspace/eliza-cloud-v2/db/repositories/secrets.ts:81:28)
      at get (/Users/shawwalters/eliza-workspace/eliza-cloud-v2/lib/services/secrets/secrets.ts:220:44)
      at getAccountSid (/Users/shawwalters/eliza-workspace/eliza-cloud-v2/lib/services/twilio-automation/index.ts:205:27)
      at getConnectionStatus (/Users/shawwalters/eliza-workspace/eliza-cloud-v2/lib/services/twilio-automation/index.ts:239:12)
      at <anonymous> (/Users/shawwalters/eliza-workspace/eliza-cloud-v2/tests/unit/twilio-automation-service.test.ts:339:51)
(fail) TwilioAutomationService Cache Behavior > skipCache forces fresh fetch [0.15ms]
207 |  * Get the primary database URL (always required)
208 |  */
209 | function getPrimaryDatabaseUrl(): string {
210 |   const url = process.env.DATABASE_URL;
211 |   if (!url) {
212 |     throw new Error(
                    ^
error: DATABASE_URL environment variable is not set. Make sure you have a .env.local file with DATABASE_URL defined.
      at getPrimaryDatabaseUrl (/Users/shawwalters/eliza-workspace/eliza-cloud-v2/db/client.ts:212:15)
      at getWriteConnection (/Users/shawwalters/eliza-workspace/eliza-cloud-v2/db/client.ts:275:17)
      at get (/Users/shawwalters/eliza-workspace/eliza-cloud-v2/db/client.ts:340:40)
      at findByName (/Users/shawwalters/eliza-workspace/eliza-cloud-v2/db/repositories/secrets.ts:81:28)
      at get (/Users/shawwalters/eliza-workspace/eliza-cloud-v2/lib/services/secrets/secrets.ts:220:44)
      at getAccountSid (/Users/shawwalters/eliza-workspace/eliza-cloud-v2/lib/services/twilio-automation/index.ts:205:27)
      at getConnectionStatus (/Users/shawwalters/eliza-workspace/eliza-cloud-v2/lib/services/twilio-automation/index.ts:239:12)
      at <anonymous> (/Users/shawwalters/eliza-workspace/eliza-cloud-v2/tests/unit/twilio-automation-service.test.ts:353:35)
(fail) TwilioAutomationService Cache Behavior > invalidateStatusCache clears cache [0.06ms]
207 |  * Get the primary database URL (always required)
208 |  */
209 | function getPrimaryDatabaseUrl(): string {
210 |   const url = process.env.DATABASE_URL;
211 |   if (!url) {
212 |     throw new Error(
                    ^
error: DATABASE_URL environment variable is not set. Make sure you have a .env.local file with DATABASE_URL defined.
      at getPrimaryDatabaseUrl (/Users/shawwalters/eliza-workspace/eliza-cloud-v2/db/client.ts:212:15)
      at getWriteConnection (/Users/shawwalters/eliza-workspace/eliza-cloud-v2/db/client.ts:275:17)
      at get (/Users/shawwalters/eliza-workspace/eliza-cloud-v2/db/client.ts:340:40)
      at findByName (/Users/shawwalters/eliza-workspace/eliza-cloud-v2/db/repositories/secrets.ts:81:28)
      at get (/Users/shawwalters/eliza-workspace/eliza-cloud-v2/lib/services/secrets/secrets.ts:220:44)
      at getAccountSid (/Users/shawwalters/eliza-workspace/eliza-cloud-v2/lib/services/twilio-automation/index.ts:205:27)
      at getConnectionStatus (/Users/shawwalters/eliza-workspace/eliza-cloud-v2/lib/services/twilio-automation/index.ts:239:12)
      at map (1:11)
      at <anonymous> (/Users/shawwalters/eliza-workspace/eliza-cloud-v2/tests/unit/twilio-automation-service.test.ts:372:8)
(fail) TwilioAutomationService Edge Cases > handles concurrent status checks for same org [0.06ms]
207 |  * Get the primary database URL (always required)
208 |  */
209 | function getPrimaryDatabaseUrl(): string {
210 |   const url = process.env.DATABASE_URL;
211 |   if (!url) {
212 |     throw new Error(
                    ^
error: DATABASE_URL environment variable is not set. Make sure you have a .env.local file with DATABASE_URL defined.
      at getPrimaryDatabaseUrl (/Users/shawwalters/eliza-workspace/eliza-cloud-v2/db/client.ts:212:15)
      at getWriteConnection (/Users/shawwalters/eliza-workspace/eliza-cloud-v2/db/client.ts:275:17)
      at get (/Users/shawwalters/eliza-workspace/eliza-cloud-v2/db/client.ts:340:40)
      at findByName (/Users/shawwalters/eliza-workspace/eliza-cloud-v2/db/repositories/secrets.ts:81:28)
      at get (/Users/shawwalters/eliza-workspace/eliza-cloud-v2/lib/services/secrets/secrets.ts:220:44)
      at getAccountSid (/Users/shawwalters/eliza-workspace/eliza-cloud-v2/lib/services/twilio-automation/index.ts:205:27)
      at getConnectionStatus (/Users/shawwalters/eliza-workspace/eliza-cloud-v2/lib/services/twilio-automation/index.ts:239:12)
      at map (1:11)
      at <anonymous> (/Users/shawwalters/eliza-workspace/eliza-cloud-v2/tests/unit/twilio-automation-service.test.ts:390:29)
(fail) TwilioAutomationService Edge Cases > handles concurrent status checks for different orgs [0.27ms]
207 |  * Get the primary database URL (always required)
208 |  */
209 | function getPrimaryDatabaseUrl(): string {
210 |   const url = process.env.DATABASE_URL;
211 |   if (!url) {
212 |     throw new Error(
                    ^
error: DATABASE_URL environment variable is not set. Make sure you have a .env.local file with DATABASE_URL defined.
      at getPrimaryDatabaseUrl (/Users/shawwalters/eliza-workspace/eliza-cloud-v2/db/client.ts:212:15)
      at getWriteConnection (/Users/shawwalters/eliza-workspace/eliza-cloud-v2/db/client.ts:275:17)
      at get (/Users/shawwalters/eliza-workspace/eliza-cloud-v2/db/client.ts:340:40)
      at findByName (/Users/shawwalters/eliza-workspace/eliza-cloud-v2/db/repositories/secrets.ts:81:28)
      at get (/Users/shawwalters/eliza-workspace/eliza-cloud-v2/lib/services/secrets/secrets.ts:220:44)
      at getAccountSid (/Users/shawwalters/eliza-workspace/eliza-cloud-v2/lib/services/twilio-automation/index.ts:205:27)
      at sendMessage (/Users/shawwalters/eliza-workspace/eliza-cloud-v2/lib/services/twilio-automation/index.ts:300:12)
      at map (1:11)
      at <anonymous> (/Users/shawwalters/eliza-workspace/eliza-cloud-v2/tests/unit/twilio-automation-service.test.ts:404:8)
(fail) TwilioAutomationService Edge Cases > handles concurrent message sends [0.20ms]

tests/integration/connected-services-e2e.test.ts:
(skip) Connected Services E2E Tests > (unnamed)
(skip) Connected Services E2E Tests > Service Status API > returns 401 without authentication
(skip) Connected Services E2E Tests > Service Status API > returns connected services status with valid auth
(skip) Connected Services E2E Tests > Service Status API > status includes Google service
(skip) Connected Services E2E Tests > Service Status API > status includes Twilio service
(skip) Connected Services E2E Tests > Service Status API > status includes Blooio service
(skip) Connected Services E2E Tests > Google OAuth Flow > initiate endpoint returns auth URL
(skip) Connected Services E2E Tests > Google OAuth Flow > callback handles state parameter
(skip) Connected Services E2E Tests > Google OAuth Flow > callback rejects missing code parameter
(skip) Connected Services E2E Tests > Twilio Credentials > can submit Twilio credentials
(skip) Connected Services E2E Tests > Twilio Credentials > rejects invalid Twilio account SID format
(skip) Connected Services E2E Tests > Twilio Credentials > rejects empty auth token
(skip) Connected Services E2E Tests > Twilio Credentials > can disconnect Twilio
(skip) Connected Services E2E Tests > Blooio Credentials > can submit Blooio credentials
(skip) Connected Services E2E Tests > Blooio Credentials > rejects empty API key
(skip) Connected Services E2E Tests > Blooio Credentials > can disconnect Blooio
(skip) Connected Services E2E Tests > Service Connection State > connecting service updates status
(skip) Connected Services E2E Tests > Service Connection State > disconnecting service updates status
(skip) Connected Services E2E Tests > Cross-Organization Security > (unnamed)
(skip) Connected Services E2E Tests > Cross-Organization Security > cannot access other organization's service status
(skip) Connected Services E2E Tests > Cross-Organization Security > each organization has independent service connections
(skip) Connected Services E2E Tests > Cross-Organization Security > (unnamed)
(skip) Connected Services E2E Tests > Error Handling > handles invalid provider gracefully
(skip) Connected Services E2E Tests > Error Handling > handles missing body in POST request
(skip) Connected Services E2E Tests > Error Handling > handles malformed JSON body
(skip) Connected Services E2E Tests > Error Handling > handles concurrent connection requests
(skip) Connected Services E2E Tests > Secrets Storage Security > credentials are not returned in plain text
(skip) Connected Services E2E Tests > (unnamed)

tests/integration/connection-apis.test.ts:
20 |   let testData: TestDataSet;
21 |   let client: Client;
22 | 
23 |   beforeAll(async () => {
24 |     if (!TEST_DB_URL) {
25 |       throw new Error("DATABASE_URL is required for integration tests");
                     ^
error: DATABASE_URL is required for integration tests
      at <anonymous> (/Users/shawwalters/eliza-workspace/eliza-cloud-v2/tests/integration/connection-apis.test.ts:25:17)
(fail) Connection APIs E2E Tests > (unnamed) [0.17ms]
34 |     await client.connect();
35 |   });
36 | 
37 |   afterAll(async () => {
38 |     // Clean up any platform credentials
39 |     await client.query(
               ^
TypeError: undefined is not an object (evaluating 'client.query')
      at <anonymous> (/Users/shawwalters/eliza-workspace/eliza-cloud-v2/tests/integration/connection-apis.test.ts:39:11)
(fail) Connection APIs E2E Tests > (unnamed) [0.06ms]

tests/integration/promotion-preview.test.ts:
[Promotion Preview Tests] No TEST_API_KEY set - auth tests will skip
error: Unable to connect. Is the computer able to access the url?
  path: "http://localhost:3000/api/v1/apps/00000000-0000-0000-0000-000000000000/promote/preview",
 errno: 0,
  code: "ConnectionRefused"

(fail) Promotion Preview API > returns 401 without auth [0.41ms]
Skipping: No valid API key
(pass) Promotion Preview API > returns 400 for invalid request - missing platforms
Skipping: No valid API key
(pass) Promotion Preview API > returns 400 for invalid request - empty platforms array
Skipping: No valid API key
(pass) Promotion Preview API > returns 400 for invalid request - invalid platform name
Skipping: No valid API key
(pass) Promotion Preview API > returns 400 for invalid request - count too high
Skipping: No valid API key
(pass) Promotion Preview API > returns 404 for non-existent app
Skipping: No valid API key
(pass) Promotion Preview API > accepts valid platform names
Skipping: No valid API key
(pass) Promotion Preview API > accepts multiple platforms in request

tests/integration/promotion-pricing.test.ts:
error: Unable to connect. Is the computer able to access the url?
  path: "http://localhost:3000/api/v1/apps/test-app-id/promote/assets",
 errno: 0,
  code: "ConnectionRefused"

(fail) Promotion Assets Pricing > GET /api/v1/apps/[id]/promote/assets > returns 401 without auth [0.29ms]
Skipping: TEST_API_KEY not set
(pass) Promotion Assets Pricing > GET /api/v1/apps/[id]/promote/assets > returns pricing info with auth [0.07ms]
Skipping: TEST_API_KEY not set
(pass) Promotion Assets Pricing > GET /api/v1/apps/[id]/promote/assets > returns recommended sizes
error: Unable to connect. Is the computer able to access the url?
  path: "http://localhost:3000/api/v1/apps/test-app-id/promote/assets",
 errno: 0,
  code: "ConnectionRefused"

(fail) Promotion Assets Pricing > POST /api/v1/apps/[id]/promote/assets > returns 401 without auth [0.20ms]
Skipping: TEST_API_KEY not set
(pass) Promotion Assets Pricing > POST /api/v1/apps/[id]/promote/assets > returns 400 for invalid request body
Skipping: TEST_API_KEY not set
(pass) Promotion Assets Pricing > POST /api/v1/apps/[id]/promote/assets > returns 402 when insufficient credits
(pass) Promotion Pricing Constants > PLATFORM_MARKUP is 1.2 (20%) [0.40ms]
(pass) Promotion Pricing Constants > PROMO_IMAGE_COST includes 20% markup [0.05ms]
(pass) Promotion Pricing Constants > estimateAssetGenerationCost returns correct values [0.10ms]
(pass) Promotion Pricing Constants > formatCost handles edge cases [0.03ms]
(pass) Promotion Pricing Constants > getPostCost returns correct values for each platform [0.03ms]
(pass) Promotion Pricing Constants > automation setup costs are free [0.03ms]

tests/integration/app-promote-assets.test.ts:
error: Unable to connect. Is the computer able to access the url?
  path: "http://localhost:3000/api/v1/apps/test-app-id/promote/assets",
 errno: 0,
  code: "ConnectionRefused"

(fail) App Promote Assets API > GET /api/v1/apps/[id]/promote/assets > returns 401 without auth [0.22ms]
Skipping: TEST_API_KEY not set
(pass) App Promote Assets API > GET /api/v1/apps/[id]/promote/assets > returns 404 for non-existent app [0.04ms]
Skipping: TEST_APP_ID not set
(pass) App Promote Assets API > GET /api/v1/apps/[id]/promote/assets > returns recommended sizes and costs with valid app [0.07ms]
Skipping: TEST_APP_ID not set
(pass) App Promote Assets API > GET /api/v1/apps/[id]/promote/assets > returns platform-specific sizes when platform param provided
error: Unable to connect. Is the computer able to access the url?
  path: "http://localhost:3000/api/v1/apps/test-app-id/promote/assets",
 errno: 0,
  code: "ConnectionRefused"

(fail) App Promote Assets API > POST /api/v1/apps/[id]/promote/assets > returns 401 without auth [0.23ms]
Skipping: TEST_API_KEY not set
(pass) App Promote Assets API > POST /api/v1/apps/[id]/promote/assets > returns 404 for non-existent app [0.01ms]
Skipping: TEST_APP_ID not set
(pass) App Promote Assets API > POST /api/v1/apps/[id]/promote/assets > returns 400 for invalid input [0.05ms]
Note: 402 test requires account with no credits
(pass) App Promote Assets API > POST /api/v1/apps/[id]/promote/assets > returns 402 when insufficient credits
Skipping: TEST_APP_ID not set
(pass) App Promote Assets API > POST /api/v1/apps/[id]/promote/assets > generates assets successfully (slow, requires credits) [0.09ms]

tests/integration/entity-settings-isolation.test.ts:
207 |  * Get the primary database URL (always required)
208 |  */
209 | function getPrimaryDatabaseUrl(): string {
210 |   const url = process.env.DATABASE_URL;
211 |   if (!url) {
212 |     throw new Error(
                    ^
error: DATABASE_URL environment variable is not set. Make sure you have a .env.local file with DATABASE_URL defined.
      at getPrimaryDatabaseUrl (/Users/shawwalters/eliza-workspace/eliza-cloud-v2/db/client.ts:212:15)
      at getWriteConnection (/Users/shawwalters/eliza-workspace/eliza-cloud-v2/db/client.ts:275:17)
      at get (/Users/shawwalters/eliza-workspace/eliza-cloud-v2/db/client.ts:372:40)
      at setupTestFixtures (/Users/shawwalters/eliza-workspace/eliza-cloud-v2/tests/integration/entity-settings-isolation.test.ts:58:9)
      at <anonymous> (/Users/shawwalters/eliza-workspace/eliza-cloud-v2/tests/integration/entity-settings-isolation.test.ts:171:22)
(fail) Entity Settings Isolation > (unnamed) [0.31ms]
[Cleanup] No fixtures to clean up
207 |  * Get the primary database URL (always required)
208 |  */
209 | function getPrimaryDatabaseUrl(): string {
210 |   const url = process.env.DATABASE_URL;
211 |   if (!url) {
212 |     throw new Error(
                    ^
error: DATABASE_URL environment variable is not set. Make sure you have a .env.local file with DATABASE_URL defined.
      at getPrimaryDatabaseUrl (/Users/shawwalters/eliza-workspace/eliza-cloud-v2/db/client.ts:212:15)
      at getWriteConnection (/Users/shawwalters/eliza-workspace/eliza-cloud-v2/db/client.ts:275:17)
      at get (/Users/shawwalters/eliza-workspace/eliza-cloud-v2/db/client.ts:372:40)
      at setupTestFixtures (/Users/shawwalters/eliza-workspace/eliza-cloud-v2/tests/integration/entity-settings-isolation.test.ts:58:9)
      at <anonymous> (/Users/shawwalters/eliza-workspace/eliza-cloud-v2/tests/integration/entity-settings-isolation.test.ts:658:28)
(fail) Stress Test: High Concurrency > (unnamed)
[Cleanup] No fixtures to clean up

tests/integration/server-wallets.test.ts:
(pass) server-wallets service > provisionServerWallet > should call privy to create wallet and insert to db [0.20ms]
(pass) server-wallets service > executeServerWalletRpc > should verify signature, lookup wallet, and proxy rpc [0.16ms]
(pass) server-wallets service > executeServerWalletRpc > should throw if signature invalid [0.05ms]
(pass) server-wallets service > executeServerWalletRpc > should throw if wallet not found [0.03ms]

tests/integration/unified-oauth-api.test.ts:
41 |   let testData: TestDataSet;
42 |   let client: Client;
43 | 
44 |   beforeAll(async () => {
45 |     if (!TEST_DB_URL) {
46 |       throw new Error("DATABASE_URL is required for integration tests");
                     ^
error: DATABASE_URL is required for integration tests
      at <anonymous> (/Users/shawwalters/eliza-workspace/eliza-cloud-v2/tests/integration/unified-oauth-api.test.ts:46:17)
(fail) Unified OAuth API E2E Tests > (unnamed) [0.18ms]
55 |     await client.connect();
56 |   });
57 | 
58 |   afterAll(async () => {
59 |     // Clean up platform credentials and secrets
60 |     await client.query(
               ^
TypeError: undefined is not an object (evaluating 'client.query')
      at <anonymous> (/Users/shawwalters/eliza-workspace/eliza-cloud-v2/tests/integration/unified-oauth-api.test.ts:60:11)
(fail) Unified OAuth API E2E Tests > (unnamed) [0.08ms]

tests/integration/message-router.test.ts:
20 |   let testData: TestDataSet;
21 |   let client: Client;
22 | 
23 |   beforeAll(async () => {
24 |     if (!TEST_DB_URL) {
25 |       throw new Error("DATABASE_URL is required for integration tests");
                     ^
error: DATABASE_URL is required for integration tests
      at <anonymous> (/Users/shawwalters/eliza-workspace/eliza-cloud-v2/tests/integration/message-router.test.ts:25:17)
(fail) MessageRouterService E2E Tests > (unnamed) [0.02ms]
35 |     await client.connect();
36 |   });
37 | 
38 |   afterAll(async () => {
39 |     // Clean up phone numbers and message logs first
40 |     await client.query(
               ^
TypeError: undefined is not an object (evaluating 'client.query')
      at <anonymous> (/Users/shawwalters/eliza-workspace/eliza-cloud-v2/tests/integration/message-router.test.ts:40:11)
(fail) MessageRouterService E2E Tests > (unnamed) [0.05ms]

tests/integration/affiliates-service.test.ts:
207 |  * Get the primary database URL (always required)
208 |  */
209 | function getPrimaryDatabaseUrl(): string {
210 |   const url = process.env.DATABASE_URL;
211 |   if (!url) {
212 |     throw new Error(
                    ^
error: DATABASE_URL environment variable is not set. Make sure you have a .env.local file with DATABASE_URL defined.
      at getPrimaryDatabaseUrl (/Users/shawwalters/eliza-workspace/eliza-cloud-v2/db/client.ts:212:15)
      at getWriteConnection (/Users/shawwalters/eliza-workspace/eliza-cloud-v2/db/client.ts:275:17)
      at get (/Users/shawwalters/eliza-workspace/eliza-cloud-v2/db/client.ts:372:40)
      at setupFixtures (/Users/shawwalters/eliza-workspace/eliza-cloud-v2/tests/integration/affiliates-service.test.ts:25:11)
      at <anonymous> (/Users/shawwalters/eliza-workspace/eliza-cloud-v2/tests/integration/affiliates-service.test.ts:64:32)
(fail) Affiliate System Services > (unnamed) [0.26ms]

tests/integration/twitter-automation.test.ts:
[Twitter Tests] No TEST_API_KEY set - auth tests will skip
error: Unable to connect. Is the computer able to access the url?
  path: "http://localhost:3000/api/v1/twitter/status",
 errno: 0,
  code: "ConnectionRefused"

(fail) Twitter Status API > returns 401 without auth [0.25ms]
Skipping: No valid API key
(pass) Twitter Status API > returns status with valid auth [0.09ms]
error: Unable to connect. Is the computer able to access the url?
  path: "http://localhost:3000/api/v1/twitter/connect",
 errno: 0,
  code: "ConnectionRefused"

(fail) Twitter Connect API > returns 401 without auth [0.20ms]
Skipping: No valid API key
(pass) Twitter Connect API > returns auth URL or 503 if not configured [0.08ms]
error: Unable to connect. Is the computer able to access the url?
  path: "http://localhost:3000/api/v1/twitter/disconnect",
 errno: 0,
  code: "ConnectionRefused"

(fail) Twitter Disconnect API > returns 401 without auth [0.19ms]
Skipping: No valid API key
(pass) Twitter Disconnect API > returns success with valid auth [0.04ms]
error: Unable to connect. Is the computer able to access the url?
  path: "http://localhost:3000/api/v1/apps/00000000-0000-0000-0000-000000000000/twitter-automation",
 errno: 0,
  code: "ConnectionRefused"

(fail) App Twitter Automation API > GET returns 401 without auth [0.22ms]
Skipping: No valid API key
(pass) App Twitter Automation API > GET returns error for non-existent app [0.01ms]
error: Unable to connect. Is the computer able to access the url?
  path: "http://localhost:3000/api/v1/apps/00000000-0000-0000-0000-000000000000/twitter-automation",
 errno: 0,
  code: "ConnectionRefused"

(fail) App Twitter Automation API > POST returns 401 without auth [0.20ms]
Skipping: No valid API key
(pass) App Twitter Automation API > POST validates postIntervalMin must be >= 30 [0.06ms]
Skipping: No valid API key
(pass) App Twitter Automation API > POST validates postIntervalMax must be <= 1440 [0.02ms]
error: Unable to connect. Is the computer able to access the url?
  path: "http://localhost:3000/api/v1/apps/00000000-0000-0000-0000-000000000000/twitter-automation",
 errno: 0,
  code: "ConnectionRefused"

(fail) App Twitter Automation API > DELETE returns 401 without auth [0.13ms]
error: Unable to connect. Is the computer able to access the url?
  path: "http://localhost:3000/api/v1/apps/00000000-0000-0000-0000-000000000000/twitter-automation/post",
 errno: 0,
  code: "ConnectionRefused"

(fail) App Twitter Post API > POST returns 401 without auth [0.14ms]
Skipping: No valid API key
(pass) App Twitter Post API > POST validates text must be <= 280 chars [0.04ms]
Skipping: No valid API key
(pass) App Twitter Post API > POST returns error for non-existent app [0.03ms]

tests/integration/discord-connections.test.ts:
[dotenv@17.2.3] injecting env (0) from .env -- tip: 🔐 prevent building .env in docker: https://dotenvx.com/prebuild
[dotenv@17.2.3] injecting env (0) from .env.local -- tip: 📡 add observability to secrets: https://dotenvx.com/ops
[Discord Connections Tests] No TEST_API_KEY set - auth tests will skip
error: Unable to connect. Is the computer able to access the url?
  path: "http://localhost:3000/api/v1/discord/connections",
 errno: 0,
  code: "ConnectionRefused"

(fail) Discord Connections List API > returns 401 without auth [0.18ms]
(pass) Discord Connections List API > returns connections list with valid auth [0.03ms]
(pass) Discord Connections List API > connections have expected fields
error: Unable to connect. Is the computer able to access the url?
  path: "http://localhost:3000/api/v1/discord/connections",
 errno: 0,
  code: "ConnectionRefused"

(fail) Discord Connections Create API > returns 401 without auth [0.19ms]
(pass) Discord Connections Create API > returns 400 for missing applicationId [0.05ms]
(pass) Discord Connections Create API > returns 400 for missing botToken
(pass) Discord Connections Create API > returns 400 for missing characterId [0.05ms]
(pass) Discord Connections Create API > returns 400 for invalid characterId format [0.04ms]
(pass) Discord Connections Create API > returns 404 for non-existent characterId [0.01ms]
(pass) Discord Connections Create API > returns 400 for invalid metadata (keyword mode without keywords) [0.04ms]
(pass) Discord Connections Create API > creates connection with valid payload [0.05ms]
(pass) Discord Connections Create API > returns 409 for duplicate applicationId [0.05ms]
error: Unable to connect. Is the computer able to access the url?
  path: "http://localhost:3000/api/v1/discord/connections/550e8400-e29b-41d4-a716-446655440000",
 errno: 0,
  code: "ConnectionRefused"

(fail) Discord Connections Get by ID API > returns 401 without auth [0.18ms]
(pass) Discord Connections Get by ID API > returns 404 for non-existent connection
(pass) Discord Connections Get by ID API > returns connection details for valid ID
error: Unable to connect. Is the computer able to access the url?
  path: "http://localhost:3000/api/v1/discord/connections/550e8400-e29b-41d4-a716-446655440000",
 errno: 0,
  code: "ConnectionRefused"

(fail) Discord Connections Update API > returns 401 without auth [0.20ms]
(pass) Discord Connections Update API > returns 404 for non-existent connection [0.01ms]
(pass) Discord Connections Update API > updates isActive field
(pass) Discord Connections Update API > updates metadata field [0.09ms]
error: Unable to connect. Is the computer able to access the url?
  path: "http://localhost:3000/api/v1/discord/connections/550e8400-e29b-41d4-a716-446655440000",
 errno: 0,
  code: "ConnectionRefused"

(fail) Discord Connections Delete API > returns 401 without auth [0.13ms]
(pass) Discord Connections Delete API > returns 404 for non-existent connection
(pass) Discord Connections Delete API > deletes existing connection [0.03ms]

tests/integration/webhooks-e2e.test.ts:
24 |   let agentId: string;
25 |   let phoneNumberId: string;
26 | 
27 |   beforeAll(async () => {
28 |     if (!TEST_DB_URL) {
29 |       throw new Error("DATABASE_URL is required for integration tests");
                     ^
error: DATABASE_URL is required for integration tests
      at <anonymous> (/Users/shawwalters/eliza-workspace/eliza-cloud-v2/tests/integration/webhooks-e2e.test.ts:29:17)
(fail) Webhook Handlers E2E Tests > (unnamed) [0.19ms]
70 |       [testData.organization.id],
71 |     );
72 |   });
73 | 
74 |   afterAll(async () => {
75 |     await client.query(
               ^
TypeError: undefined is not an object (evaluating 'client.query')
      at <anonymous> (/Users/shawwalters/eliza-workspace/eliza-cloud-v2/tests/integration/webhooks-e2e.test.ts:75:11)
(fail) Webhook Handlers E2E Tests > (unnamed) [0.08ms]

tests/integration/telegram-automation.test.ts:
[dotenv@17.2.3] injecting env (0) from .env -- tip: 🔑 add access controls to secrets: https://dotenvx.com/ops
[dotenv@17.2.3] injecting env (0) from .env.local -- tip: ⚙️  override existing env vars with { override: true }
[Test Setup] Environment loaded
[Telegram Tests] No TEST_API_KEY set - auth tests will skip
error: Unable to connect. Is the computer able to access the url?
  path: "http://localhost:3000/api/v1/telegram/status",
 errno: 0,
  code: "ConnectionRefused"

(fail) Telegram Status API > returns 401 without auth [0.24ms]
(pass) Telegram Status API > returns status with valid auth
error: Unable to connect. Is the computer able to access the url?
  path: "http://localhost:3000/api/v1/telegram/connect",
 errno: 0,
  code: "ConnectionRefused"

(fail) Telegram Connect API > returns 401 without auth [0.22ms]
(pass) Telegram Connect API > validates bot token format [0.01ms]
(pass) Telegram Connect API > validates bot token must be at least 30 chars [0.02ms]
error: Unable to connect. Is the computer able to access the url?
  path: "http://localhost:3000/api/v1/telegram/disconnect",
 errno: 0,
  code: "ConnectionRefused"

(fail) Telegram Disconnect API > returns 401 without auth [0.14ms]
(pass) Telegram Disconnect API > returns success with valid auth
error: Unable to connect. Is the computer able to access the url?
  path: "http://localhost:3000/api/v1/apps/test_app_id/telegram-automation",
 errno: 0,
  code: "ConnectionRefused"

(fail) App Telegram Automation API > GET returns 401 without auth [0.14ms]
(pass) App Telegram Automation API > GET returns 404 for non-existent app
error: Unable to connect. Is the computer able to access the url?
  path: "http://localhost:3000/api/v1/apps/test_app_id/telegram-automation",
 errno: 0,
  code: "ConnectionRefused"

(fail) App Telegram Automation API > POST returns 401 without auth [0.14ms]
(pass) App Telegram Automation API > POST validates announceIntervalMin must be >= 30
(pass) App Telegram Automation API > POST validates announceIntervalMax must be <= 1440 [0.06ms]
error: Unable to connect. Is the computer able to access the url?
  path: "http://localhost:3000/api/v1/apps/test_app_id/telegram-automation",
 errno: 0,
  code: "ConnectionRefused"

(fail) App Telegram Automation API > DELETE returns 401 without auth [0.12ms]
error: Unable to connect. Is the computer able to access the url?
  path: "http://localhost:3000/api/v1/apps/test_app_id/telegram-automation/post",
 errno: 0,
  code: "ConnectionRefused"

(fail) App Telegram Post API > POST returns 401 without auth [0.13ms]
(pass) App Telegram Post API > POST validates text must be <= 4000 chars [0.01ms]
(pass) App Telegram Post API > POST returns 404 for non-existent app
error: Unable to connect. Is the computer able to access the url?
  path: "http://localhost:3000/api/v1/telegram/webhook/unknown-org-id",
 errno: 0,
  code: "ConnectionRefused"

(fail) Telegram Webhook API > returns 404 or 401 for unknown organization [0.15ms]
error: Unable to connect. Is the computer able to access the url?
  path: "http://localhost:3000/api/v1/telegram/webhook/test-org",
 errno: 0,
  code: "ConnectionRefused"

(fail) Telegram Webhook API > handles invalid JSON gracefully [0.13ms]
(pass) Telegram API Input Validation > connect rejects empty botToken
(pass) Telegram API Input Validation > app automation validates welcomeMessage max length [0.05ms]
(pass) Telegram API Input Validation > app automation validates vibeStyle max length [0.03ms]
(pass) Telegram API Input Validation > app automation rejects min > max interval

tests/integration/generic-oauth.test.ts:
36 |   let testData: TestDataSet;
37 |   let client: Client;
38 | 
39 |   beforeAll(async () => {
40 |     if (!TEST_DB_URL) {
41 |       throw new Error("DATABASE_URL is required for integration tests");
                     ^
error: DATABASE_URL is required for integration tests
      at <anonymous> (/Users/shawwalters/eliza-workspace/eliza-cloud-v2/tests/integration/generic-oauth.test.ts:41:17)
(fail) Generic OAuth Provider E2E Tests > (unnamed) [0.09ms]
49 |     client = new Client({ connectionString: TEST_DB_URL });
50 |     await client.connect();
51 |   });
52 | 
53 |   afterAll(async () => {
54 |     await client.query(
               ^
TypeError: undefined is not an object (evaluating 'client.query')
      at <anonymous> (/Users/shawwalters/eliza-workspace/eliza-cloud-v2/tests/integration/generic-oauth.test.ts:54:11)
(fail) Generic OAuth Provider E2E Tests > (unnamed) [0.09ms]

tests/integration/x402-topup.test.ts:
(pass) x402 Topup Endpoints > should topup 10 credits successfully for a new user [1.91ms]
(pass) x402 Topup Endpoints > should topup 50 credits successfully for an existing user [0.69ms]
(pass) x402 Topup Endpoints > should fail if no wallet address is provided [0.50ms]

tests/integration/revenue-splits.test.ts:
207 |  * Get the primary database URL (always required)
208 |  */
209 | function getPrimaryDatabaseUrl(): string {
210 |   const url = process.env.DATABASE_URL;
211 |   if (!url) {
212 |     throw new Error(
                    ^
error: DATABASE_URL environment variable is not set. Make sure you have a .env.local file with DATABASE_URL defined.
      at getPrimaryDatabaseUrl (/Users/shawwalters/eliza-workspace/eliza-cloud-v2/db/client.ts:212:15)
      at getWriteConnection (/Users/shawwalters/eliza-workspace/eliza-cloud-v2/db/client.ts:275:17)
      at get (/Users/shawwalters/eliza-workspace/eliza-cloud-v2/db/client.ts:372:40)
      at createUser (/Users/shawwalters/eliza-workspace/eliza-cloud-v2/tests/integration/revenue-splits.test.ts:23:11)
      at <anonymous> (/Users/shawwalters/eliza-workspace/eliza-cloud-v2/tests/integration/revenue-splits.test.ts:42:23)
(fail) Revenue Splits & Multi-Tier Referrals > (unnamed) [0.18ms]

tests/integration/mcp-registry.test.ts:
error: Unable to connect. Is the computer able to access the url?
  path: "http://localhost:3000/api/mcp/registry",
 errno: 0,
  code: "ConnectionRefused"

(fail) MCP Registry API > returns 200 and valid registry structure [0.33ms]
error: Unable to connect. Is the computer able to access the url?
  path: "http://localhost:3000/api/mcp/registry",
 errno: 0,
  code: "ConnectionRefused"

(fail) MCP Registry API > includes expected built-in MCP servers [0.13ms]
error: Unable to connect. Is the computer able to access the url?
  path: "http://localhost:3000/api/mcp/registry",
 errno: 0,
  code: "ConnectionRefused"

(fail) MCP Registry API > eliza-platform has status 'coming_soon' (requires auth) [0.11ms]
error: Unable to connect. Is the computer able to access the url?
  path: "http://localhost:3000/api/mcp/registry?status=live",
 errno: 0,
  code: "ConnectionRefused"

(fail) MCP Registry API > filters by status=live excludes coming_soon servers [0.15ms]
error: Unable to connect. Is the computer able to access the url?
  path: "http://localhost:3000/api/mcp/registry?status=coming_soon",
 errno: 0,
  code: "ConnectionRefused"

(fail) MCP Registry API > filters by status=coming_soon includes eliza-platform [0.11ms]
error: Unable to connect. Is the computer able to access the url?
  path: "http://localhost:3000/api/mcp/registry?category=platform",
 errno: 0,
  code: "ConnectionRefused"

(fail) MCP Registry API > filters by category=platform returns eliza-platform [0.11ms]
error: Unable to connect. Is the computer able to access the url?
  path: "http://localhost:3000/api/mcp/registry?category=finance",
 errno: 0,
  code: "ConnectionRefused"

(fail) MCP Registry API > filters by category=finance returns crypto-prices [0.19ms]
error: Unable to connect. Is the computer able to access the url?
  path: "http://localhost:3000/api/mcp/registry?search=crypto",
 errno: 0,
  code: "ConnectionRefused"

(fail) MCP Registry API > search filter works [0.17ms]
error: Unable to connect. Is the computer able to access the url?
  path: "http://localhost:3000/api/mcp/registry?category=invalid_category",
 errno: 0,
  code: "ConnectionRefused"

(fail) MCP Registry API > returns 400 for invalid category [0.14ms]
error: Unable to connect. Is the computer able to access the url?
  path: "http://localhost:3000/api/mcp/registry?status=invalid_status",
 errno: 0,
  code: "ConnectionRefused"

(fail) MCP Registry API > returns 400 for invalid status [0.11ms]
error: Unable to connect. Is the computer able to access the url?
  path: "http://localhost:3000/api/mcp/registry?limit=2",
 errno: 0,
  code: "ConnectionRefused"

(fail) MCP Registry API > respects limit parameter [0.11ms]
error: Unable to connect. Is the computer able to access the url?
  path: "http://localhost:3000/api/mcp/registry?status=live",
 errno: 0,
  code: "ConnectionRefused"

(fail) MCP Registry API > live MCP servers (weather, time, crypto) have working endpoints [0.16ms]

tests/integration/phone-mapping-e2e.test.ts:
21 |   let client: Client;
22 |   let testAgents: string[] = [];
23 | 
24 |   beforeAll(async () => {
25 |     if (!TEST_DB_URL) {
26 |       throw new Error("DATABASE_URL is required for integration tests");
                     ^
error: DATABASE_URL is required for integration tests
      at <anonymous> (/Users/shawwalters/eliza-workspace/eliza-cloud-v2/tests/integration/phone-mapping-e2e.test.ts:26:17)
(fail) Agent Phone Number Mapping E2E Tests > (unnamed) [0.17ms]
47 |         agentId,
48 |       ]);
49 |       await client.query(`DELETE FROM agents WHERE id = $1`, [agentId]);
50 |     }
51 | 
52 |     await client.end();
               ^
TypeError: undefined is not an object (evaluating 'client.end')
      at <anonymous> (/Users/shawwalters/eliza-workspace/eliza-cloud-v2/tests/integration/phone-mapping-e2e.test.ts:52:11)
(fail) Agent Phone Number Mapping E2E Tests > (unnamed)

tests/runtime/mcp-assistant-trending.test.ts:

============================================================
🚀 SETTING UP TEST ENVIRONMENT (Local DB)
============================================================

🔍 Debug Tracing: ❌ DISABLED
   Set DEBUG_TRACING=true in .env to enable debug output

📦 Step 1: Verifying database connection...
11 |  * Get the connection string from environment
12 |  */
13 | export function getConnectionString(): string {
14 |   const url = process.env.DATABASE_URL;
15 |   if (!url) {
16 |     throw new Error(
                   ^
error: DATABASE_URL environment variable is required. Make sure your .env is loaded.
      at getConnectionString (/Users/shawwalters/eliza-workspace/eliza-cloud-v2/tests/infrastructure/local-database.ts:16:15)
      at verifyConnection (/Users/shawwalters/eliza-workspace/eliza-cloud-v2/tests/infrastructure/local-database.ts:27:28)
      at setupTestEnvironment (/Users/shawwalters/eliza-workspace/eliza-cloud-v2/tests/runtime/mcp-assistant-trending.test.ts:63:27)
      at <anonymous> (/Users/shawwalters/eliza-workspace/eliza-cloud-v2/tests/runtime/mcp-assistant-trending.test.ts:110:11)
(fail) MCP Assistant - Trending Tokens Query > (unnamed) [0.24ms]

🧹 CLEANING UP...

[Timings] MCP Assistant Trending Tests:
  TOTAL: 0ms

✅ Cleanup complete


============================================================
DEBUG TRACING STATUS
============================================================
Enabled: ❌ NO
Environment: DEBUG_TRACING=not set
============================================================

💡 To enable debug tracing:
   1. Add DEBUG_TRACING=true to your .env file
   2. Run the test again

(pass) Debug Tracing Status > should report debug tracing configuration [0.06ms]

tests/runtime/mcp-loading.test.ts:

============================================================
🚀 SETTING UP TEST ENVIRONMENT (Local DB)
============================================================

📦 Step 1: Verifying database connection...
11 |  * Get the connection string from environment
12 |  */
13 | export function getConnectionString(): string {
14 |   const url = process.env.DATABASE_URL;
15 |   if (!url) {
16 |     throw new Error(
                   ^
error: DATABASE_URL environment variable is required. Make sure your .env is loaded.
      at getConnectionString (/Users/shawwalters/eliza-workspace/eliza-cloud-v2/tests/infrastructure/local-database.ts:16:15)
      at verifyConnection (/Users/shawwalters/eliza-workspace/eliza-cloud-v2/tests/infrastructure/local-database.ts:27:28)
      at setupTestEnvironment (/Users/shawwalters/eliza-workspace/eliza-cloud-v2/tests/runtime/mcp-loading.test.ts:43:27)
(fail) MCP Plugin Loading - Production Flow > (unnamed) [0.15ms]

🧹 CLEANING UP...

[Timings] MCP Loading Tests:
  TOTAL: 0ms

✅ Cleanup complete


tests/runtime/performance.test.ts:

============================================================
🚀 SETTING UP PERFORMANCE TEST ENVIRONMENT (Local DB)
============================================================
11 |  * Get the connection string from environment
12 |  */
13 | export function getConnectionString(): string {
14 |   const url = process.env.DATABASE_URL;
15 |   if (!url) {
16 |     throw new Error(
                   ^
error: DATABASE_URL environment variable is required. Make sure your .env is loaded.
      at getConnectionString (/Users/shawwalters/eliza-workspace/eliza-cloud-v2/tests/infrastructure/local-database.ts:16:15)
      at verifyConnection (/Users/shawwalters/eliza-workspace/eliza-cloud-v2/tests/infrastructure/local-database.ts:27:28)
      at setupEnvironment (/Users/shawwalters/eliza-workspace/eliza-cloud-v2/tests/runtime/performance.test.ts:39:27)
(fail) Runtime Creation Performance > (unnamed) [0.08ms]

[TimingCollector] Summary:


🧹 Cleaning up...

============================================================
🚀 SETTING UP PERFORMANCE TEST ENVIRONMENT (Local DB)
============================================================
11 |  * Get the connection string from environment
12 |  */
13 | export function getConnectionString(): string {
14 |   const url = process.env.DATABASE_URL;
15 |   if (!url) {
16 |     throw new Error(
                   ^
error: DATABASE_URL environment variable is required. Make sure your .env is loaded.
      at getConnectionString (/Users/shawwalters/eliza-workspace/eliza-cloud-v2/tests/infrastructure/local-database.ts:16:15)
      at verifyConnection (/Users/shawwalters/eliza-workspace/eliza-cloud-v2/tests/infrastructure/local-database.ts:27:28)
      at setupEnvironment (/Users/shawwalters/eliza-workspace/eliza-cloud-v2/tests/runtime/performance.test.ts:39:27)
      at <anonymous> (/Users/shawwalters/eliza-workspace/eliza-cloud-v2/tests/runtime/performance.test.ts:162:11)
(fail) Database Query Performance > (unnamed) [0.06ms]

🧹 Cleaning up...

============================================================
🚀 SETTING UP PERFORMANCE TEST ENVIRONMENT (Local DB)
============================================================
11 |  * Get the connection string from environment
12 |  */
13 | export function getConnectionString(): string {
14 |   const url = process.env.DATABASE_URL;
15 |   if (!url) {
16 |     throw new Error(
                   ^
error: DATABASE_URL environment variable is required. Make sure your .env is loaded.
      at getConnectionString (/Users/shawwalters/eliza-workspace/eliza-cloud-v2/tests/infrastructure/local-database.ts:16:15)
      at verifyConnection (/Users/shawwalters/eliza-workspace/eliza-cloud-v2/tests/infrastructure/local-database.ts:27:28)
      at setupEnvironment (/Users/shawwalters/eliza-workspace/eliza-cloud-v2/tests/runtime/performance.test.ts:39:27)
(fail) Runtime Caching Performance > (unnamed) [0.03ms]

🧹 Cleaning up...

tests/runtime/runtime-factory.test.ts:

============================================================
🚀 SETTING UP TEST ENVIRONMENT (Local DB)
============================================================
11 |  * Get the connection string from environment
12 |  */
13 | export function getConnectionString(): string {
14 |   const url = process.env.DATABASE_URL;
15 |   if (!url) {
16 |     throw new Error(
                   ^
error: DATABASE_URL environment variable is required. Make sure your .env is loaded.
      at getConnectionString (/Users/shawwalters/eliza-workspace/eliza-cloud-v2/tests/infrastructure/local-database.ts:16:15)
      at verifyConnection (/Users/shawwalters/eliza-workspace/eliza-cloud-v2/tests/infrastructure/local-database.ts:27:28)
      at setupEnvironment (/Users/shawwalters/eliza-workspace/eliza-cloud-v2/tests/runtime/runtime-factory.test.ts:58:27)
(fail) RuntimeFactory - CHAT Mode > (unnamed) [0.14ms]

🧹 Cleaning up...

[Timings] All RuntimeFactory Tests:
  TOTAL: 0ms


============================================================
🚀 SETTING UP TEST ENVIRONMENT (Local DB)
============================================================
11 |  * Get the connection string from environment
12 |  */
13 | export function getConnectionString(): string {
14 |   const url = process.env.DATABASE_URL;
15 |   if (!url) {
16 |     throw new Error(
                   ^
error: DATABASE_URL environment variable is required. Make sure your .env is loaded.
      at getConnectionString (/Users/shawwalters/eliza-workspace/eliza-cloud-v2/tests/infrastructure/local-database.ts:16:15)
      at verifyConnection (/Users/shawwalters/eliza-workspace/eliza-cloud-v2/tests/infrastructure/local-database.ts:27:28)
      at setupEnvironment (/Users/shawwalters/eliza-workspace/eliza-cloud-v2/tests/runtime/runtime-factory.test.ts:58:27)
(fail) RuntimeFactory - ASSISTANT Mode (MCP) > (unnamed) [0.03ms]

🧹 Cleaning up...

[Timings] All RuntimeFactory Tests:
  TOTAL: 0ms


============================================================
🚀 SETTING UP TEST ENVIRONMENT (Local DB)
============================================================
11 |  * Get the connection string from environment
12 |  */
13 | export function getConnectionString(): string {
14 |   const url = process.env.DATABASE_URL;
15 |   if (!url) {
16 |     throw new Error(
                   ^
error: DATABASE_URL environment variable is required. Make sure your .env is loaded.
      at getConnectionString (/Users/shawwalters/eliza-workspace/eliza-cloud-v2/tests/infrastructure/local-database.ts:16:15)
      at verifyConnection (/Users/shawwalters/eliza-workspace/eliza-cloud-v2/tests/infrastructure/local-database.ts:27:28)
      at setupEnvironment (/Users/shawwalters/eliza-workspace/eliza-cloud-v2/tests/runtime/runtime-factory.test.ts:58:27)
(fail) RuntimeFactory - ASSISTANT Mode (Web Search) > (unnamed) [0.03ms]

🧹 Cleaning up...

[Timings] All RuntimeFactory Tests:
  TOTAL: 0ms


============================================================
🚀 SETTING UP TEST ENVIRONMENT (Local DB)
============================================================
11 |  * Get the connection string from environment
12 |  */
13 | export function getConnectionString(): string {
14 |   const url = process.env.DATABASE_URL;
15 |   if (!url) {
16 |     throw new Error(
                   ^
error: DATABASE_URL environment variable is required. Make sure your .env is loaded.
      at getConnectionString (/Users/shawwalters/eliza-workspace/eliza-cloud-v2/tests/infrastructure/local-database.ts:16:15)
      at verifyConnection (/Users/shawwalters/eliza-workspace/eliza-cloud-v2/tests/infrastructure/local-database.ts:27:28)
      at setupEnvironment (/Users/shawwalters/eliza-workspace/eliza-cloud-v2/tests/runtime/runtime-factory.test.ts:58:27)
(fail) RuntimeFactory - BUILD Mode > (unnamed) [0.03ms]

🧹 Cleaning up...

[Timings] All RuntimeFactory Tests:
  TOTAL: 0ms


============================================================
🚀 SETTING UP TEST ENVIRONMENT (Local DB)
============================================================
11 |  * Get the connection string from environment
12 |  */
13 | export function getConnectionString(): string {
14 |   const url = process.env.DATABASE_URL;
15 |   if (!url) {
16 |     throw new Error(
                   ^
error: DATABASE_URL environment variable is required. Make sure your .env is loaded.
      at getConnectionString (/Users/shawwalters/eliza-workspace/eliza-cloud-v2/tests/infrastructure/local-database.ts:16:15)
      at verifyConnection (/Users/shawwalters/eliza-workspace/eliza-cloud-v2/tests/infrastructure/local-database.ts:27:28)
      at setupEnvironment (/Users/shawwalters/eliza-workspace/eliza-cloud-v2/tests/runtime/runtime-factory.test.ts:58:27)
(fail) RuntimeFactory - Caching Behavior > (unnamed)

🧹 Cleaning up...

[Timings] All RuntimeFactory Tests:
  TOTAL: 0ms


============================================================
🚀 SETTING UP TEST ENVIRONMENT (Local DB)
============================================================
11 |  * Get the connection string from environment
12 |  */
13 | export function getConnectionString(): string {
14 |   const url = process.env.DATABASE_URL;
15 |   if (!url) {
16 |     throw new Error(
                   ^
error: DATABASE_URL environment variable is required. Make sure your .env is loaded.
      at getConnectionString (/Users/shawwalters/eliza-workspace/eliza-cloud-v2/tests/infrastructure/local-database.ts:16:15)
      at verifyConnection (/Users/shawwalters/eliza-workspace/eliza-cloud-v2/tests/infrastructure/local-database.ts:27:28)
      at setupEnvironment (/Users/shawwalters/eliza-workspace/eliza-cloud-v2/tests/runtime/runtime-factory.test.ts:58:27)
(fail) RuntimeFactory - Performance Benchmarks > (unnamed) [0.04ms]

🧹 Cleaning up...

[Timings] All RuntimeFactory Tests:
  TOTAL: 0ms


tests/playwright/generate-image.spec.ts:

# Unhandled error between tests
-------------------------------
error: Cannot find module '@playwright/test' from '/Users/shawwalters/eliza-workspace/eliza-cloud-v2/tests/playwright/generate-image.spec.ts'
-------------------------------


tests/playwright/uuid-sanitization.spec.ts:

# Unhandled error between tests
-------------------------------
error: Cannot find module '@playwright/test' from '/Users/shawwalters/eliza-workspace/eliza-cloud-v2/tests/playwright/uuid-sanitization.spec.ts'
-------------------------------


tests/playwright/toctou-race-condition.spec.ts:

# Unhandled error between tests
-------------------------------
error: Cannot find module '@playwright/test' from '/Users/shawwalters/eliza-workspace/eliza-cloud-v2/tests/playwright/toctou-race-condition.spec.ts'
-------------------------------


tests/playwright/auth-routing.spec.ts:

# Unhandled error between tests
-------------------------------
error: Cannot find module '@playwright/test' from '/Users/shawwalters/eliza-workspace/eliza-cloud-v2/tests/playwright/auth-routing.spec.ts'
-------------------------------


services/gateway-discord/tests/leader-election.test.ts:
(pass) Eliza App Bot Leader Election Constants > default leader key has correct format
(pass) Eliza App Bot Leader Election Constants > TTL is 10 seconds
(pass) Eliza App Bot Leader Election Constants > check interval is 3 seconds
(pass) Eliza App Bot Leader Election Constants > TTL is greater than check interval
(pass) Eliza App Bot Leader Election Constants > check interval allows multiple renewals before TTL expires
(pass) Leader Election Logic > SETNX (Set if Not Exists) behavior > first pod acquires leadership [0.15ms]
(pass) Leader Election Logic > SETNX (Set if Not Exists) behavior > second pod cannot acquire leadership while first holds it [0.02ms]
(pass) Leader Election Logic > SETNX (Set if Not Exists) behavior > leadership can be renewed with EXPIRE
(pass) Leader Election Logic > SETNX (Set if Not Exists) behavior > EXPIRE returns false for non-existent key
(pass) Leader Election Logic > SETNX (Set if Not Exists) behavior > leadership can be explicitly released with DEL [0.05ms]
(pass) Leader Election Logic > Leadership state management > pod starts as non-leader
(pass) Leader Election Logic > Leadership state management > pod becomes leader when acquiring lock
(pass) Leader Election Logic > Leadership state management > pod loses leadership when lock expires
(pass) Leader Election Logic > Leadership state management > state includes pod name [0.06ms]
(pass) Leader Election Logic > Failover timing > maximum failover time calculation
(pass) Leader Election Logic > Failover timing > minimum failover time calculation
(pass) Leader Election Logic > Failover timing > average failover time estimation
(pass) Leader Election with Discord Intents > DirectMessages intent bit is correct
(pass) Leader Election with Discord Intents > MessageContent intent bit is correct
(pass) Leader Election with Discord Intents > combined intents for Eliza App bot [0.01ms]
(pass) Discord Partials for DM Support > Channel partial is required for DM events
(pass) Discord Partials for DM Support > Message partial enables handling of uncached messages
(pass) Discord Partials for DM Support > both Channel and Message partials should be configured
(pass) Environment Variable Configuration > detects Eliza App bot configuration [0.03ms]
(pass) Environment Variable Configuration > detects Redis configuration
(pass) Environment Variable Configuration > leader election requires both bot and Redis config
(pass) Graceful Shutdown > Leadership release on shutdown > leader releases lock on graceful shutdown
(pass) Graceful Shutdown > Leadership release on shutdown > non-leader has nothing to release
(pass) Graceful Shutdown > Interval cleanup > leader check interval is cleared on shutdown
(pass) DM-Only Message Handling > processes DM messages from users
(pass) DM-Only Message Handling > skips DM messages from bots
(pass) DM-Only Message Handling > skips server messages from users
(pass) DM-Only Message Handling > skips server messages from bots
(pass) Webhook Forwarding > creates valid forward payload
(pass) Webhook Forwarding > guild_id is always null for DM forwarding
(pass) Webhook Forwarding > bot flag is always false for forwarded messages

services/gateway-discord/tests/voice-message-handler.test.ts:
(pass) Voice attachment detection logic > audio content types are detected as voice
(pass) Voice attachment detection logic > non-audio content types are not detected as voice
(pass) Voice attachment detection logic > IsVoiceMessage flag (8192) can be detected
(pass) Filename sanitization > removes path traversal characters [0.58ms]
(pass) Filename sanitization > preserves safe characters
(pass) Filename sanitization > path traversal prevention works by sanitizing parent directory references
(pass) Voice file size limits > 25MB limit is correct
(pass) Voice file size limits > files under limit pass validation
(pass) Voice file size limits > files over limit fail validation
(pass) parseIntEnv behavior > parseIntEnv logic validates integers correctly
(pass) Voice audio TTL calculation > expiration date is calculated correctly
(pass) Voice audio TTL calculation > file is expired when age exceeds TTL [0.16ms]

services/gateway-discord/tests/gateway-manager.test.ts:
(pass) GatewayManager helper functions > parseIntEnv logic > returns default value when env var not set [0.03ms]
(pass) GatewayManager helper functions > parseIntEnv logic > parses valid integer from env var
(pass) GatewayManager helper functions > parseIntEnv logic > parses zero correctly
(pass) GatewayManager helper functions > parseIntEnv logic > parses negative numbers
(pass) GatewayManager helper functions > parseIntEnv logic > throws on invalid integer [0.02ms]
(pass) GatewayManager helper functions > parseIntEnv logic > throws with env var name in error [0.01ms]
(pass) GatewayManager helper functions > escapePrometheusLabel logic > escapes backslashes [0.03ms]
(pass) GatewayManager helper functions > escapePrometheusLabel logic > escapes newlines [0.01ms]
(pass) GatewayManager helper functions > escapePrometheusLabel logic > escapes double quotes
(pass) GatewayManager helper functions > escapePrometheusLabel logic > escapes combined special characters
(pass) GatewayManager helper functions > escapePrometheusLabel logic > leaves normal strings unchanged
(pass) GatewayManager helper functions > metric formatting logic > formats metric with HELP, TYPE, and value
(pass) GatewayManager helper functions > metric formatting logic > escapes pod name in metric label
(pass) GatewayManager helper functions > metric formatting logic > handles zero values
(pass) GatewayManager helper functions > metric formatting logic > handles large values
(pass) GatewayManager helper functions > fetchWithTimeout logic > timeout value is reasonable (10 seconds default)
(pass) GatewayManager helper functions > fetchWithTimeout logic > event forward timeout is longer (60 seconds) [0.04ms]
(pass) GatewayManager health status logic > health status calculation > returns healthy when no issues [0.02ms]
(pass) GatewayManager health status logic > health status calculation > returns healthy with no bots
(pass) GatewayManager health status logic > health status calculation > returns unhealthy when control plane is lost
(pass) GatewayManager health status logic > health status calculation > returns unhealthy when all bots disconnected
(pass) GatewayManager health status logic > health status calculation > returns degraded when some bots disconnected
(pass) GatewayManager health status logic > health status calculation > control plane lost takes precedence over all bots connected [0.01ms]
(pass) GatewayManager health status logic > control plane health thresholds > critical threshold is 5 consecutive failures
(pass) GatewayManager health status logic > control plane health thresholds > isControlPlaneLost logic
(pass) GatewayManager failover logic > dead pod detection > dead pod threshold is 45 seconds
(pass) GatewayManager failover logic > dead pod detection > pod is dead when heartbeat exceeds threshold
(pass) GatewayManager failover logic > capacity limits > default max bots per pod is 100
(pass) GatewayManager failover logic > capacity limits > hasCapacity logic
(pass) GatewayManager constants > bot poll interval is 30 seconds
(pass) GatewayManager constants > heartbeat interval is 15 seconds
(pass) GatewayManager constants > pod state TTL is 5 minutes
(pass) GatewayManager constants > session state TTL is 1 hour
(pass) GatewayManager constants > max Discord message length is 2000
(pass) GatewayManager Discord intents > default intents include required permissions
(pass) Bot connection state transitions > valid connection statuses
(pass) Bot connection state transitions > connection lifecycle transitions
(pass) Token sanitization > regex matches real Discord token formats [0.03ms]
(pass) Token sanitization > sanitizeError redacts tokens from error messages [0.04ms]
(pass) Token sanitization > sanitizeError handles Error objects
(pass) Token sanitization > sanitizeError handles multiple tokens in one message
(pass) Token sanitization > sanitizeError preserves messages without tokens
(pass) Token sanitization > regex does not match non-token strings
(pass) Token sanitization > regex handles tokens with underscores and hyphens
(pass) Token sanitization > sanitizeError works with all sample tokens
(pass) Event forwarding > supported event types
(pass) Event forwarding > event payload structure

services/gateway-discord/tests/logger.test.ts:
(pass) logger > log level filtering > debug level logs all messages [0.48ms]
(pass) logger > log level filtering > info level filters debug messages [0.25ms]
(pass) logger > log level filtering > warn level filters debug and info messages [0.23ms]
(pass) logger > log level filtering > error level only logs errors [0.20ms]
(pass) logger > log level filtering > defaults to info level when LOG_LEVEL not set [0.17ms]
(pass) logger > message formatting > formats message as JSON with timestamp, level, and message [0.14ms]
(pass) logger > message formatting > includes metadata in formatted message [0.22ms]
(pass) logger > message formatting > warn logs to console.warn [0.13ms]
(pass) logger > message formatting > error logs to console.error [0.19ms]
(pass) logger > edge cases > handles undefined metadata [0.09ms]
(pass) logger > edge cases > handles empty metadata object [0.18ms]
(pass) logger > edge cases > handles complex nested metadata [0.14ms]

tests/unit/oauth/secrets-adapter-utils.test.ts:
(pass) Secrets Adapter Utils > generateConnectionId > should generate ID in format platform:organizationId
(pass) Secrets Adapter Utils > generateConnectionId > should work with various platform names
(pass) Secrets Adapter Utils > generateConnectionId > should work with UUIDs as organization IDs
(pass) Secrets Adapter Utils > generateConnectionId > should handle special characters in organization ID
(pass) Secrets Adapter Utils > generateConnectionId > should handle empty strings
(pass) Secrets Adapter Utils > ownsConnectionId > should return true when ID starts with platform prefix [0.17ms]
(pass) Secrets Adapter Utils > ownsConnectionId > should return false when ID does not match platform
(pass) Secrets Adapter Utils > ownsConnectionId > should return false for UUID-style IDs (Google format)
(pass) Secrets Adapter Utils > ownsConnectionId > should handle partial matches correctly
(pass) Secrets Adapter Utils > ownsConnectionId > should handle edge cases
(pass) Secrets Adapter Utils > verifyConnectionId > should not throw when connection ID matches expected format [0.05ms]
(pass) Secrets Adapter Utils > verifyConnectionId > should throw CONNECTION_NOT_FOUND when ID does not match [0.03ms]
(pass) Secrets Adapter Utils > verifyConnectionId > should throw when platform does not match
(pass) Secrets Adapter Utils > verifyConnectionId > should throw when organization ID does not match
(pass) Secrets Adapter Utils > verifyConnectionId > should throw when connection ID is malformed
(pass) Secrets Adapter Utils > verifyConnectionId > should throw when connection ID is a UUID (wrong format)
(pass) Secrets Adapter Utils > getEarliestSecretDate > should return earliest date from array [0.04ms]
(pass) Secrets Adapter Utils > getEarliestSecretDate > should return current date for empty array
(pass) Secrets Adapter Utils > getEarliestSecretDate > should return the single date for array of one
(pass) Secrets Adapter Utils > getEarliestSecretDate > should handle dates as Date objects
(pass) Secrets Adapter Utils > getEarliestSecretDate > should handle identical dates
(pass) Secrets Adapter Utils > createSecretsConnection > should create connection with required fields
(pass) Secrets Adapter Utils > createSecretsConnection > should allow overriding fields
(pass) Secrets Adapter Utils > createSecretsConnection > should not allow overriding generated ID
(pass) Secrets Adapter Utils > createSecretsConnection > should work with all platform types
(pass) Secrets Adapter Utils > createSecretsConnection > should allow setting status in overrides
(pass) Secrets Adapter Utils > createSecretsConnection > should allow setting scopes in overrides
(pass) Secrets Adapter Utils > createSecretsConnection > should allow setting lastUsedAt in overrides
(pass) Secrets Adapter Utils > createSecretsConnection > should not have lastUsedAt by default
(pass) Connection ID Format Compatibility > should distinguish secrets-based IDs from platform_credentials IDs
(pass) Connection ID Format Compatibility > should handle various organization ID formats [0.26ms]

tests/unit/oauth/connection-adapters.test.ts:
(pass) Connection Adapters Registry > getAdapter > should return adapter for Google
(pass) Connection Adapters Registry > getAdapter > should return adapter for Twitter
(pass) Connection Adapters Registry > getAdapter > should return adapter for Twilio [0.01ms]
(pass) Connection Adapters Registry > getAdapter > should return adapter for Blooio
(pass) Connection Adapters Registry > getAdapter > should return null for unknown platform
(pass) Connection Adapters Registry > getAdapter > should return null for Discord (excluded) [0.03ms]
47 |       const adapter = getAdapter("discord");
48 |       expect(adapter).toBeNull();
49 |     });
50 | 
51 |     it("should be case-sensitive", () => {
52 |       expect(getAdapter("Google")).toBeNull();
                                        ^
error: expect(received).toBeNull()

Received: {
  platform: "Google",
  listConnections: [AsyncFunction: listConnections],
  getToken: [AsyncFunction: getToken],
  revoke: [AsyncFunction: revoke],
  ownsConnection: [AsyncFunction: ownsConnection],
}

      at <anonymous> (/Users/shawwalters/eliza-workspace/eliza-cloud-v2/tests/unit/oauth/connection-adapters.test.ts:52:36)
(fail) Connection Adapters Registry > getAdapter > should be case-sensitive [0.08ms]
56 | 
57 |   describe("getAllAdapters", () => {
58 |     it("should return array of all adapters", () => {
59 |       const adapters = getAllAdapters();
60 |       expect(Array.isArray(adapters)).toBe(true);
61 |       expect(adapters.length).toBe(4); // google, twitter, twilio, blooio
                                   ^
error: expect(received).toBe(expected)

Expected: 4
Received: 9

      at <anonymous> (/Users/shawwalters/eliza-workspace/eliza-cloud-v2/tests/unit/oauth/connection-adapters.test.ts:61:31)
(fail) Connection Adapters Registry > getAllAdapters > should return array of all adapters [0.03ms]
(pass) Connection Adapters Registry > getAllAdapters > should include adapters for all defined providers [0.03ms]
(pass) Connection Adapters Registry > getAllAdapters > should not include Discord adapter [0.02ms]
(pass) Connection Adapters Registry > Adapter Interface Compliance > each adapter should have a platform property [0.02ms]
(pass) Connection Adapters Registry > Adapter Interface Compliance > each adapter should implement listConnections
(pass) Connection Adapters Registry > Adapter Interface Compliance > each adapter should implement getToken [0.02ms]
(pass) Connection Adapters Registry > Adapter Interface Compliance > each adapter should implement revoke
(pass) Connection Adapters Registry > Adapter Interface Compliance > each adapter should implement ownsConnection
(pass) Google Adapter > should have correct platform [0.03ms]
(pass) Google Adapter > ownsConnection > should return true for UUID connection IDs [0.09ms]
(pass) Google Adapter > ownsConnection > should return false for non-UUID connection IDs [0.03ms]
(pass) Google Adapter > ownsConnection > should return false for invalid format [0.01ms]
(pass) Google Adapter > ownsConnection > should return false for empty string
(pass) Twitter Adapter > should have correct platform
(pass) Twitter Adapter > ownsConnection > should return true for twitter: prefixed IDs
(pass) Twitter Adapter > ownsConnection > should return false for other platform prefixes
(pass) Twitter Adapter > ownsConnection > should return false for UUID IDs
(pass) Twilio Adapter > should have correct platform [0.09ms]
(pass) Twilio Adapter > ownsConnection > should return true for twilio: prefixed IDs [0.02ms]
(pass) Twilio Adapter > ownsConnection > should return false for other platform prefixes [0.01ms]
(pass) Blooio Adapter > should have correct platform
(pass) Blooio Adapter > ownsConnection > should return true for blooio: prefixed IDs [0.03ms]
(pass) Blooio Adapter > ownsConnection > should return false for other platform prefixes [0.02ms]
(pass) Connection ID Disambiguation > adapters should not claim each others connection IDs [0.10ms]
(pass) Connection ID Disambiguation > malformed IDs should not be owned by any secrets adapter [0.08ms]
(pass) Storage Type Alignment > Google adapter should use platform_credentials storage
(pass) Storage Type Alignment > Twitter adapter should use secrets storage
(pass) Storage Type Alignment > Twilio adapter should use secrets storage
(pass) Storage Type Alignment > Blooio adapter should use secrets storage
(pass) Provider-Adapter Consistency > each provider should have a corresponding adapter [0.04ms]
303 |   });
304 | 
305 |   it("each adapter should have a corresponding provider", () => {
306 |     for (const adapter of getAllAdapters()) {
307 |       const provider = OAUTH_PROVIDERS[adapter.platform];
308 |       expect(provider).toBeDefined();
                             ^
error: expect(received).toBeDefined()

Received: undefined

      at <anonymous> (/Users/shawwalters/eliza-workspace/eliza-cloud-v2/tests/unit/oauth/connection-adapters.test.ts:308:24)
(fail) Provider-Adapter Consistency > each adapter should have a corresponding provider [0.06ms]

tests/unit/oauth/errors.test.ts:
(pass) OAuthError Class > constructor > should create error with required parameters [1.18ms]
(pass) OAuthError Class > constructor > should create error with all parameters [0.03ms]
(pass) OAuthError Class > constructor > should extend Error class
(pass) OAuthError Class > toResponse > should convert to response object with all fields
(pass) OAuthError Class > toResponse > should convert to response with undefined optional fields [0.05ms]
(pass) OAuthError Class > httpStatus > should return correct HTTP status for each error code
(pass) ERROR_STATUS_MAP > should have all error codes mapped [0.06ms]
(pass) ERROR_STATUS_MAP > should map to valid HTTP status codes
(pass) Error Factory Functions > Errors.platformNotConnected > should create error with platform name [0.05ms]
(pass) Error Factory Functions > Errors.platformNotConnected > should work with various platform names [0.04ms]
(pass) Error Factory Functions > Errors.connectionNotFound > should create error with connection ID [0.01ms]
(pass) Error Factory Functions > Errors.connectionRevoked > should create error with platform name [0.02ms]
(pass) Error Factory Functions > Errors.connectionExpired > should create error with platform name [0.02ms]
(pass) Error Factory Functions > Errors.tokenRefreshFailed > should create error without reason
(pass) Error Factory Functions > Errors.tokenRefreshFailed > should create error with reason [0.03ms]
(pass) Error Factory Functions > Errors.tokenDecryptionFailed > should create error with platform name [0.01ms]
(pass) Error Factory Functions > Errors.tokenInvalid > should create error with platform name [0.02ms]
(pass) Error Factory Functions > Errors.platformNotConfigured > should create error with platform name [0.02ms]
(pass) Error Factory Functions > Errors.platformNotSupported > should create error with platform name
(pass) Error Factory Functions > Errors.unauthorized > should create unauthorized error
(pass) Error Factory Functions > Errors.forbidden > should create forbidden error
(pass) Error Factory Functions > Errors.rateLimited > should create rate limited error with retry after [0.06ms]
(pass) Error Factory Functions > Errors.internalError > should create internal error with message
(pass) Response Helper Functions > internalErrorResponse > should create response with default message [0.04ms]
(pass) Response Helper Functions > internalErrorResponse > should create response with custom message
(pass) Response Helper Functions > validationErrorResponse > should create validation error response
(pass) OAuthErrorCode Enum > should have unique values [0.02ms]
(pass) OAuthErrorCode Enum > should have all expected error codes [0.02ms]

tests/unit/oauth/provider-registry.test.ts:
(pass) Provider Registry > OAUTH_PROVIDERS > should include all expected providers [0.03ms]
(pass) Provider Registry > OAUTH_PROVIDERS > should NOT include Discord (excluded by design) [0.01ms]
(pass) Provider Registry > OAUTH_PROVIDERS > should have required fields for each provider [0.02ms]
(pass) Provider Registry > OAUTH_PROVIDERS > Google Provider > should have correct type
(pass) Provider Registry > OAUTH_PROVIDERS > Google Provider > should require GOOGLE_CLIENT_ID and GOOGLE_CLIENT_SECRET [0.06ms]
(pass) Provider Registry > OAUTH_PROVIDERS > Google Provider > should use platform_credentials storage
(pass) Provider Registry > OAUTH_PROVIDERS > Google Provider > should have default scopes
(pass) Provider Registry > OAUTH_PROVIDERS > Google Provider > should use generic routes [0.03ms]
(pass) Provider Registry > OAUTH_PROVIDERS > Twitter Provider > should have OAuth 1.0a type
(pass) Provider Registry > OAUTH_PROVIDERS > Twitter Provider > should require Twitter API keys
(pass) Provider Registry > OAUTH_PROVIDERS > Twitter Provider > should use secrets storage
(pass) Provider Registry > OAUTH_PROVIDERS > Twitter Provider > should have secret patterns defined
(pass) Provider Registry > OAUTH_PROVIDERS > Twilio Provider > should have api_key type
(pass) Provider Registry > OAUTH_PROVIDERS > Twilio Provider > should have empty envVars (user provides credentials)
(pass) Provider Registry > OAUTH_PROVIDERS > Twilio Provider > should use secrets storage
(pass) Provider Registry > OAUTH_PROVIDERS > Twilio Provider > should have secret patterns defined [0.05ms]
(pass) Provider Registry > OAUTH_PROVIDERS > Twilio Provider > should have empty callback route (API key platforms)
(pass) Provider Registry > OAUTH_PROVIDERS > Blooio Provider > should have api_key type
(pass) Provider Registry > OAUTH_PROVIDERS > Blooio Provider > should have empty envVars (user provides credentials)
(pass) Provider Registry > OAUTH_PROVIDERS > Blooio Provider > should use secrets storage
(pass) Provider Registry > OAUTH_PROVIDERS > Blooio Provider > should have secret patterns defined [0.02ms]
(pass) Provider Registry > getProvider > should return provider for valid ID [0.02ms]
(pass) Provider Registry > getProvider > should return null for invalid ID
(pass) Provider Registry > getProvider > should return null for empty string
(pass) Provider Registry > getProvider > should be case-insensitive
(pass) Provider Registry > getProvider > should return all expected providers [0.03ms]
(pass) Provider Registry > isProviderConfigured > should return true for API key providers (empty envVars) [0.01ms]
(pass) Provider Registry > isProviderConfigured > should return false when Google env vars are missing [0.05ms]
(pass) Provider Registry > isProviderConfigured > should return true when all Google env vars are set [0.02ms]
(pass) Provider Registry > isProviderConfigured > should return false when only some env vars are set
(pass) Provider Registry > isProviderConfigured > should return false when env vars are empty strings
(pass) Provider Registry > isProviderConfigured > should return false when Twitter env vars are missing [0.04ms]
(pass) Provider Registry > isProviderConfigured > should return true when Twitter env vars are set
(pass) Provider Registry > getConfiguredProviders > should always include API key providers [0.03ms]
(pass) Provider Registry > getConfiguredProviders > should include OAuth providers when configured [0.02ms]
(pass) Provider Registry > getConfiguredProviders > should not include OAuth providers when not configured
(pass) Provider Registry > getAllProviderIds > should return all provider IDs
(pass) Provider Registry > getAllProviderIds > should not include Discord
(pass) Provider Registry > getAllProviderIds > should match keys of OAUTH_PROVIDERS [0.06ms]
(pass) Provider Registry > isValidProvider > should return true for valid provider IDs [0.02ms]
(pass) Provider Registry > isValidProvider > should return false for invalid provider IDs [0.01ms]
(pass) Provider Registry > isValidProvider > should be case-insensitive

tests/unit/oauth/oauth-service.test.ts:
(pass) OAuth Service Logic > listProviders transformation > should transform provider config to info format [0.04ms]
33 |       expect(info.defaultScopes).toBeDefined();
34 |     });
35 | 
36 |     it("should include all expected providers", () => {
37 |       const providerCount = Object.keys(OAUTH_PROVIDERS).length;
38 |       expect(providerCount).toBe(4); // google, twitter, twilio, blooio
                                 ^
error: expect(received).toBe(expected)

Expected: 4
Received: 8

      at <anonymous> (/Users/shawwalters/eliza-workspace/eliza-cloud-v2/tests/unit/oauth/oauth-service.test.ts:38:29)
(fail) OAuth Service Logic > listProviders transformation > should include all expected providers [0.08ms]
(pass) OAuth Service Logic > getMostRecentActive logic > should return null for empty array [0.04ms]
(pass) OAuth Service Logic > getMostRecentActive logic > should return null when no active connections [0.04ms]
(pass) OAuth Service Logic > getMostRecentActive logic > should return the only active connection [0.01ms]
(pass) OAuth Service Logic > getMostRecentActive logic > should return most recently used when lastUsedAt is set [0.03ms]
(pass) OAuth Service Logic > getMostRecentActive logic > should fall back to linkedAt when lastUsedAt is undefined
(pass) OAuth Service Logic > sortConnectionsByRecency logic > should return empty array for empty input [0.04ms]
(pass) OAuth Service Logic > sortConnectionsByRecency logic > should sort by lastUsedAt descending [0.03ms]
(pass) OAuth Service Logic > sortConnectionsByRecency logic > should use linkedAt when lastUsedAt is undefined
(pass) OAuth Service Logic > sortConnectionsByRecency logic > should handle mixed lastUsedAt and linkedAt
(pass) OAuth Service Logic > initiateAuth logic > should return requiresCredentials for API key platforms
188 |       ];
189 | 
190 |       for (const { id, type } of oauthPlatforms) {
191 |         const provider = OAUTH_PROVIDERS[id];
192 |         expect(provider.type).toBe(type);
193 |         expect(provider.routes.callback).toBeDefined();
                              ^
TypeError: undefined is not an object (evaluating 'provider.routes.callback')
      at <anonymous> (/Users/shawwalters/eliza-workspace/eliza-cloud-v2/tests/unit/oauth/oauth-service.test.ts:193:25)
(fail) OAuth Service Logic > initiateAuth logic > should generate auth URL for OAuth platforms [0.11ms]
(pass) OAuth Service Logic > Connection filtering > should filter connections by platform
(pass) OAuth Service Logic > Connection filtering > should filter connections by status [0.06ms]
(pass) OAuth Service Logic > Token retrieval logic > should check cache before querying adapter
(pass) OAuth Service Logic > Token retrieval logic > should invalidate cache on revoke
(pass) OAuth Service Logic > Platform connection check > should check if any active connection exists for platform [0.04ms]
(pass) OAuth Service Logic > Connected platforms list > should return unique platforms with active connections
(pass) OAuth Types > OAuthProviderType > should support oauth2, oauth1a, and api_key types [0.05ms]
(pass) OAuth Types > OAuthConnectionStatus > should have all expected statuses [0.02ms]
(pass) OAuth Types > OAuthConnectionSource > should distinguish platform_credentials from secrets [0.01ms]

tests/unit/oauth/token-cache.test.ts:
(pass) Token Cache Logic > Cache Key Format > should generate keys in format oauth_token:orgId:connectionId
(pass) Token Cache Logic > Cache Key Format > should handle UUIDs in connection IDs
(pass) Token Cache Logic > Cache Key Format > should handle secrets-style connection IDs
(pass) Token Cache Logic > TTL Calculation > should return default TTL when no expiry provided
(pass) Token Cache Logic > TTL Calculation > should return 0 when token is already expired
(pass) Token Cache Logic > TTL Calculation > should return 0 when token expires within 5 minutes [0.28ms]
(pass) Token Cache Logic > TTL Calculation > should return positive TTL when token expires after 5 minute buffer
(pass) Token Cache Logic > TTL Calculation > should cap TTL at 24 hours [0.02ms]
(pass) Token Cache Logic > TTL Calculation > should handle edge case at exactly 5 minutes
(pass) Token Cache Logic > TTL Calculation > should handle token expiring just after 5 minute buffer
(pass) Token Cache Logic > Expiry Buffer Logic > should invalidate when within 5 minute buffer
(pass) Token Cache Logic > Expiry Buffer Logic > should not invalidate when outside 5 minute buffer
(pass) Token Cache Logic > Expiry Buffer Logic > should invalidate when already expired
(pass) Token Cache Logic > Expiry Buffer Logic > should invalidate at exactly 5 minutes
(pass) Token Cache Logic > Expiry Buffer Logic > should not invalidate at 5 minutes 1 second [0.08ms]
(pass) Token Cache Logic > Cache Pattern Invalidation > should generate correct pattern for org invalidation
(pass) Token Cache Logic > Cache Pattern Invalidation > should generate correct pattern for platform invalidation
(pass) Token Cache Logic > Token Result Transformation > should mark token as fromCache=true when retrieved from cache [0.02ms]
(pass) Token Cache Logic > Token Result Transformation > should mark token as fromCache=false when stored [0.01ms]
(pass) Token Cache Logic > Token Result Transformation > should preserve all token fields [0.01ms]
(pass) Token Cache Logic > Date Serialization Handling > should handle Date objects from JSON deserialization
(pass) Token Cache Logic > Date Serialization Handling > should handle already-Date objects
(pass) Token Cache Logic > Date Serialization Handling > should handle undefined expiresAt
(pass) Token Cache Logic > OAuth 1.0a Token Handling > should support tokens without expiry (OAuth 1.0a) [0.08ms]
(pass) Token Cache Logic > OAuth 1.0a Token Handling > should include accessTokenSecret in cached data
(pass) Token Cache Logic > Concurrent Access Safety > should handle multiple cache keys for same organization
(pass) Token Cache Logic > Concurrent Access Safety > should namespace keys by organization for isolation
(pass) CachedToken Structure > should include cachedAt timestamp
(pass) CachedToken Structure > should set fromCache=false when storing

tests/unit/eliza-app/telegram-auth.test.ts:
(pass) Telegram Auth Hash Generation > generates 64-character hex hash [0.36ms]
(pass) Telegram Auth Hash Generation > same data produces same hash [0.04ms]
(pass) Telegram Auth Hash Generation > different data produces different hash [0.04ms]
(pass) Telegram Auth Hash Generation > different bot token produces different hash [0.02ms]
(pass) Telegram Auth Hash Generation > fields are sorted alphabetically [0.01ms]
(pass) Telegram Auth Hash Generation > optional fields affect hash when present [0.05ms]
(pass) Auth Date Validation > current timestamp is valid
(pass) Auth Date Validation > 1 hour old auth is valid [0.03ms]
(pass) Auth Date Validation > 23 hours old auth is valid
(pass) Auth Date Validation > 25 hours old auth is expired
(pass) Auth Date Validation > future auth_date is invalid (negative age) [0.02ms]
(pass) Hash Tampering Detection > modified id invalidates hash [0.03ms]
(pass) Hash Tampering Detection > modified first_name invalidates hash [0.01ms]
(pass) Hash Tampering Detection > modified auth_date invalidates hash [0.02ms]
(pass) Hash Tampering Detection > single character change invalidates hash [0.03ms]
(pass) Edge Cases > handles unicode in first_name
(pass) Edge Cases > handles empty username
(pass) Edge Cases > handles very long first_name [0.06ms]
(pass) Edge Cases > handles special characters in username
(pass) Edge Cases > handles max int32 for id [0.01ms]
(pass) Edge Cases > handles photo_url field [0.02ms]
(pass) Timing Safe Comparison > Buffer comparison for equal hashes [0.01ms]
(pass) Timing Safe Comparison > Buffer comparison for different hashes
(pass) Timing Safe Comparison > Buffer length must match for valid comparison [0.03ms]

tests/unit/eliza-app/webhook-validation.test.ts:
(pass) Telegram Webhook Secret Verification > valid secret token passes verification [0.01ms]
(pass) Telegram Webhook Secret Verification > invalid secret token fails verification [0.01ms]
(pass) Telegram Webhook Secret Verification > timing-safe comparison prevents timing attacks
(pass) Telegram Webhook Secret Verification > empty secret token fails [0.02ms]
(pass) Telegram Webhook Secret Verification > null-byte injection attempt fails
(pass) Blooio Signature Verification > valid signature passes verification [0.02ms]
(pass) Blooio Signature Verification > tampered payload fails verification [0.05ms]
(pass) Blooio Signature Verification > wrong secret produces different signature
(pass) Blooio Signature Verification > signature is 64-character hex [0.01ms]
(pass) Telegram Update Validation > valid private message update passes [0.43ms]
(pass) Telegram Update Validation > update without message is valid [0.02ms]
(pass) Telegram Update Validation > missing update_id fails [0.02ms]
(pass) Telegram Update Validation > invalid chat type fails [0.10ms]
(pass) Telegram Update Validation > group message is parsed correctly [0.03ms]
(pass) Blooio Webhook Validation > valid message.received event passes [0.06ms]
(pass) Blooio Webhook Validation > valid message.sent event passes
(pass) Blooio Webhook Validation > invalid event type fails
(pass) Blooio Webhook Validation > missing event field fails
(pass) Blooio Webhook Validation > message with attachments passes [0.23ms]
(pass) Blooio Webhook Validation > group message is identified
(pass) Idempotency Key Generation > Telegram idempotency key format [0.02ms]
(pass) Idempotency Key Generation > Blooio idempotency key format
(pass) Idempotency Key Generation > same update_id produces same key
(pass) Idempotency Key Generation > different update_ids produce different keys
(pass) Command Parsing > /start command is detected [0.02ms]
(pass) Command Parsing > /help command is detected [0.01ms]
(pass) Command Parsing > /status command is detected
(pass) Command Parsing > command with arguments is parsed [0.02ms]
(pass) Command Parsing > regular message is not a command
(pass) Command Parsing > message starting with / but not a command pattern
(pass) Phone Number in Webhook > E.164 format phone number is valid
(pass) Phone Number in Webhook > phone without + prefix is detected
(pass) Phone Number in Webhook > international phone numbers

tests/unit/eliza-app/discord-user-service.test.ts:
(pass) Discord User Service > generateSlugFromDiscord > generates slug with discord- prefix when username provided [0.05ms]
(pass) Discord User Service > generateSlugFromDiscord > generates slug with discord- prefix when only discordId provided
(pass) Discord User Service > generateSlugFromDiscord > sanitizes special characters in username [0.07ms]
(pass) Discord User Service > generateSlugFromDiscord > converts username to lowercase
41 |       expect(slug).toMatch(/^discord-uppercase-[a-z0-9]+$/);
42 |     });
43 | 
44 |     test("handles unicode characters by removing them", () => {
45 |       const slug = generateSlugFromDiscord("Test🎉User", "123456789");
46 |       expect(slug).toMatch(/^discord-testuser-[a-z0-9]+$/);
                        ^
error: expect(received).toMatch(expected)

Expected substring or pattern: /^discord-testuser-[a-z0-9]+$/
Received: "discord-test--user-mdv0fj2q17"

      at <anonymous> (/Users/shawwalters/eliza-workspace/eliza-cloud-v2/tests/unit/eliza-app/discord-user-service.test.ts:46:20)
(fail) Discord User Service > generateSlugFromDiscord > handles unicode characters by removing them [0.07ms]
(pass) Discord User Service > generateSlugFromDiscord > generates unique slugs on multiple calls
(pass) Discord User Service > Discord user data handling > handles Discord user with all fields [0.09ms]
(pass) Discord User Service > Discord user data handling > handles Discord user with minimal fields
(pass) Discord User Service > Discord user data handling > handles null globalName and avatarUrl
(pass) Discord User Service > Discord avatar URL generation > generates correct avatar URL
(pass) Discord User Service > Discord avatar URL generation > returns null when no avatar
(pass) Discord User Service > Discord avatar URL generation > handles various avatar hash formats
(pass) Discord User Service > Display name resolution > uses globalName when available
(pass) Discord User Service > Display name resolution > falls back to username when globalName is null [0.08ms]
(pass) Discord User Service > Display name resolution > falls back to username when globalName is undefined
(pass) Discord User Service > Display name resolution > falls back to username when globalName is empty string
(pass) Discord User Service > Profile update detection > detects username change [0.04ms]
(pass) Discord User Service > Profile update detection > detects globalName change [0.01ms]
(pass) Discord User Service > Profile update detection > detects avatar change
(pass) Discord User Service > Profile update detection > returns false when no changes
(pass) Discord User Service > Profile update detection > handles null to value transition
(pass) Discord User Service > Profile update detection > handles value to null transition
(pass) Discord User Service > Unique constraint error detection > detects unique constraint violation message
(pass) Discord User Service > Unique constraint error detection > detects duplicate key message
(pass) Discord User Service > Unique constraint error detection > detects PostgreSQL error code 23505 [0.01ms]
(pass) Discord User Service > Unique constraint error detection > returns false for other errors
(pass) Discord User Service > Unique constraint error detection > returns false for non-Error objects
(pass) Discord User Service > Organization name generation > generates workspace name from display name [0.02ms]
(pass) Discord User Service > Organization name generation > handles single word name
(pass) Discord User Service > Organization name generation > handles unicode characters
(pass) Discord User Service > Organization name generation > handles emoji in name
(pass) Discord ID validation > validates correct Discord ID format [0.01ms]
(pass) Discord ID validation > rejects too short IDs
(pass) Discord ID validation > rejects too long IDs [0.03ms]
(pass) Discord ID validation > rejects non-numeric IDs
(pass) Discord ID validation > rejects empty string

tests/unit/eliza-app/session-service.test.ts:
(pass) JWT Token Creation > creates valid JWT with required fields [0.39ms]
(pass) JWT Token Creation > token contains correct payload fields [0.30ms]
(pass) JWT Token Creation > token has correct issuer [0.20ms]
(pass) JWT Token Creation > token has correct audience [0.16ms]
(pass) JWT Token Creation > token has correct subject (userId) [0.13ms]
(pass) JWT Token Creation > token has iat (issued at) claim [0.15ms]
(pass) JWT Token Creation > token has exp (expiration) claim [0.18ms]
(pass) JWT Token Creation > optional telegramId is included when provided [0.15ms]
(pass) JWT Token Creation > optional phoneNumber is included when provided [0.13ms]
(pass) JWT Token Creation > optional fields are absent when not provided [0.15ms]
(pass) JWT Token Validation > valid token passes verification [0.22ms]
(pass) JWT Token Validation > expired token throws error [0.31ms]
(pass) JWT Token Validation > token with wrong issuer is rejected [0.19ms]
(pass) JWT Token Validation > token with wrong audience is rejected [0.12ms]
(pass) JWT Token Validation > tampered token is rejected [0.14ms]
(pass) JWT Token Validation > malformed token is rejected [0.03ms]
(pass) JWT Token Validation > empty string token is rejected
(pass) JWT Token Validation > token signed with wrong key is rejected [0.14ms]
(pass) Authorization Header Parsing > extracts token from 'Bearer <token>' format
(pass) Authorization Header Parsing > rejects non-Bearer auth schemes
(pass) Authorization Header Parsing > handles 'bearer' lowercase [0.02ms]
(pass) Authorization Header Parsing > handles extra whitespace after Bearer
(pass) Authorization Header Parsing > handles missing token after Bearer
(pass) Session Duration > SESSION_DURATION_SECONDS is 7 days
(pass) Session Duration > token expires in approximately 7 days [0.11ms]
(pass) Edge Cases > handles UUID-format userId [0.14ms]
(pass) Edge Cases > handles special characters in organizationId [0.12ms]
(pass) Edge Cases > handles international phone numbers [0.11ms]
(pass) Edge Cases > handles large telegramId (64-bit) [0.15ms]

tests/unit/eliza-app/oauth-enforcement.test.ts:
(pass) Phone Normalization - ACTUAL normalizePhoneNumber() > E.164 format passes through unchanged [0.16ms]
(pass) Phone Normalization - ACTUAL normalizePhoneNumber() > 10-digit US number gets +1 prefix [0.08ms]
(pass) Phone Normalization - ACTUAL normalizePhoneNumber() > 11-digit US number (with leading 1) normalizes [0.05ms]
(pass) Phone Normalization - ACTUAL normalizePhoneNumber() > formatted phone number is cleaned [0.08ms]
(pass) Phone Normalization - ACTUAL normalizePhoneNumber() > international numbers are normalized [0.31ms]
(pass) Phone Normalization - ACTUAL normalizePhoneNumber() > email addresses are lowercased (iMessage support) [0.01ms]
(pass) Phone Normalization - ACTUAL normalizePhoneNumber() > whitespace is trimmed [0.04ms]
(pass) Phone Normalization - ACTUAL normalizePhoneNumber() > same phone in different formats normalizes to same value [0.16ms]
(pass) Phone Validation - ACTUAL validatePhoneForAPI() > valid US phone returns normalized [0.06ms]
(pass) Phone Validation - ACTUAL validatePhoneForAPI() > empty phone returns error [0.01ms]
(pass) Phone Validation - ACTUAL validatePhoneForAPI() > whitespace-only phone returns error
(pass) E.164 Validation - ACTUAL isValidE164() > valid E.164 numbers [0.01ms]
(pass) E.164 Validation - ACTUAL isValidE164() > invalid formats
(pass) Room ID Generation - ACTUAL generateElizaAppRoomId() > generates valid UUID format [0.07ms]
(pass) Room ID Generation - ACTUAL generateElizaAppRoomId() > same inputs produce same room ID (deterministic) [0.02ms]
(pass) Room ID Generation - ACTUAL generateElizaAppRoomId() > different users get different room IDs [0.02ms]
(pass) Room ID Generation - ACTUAL generateElizaAppRoomId() > same user on different platforms gets different room IDs [0.01ms]
(pass) Room ID Generation - ACTUAL generateElizaAppRoomId() > room ID is SHA256 based [0.03ms]
(pass) Entity ID Generation - ACTUAL generateElizaAppEntityId() > generates valid UUID format
(pass) Entity ID Generation - ACTUAL generateElizaAppEntityId() > same identifier produces same entity ID [0.02ms]
(pass) Entity ID Generation - ACTUAL generateElizaAppEntityId() > different platforms produce different entity IDs (OLD behavior)
(pass) Rejection Messages - VERIFIED AGAINST ACTUAL WEBHOOK CODE > Telegram rejection message exists in webhook (OAuth enforcement) [0.01ms]
(pass) Rejection Messages - VERIFIED AGAINST ACTUAL WEBHOOK CODE > Status not connected message exists in webhook [0.01ms]
(pass) Rejection Messages - VERIFIED AGAINST ACTUAL WEBHOOK CODE > Telegram rejection message is welcoming (contains emoji)
(pass) Unified EntityId Architecture > entityId should be user.id (UUID from database)
(pass) Unified EntityId Architecture > OLD approach: generateElizaAppEntityId creates DIFFERENT IDs per platform
(pass) Unified EntityId Architecture > NEW approach: user.id is same across platforms
(pass) Telegram OAuth Enforcement Logic - Verified Against Webhook > Telegram webhook checks userWithOrg?.organization for null/undefined [0.02ms]
(pass) Command Detection - Verified Against Webhook > command detection matches webhook logic [0.01ms]
(pass) Telegram Chat Type Handling - Verified Against Webhook > only private chats are processed [0.01ms]
(pass) Blooio Message Filtering - Verified Against Webhook > message filtering matches webhook logic [0.03ms]
(pass) Idempotency Key Format - Verified Against Webhook > Telegram key format
(pass) Idempotency Key Format - Verified Against Webhook > Blooio key format
(pass) Idempotency Key Format - Verified Against Webhook > keys are namespaced differently
(pass) Email Validation - ACTUAL isValidEmail() > valid email formats [0.04ms]
(pass) Email Validation - ACTUAL isValidEmail() > invalid email formats - missing parts [0.02ms]
(pass) Email Validation - ACTUAL isValidEmail() > invalid email formats - no TLD
(pass) Email Validation - ACTUAL isValidEmail() > invalid email formats - empty/null
(pass) Email Validation - ACTUAL isValidEmail() > invalid email formats - too short/long [0.02ms]
(pass) Email Normalization - ACTUAL normalizeEmail() > lowercases and trims [0.01ms]
(pass) Email Masking - ACTUAL maskEmailForLogging() > standard emails (5+ char prefix) [0.02ms]
(pass) Email Masking - ACTUAL maskEmailForLogging() > short prefixes (3-4 chars) [0.02ms]
(pass) Email Masking - ACTUAL maskEmailForLogging() > very short prefixes (1-2 chars)
(pass) Email Masking - ACTUAL maskEmailForLogging() > handles invalid formats gracefully [0.02ms]
(pass) Blooio Auto-Provision Logic > phone sender detection [0.02ms]

tests/unit/eliza-app/auth-endpoint.test.ts:
(pass) Telegram Auth Request Schema > Valid Requests > minimal valid request passes [0.22ms]
(pass) Telegram Auth Request Schema > Valid Requests > full valid request passes [0.04ms]
(pass) Telegram Auth Request Schema > Valid Requests > unicode first_name is valid [0.02ms]
(pass) Telegram Auth Request Schema > Valid Requests > max length first_name (256 chars) is valid [0.02ms]
(pass) Telegram Auth Request Schema > Valid Requests > max length username (32 chars) is valid [0.01ms]
(pass) Telegram Auth Request Schema > Invalid Requests - Missing Fields > missing id fails [0.06ms]
(pass) Telegram Auth Request Schema > Invalid Requests - Missing Fields > missing first_name fails [0.01ms]
(pass) Telegram Auth Request Schema > Invalid Requests - Missing Fields > missing auth_date fails [0.03ms]
(pass) Telegram Auth Request Schema > Invalid Requests - Missing Fields > missing hash fails [0.03ms]
(pass) Telegram Auth Request Schema > Invalid Requests - Wrong Types > string id fails
(pass) Telegram Auth Request Schema > Invalid Requests - Wrong Types > float id fails [0.08ms]
(pass) Telegram Auth Request Schema > Invalid Requests - Wrong Types > negative id fails [0.03ms]
(pass) Telegram Auth Request Schema > Invalid Requests - Wrong Types > zero id fails [0.02ms]
(pass) Telegram Auth Request Schema > Invalid Requests - Wrong Types > string auth_date fails [0.02ms]
(pass) Telegram Auth Request Schema > Invalid Requests - Wrong Types > number first_name fails
(pass) Telegram Auth Request Schema > Invalid Requests - Constraint Violations > empty first_name fails [0.01ms]
(pass) Telegram Auth Request Schema > Invalid Requests - Constraint Violations > first_name over 256 chars fails [0.03ms]
(pass) Telegram Auth Request Schema > Invalid Requests - Constraint Violations > username over 32 chars fails [0.01ms]
(pass) Telegram Auth Request Schema > Invalid Requests - Constraint Violations > hash not 64 chars fails (63 chars) [0.05ms]
(pass) Telegram Auth Request Schema > Invalid Requests - Constraint Violations > hash not 64 chars fails (65 chars) [0.03ms]
(pass) Telegram Auth Request Schema > Invalid Requests - Constraint Violations > invalid photo_url fails [0.07ms]
(pass) Telegram Auth Request Schema > Invalid Requests - Constraint Violations > photo_url over 2048 chars fails [0.02ms]
(pass) Telegram Auth Request Schema > Edge Cases > whitespace-only first_name passes (has length) [0.02ms]
(pass) Telegram Auth Request Schema > Edge Cases > emoji in first_name is valid
(pass) Telegram Auth Request Schema > Edge Cases > null values for optional fields fail
(pass) Telegram Auth Request Schema > Edge Cases > extra fields are stripped (passthrough not enabled) [0.04ms]
(pass) Auth Success Response Schema > valid success response passes [0.29ms]
(pass) Auth Success Response Schema > new user response is valid [0.01ms]
(pass) Auth Success Response Schema > missing success field fails [0.02ms]
(pass) Auth Error Response Schema > INVALID_JSON error response [0.03ms]
(pass) Auth Error Response Schema > INVALID_REQUEST error response
(pass) Auth Error Response Schema > INVALID_AUTH error response
(pass) Auth Error Response Schema > success: true fails error schema [0.02ms]
(pass) HTTP Status Code Expectations > INVALID_JSON returns 400
(pass) HTTP Status Code Expectations > INVALID_REQUEST returns 400
(pass) HTTP Status Code Expectations > INVALID_AUTH returns 401
(pass) HTTP Status Code Expectations > RATE_LIMITED returns 429
(pass) HTTP Status Code Expectations > INTERNAL_ERROR returns 500

tests/unit/eliza-app/discord-webhook.test.ts:
(pass) Discord Webhook > Event type filtering > handles MESSAGE_CREATE events [0.01ms]
(pass) Discord Webhook > Event type filtering > skips MESSAGE_UPDATE events
(pass) Discord Webhook > Event type filtering > skips MESSAGE_DELETE events
(pass) Discord Webhook > Event type filtering > skips INTERACTION_CREATE events
(pass) Discord Webhook > Event type filtering > skips unknown event types
(pass) Discord Webhook > DM-only filtering > identifies DM message (null guild_id) [0.02ms]
(pass) Discord Webhook > DM-only filtering > identifies DM message (undefined guild_id)
(pass) Discord Webhook > DM-only filtering > identifies server message
(pass) Discord Webhook > DM-only filtering > identifies server message (empty string is truthy in this context)
(pass) Discord Webhook > Bot message filtering > identifies bot message [0.01ms]
(pass) Discord Webhook > Bot message filtering > identifies human message (bot: false) [0.01ms]
(pass) Discord Webhook > Bot message filtering > identifies human message (bot undefined)
(pass) Discord Webhook > Empty message handling > detects message with text content [0.03ms]
(pass) Discord Webhook > Empty message handling > detects message with only whitespace as empty
(pass) Discord Webhook > Empty message handling > detects empty content string
(pass) Discord Webhook > Empty message handling > detects message with attachments [0.01ms]
(pass) Discord Webhook > Empty message handling > detects message with voice attachments
(pass) Discord Webhook > Empty message handling > detects message with both text and attachments [0.01ms]
(pass) Discord Webhook > Empty message handling > detects completely empty message [0.01ms]
(pass) Discord Webhook > Attachment processing > converts Discord attachment to Media format [0.03ms]
(pass) Discord Webhook > Attachment processing > handles attachment without content_type [0.02ms]
(pass) Discord Webhook > Attachment processing > handles attachment without filename
(pass) Discord Webhook > Attachment processing > processes multiple attachments
(pass) Discord Webhook > Attachment processing > handles empty attachments array [0.02ms]
(pass) Discord Webhook > Voice attachment processing > processes voice attachment [0.02ms]
(pass) Discord Webhook > Voice attachment processing > handles multiple voice attachments [0.09ms]
(pass) Discord Webhook > Discord message length limit > keeps short messages unchanged [0.05ms]
(pass) Discord Webhook > Discord message length limit > truncates messages at 2000 characters [0.02ms]
(pass) Discord Webhook > Discord message length limit > handles exactly 2000 character messages
(pass) Discord Webhook > Discord message length limit > handles empty messages
(pass) Discord Webhook > Discord 429 retry logic > parses numeric Retry-After header [0.03ms]
(pass) Discord Webhook > Discord 429 retry logic > returns default for null header
(pass) Discord Webhook > Discord 429 retry logic > returns default for invalid header
(pass) Discord Webhook > Discord 429 retry logic > handles decimal values
(pass) Discord Webhook > Idempotency key generation > generates correct idempotency key format [0.02ms]
(pass) Discord Webhook > Idempotency key generation > includes event ID in key
(pass) Discord Webhook > Room ID generation > generates consistent room ID for same inputs [0.02ms]
(pass) Discord Webhook > Room ID generation > generates different room IDs for different users [0.01ms]
(pass) Discord Webhook > Room ID generation > includes platform in room ID
(pass) Discord Webhook > Author data extraction > extracts all author data [0.06ms]
(pass) Discord Webhook > Author data extraction > handles missing global_name [0.03ms]
(pass) Discord Webhook > Author data extraction > handles null avatar [0.02ms]
(pass) Discord Webhook > Response content extraction > extracts string content directly [0.02ms]
(pass) Discord Webhook > Response content extraction > extracts text from object content
(pass) Discord Webhook > Response content extraction > returns empty string for object without text [0.01ms]
(pass) Discord Webhook > Response content extraction > returns empty string for undefined text
(pass) Discord Webhook > Response content extraction > handles empty string content
(pass) Discord Event Payload Validation > validates correct payload structure [0.03ms]
(pass) Discord Event Payload Validation > rejects payload missing event_type
(pass) Discord Event Payload Validation > rejects payload missing event_id [0.01ms]
(pass) Discord Event Payload Validation > rejects payload missing data
(pass) Discord Event Payload Validation > rejects payload missing author
(pass) Discord Event Payload Validation > rejects null payload
(pass) Discord Event Payload Validation > rejects non-object payload [0.01ms]

tests/unit/eliza-app/deterministic-uuid.test.ts:
(pass) generateDeterministicUUID > produces valid UUID format [0.05ms]
(pass) generateDeterministicUUID > is deterministic - same input produces same output
(pass) generateDeterministicUUID > different inputs produce different outputs
(pass) generateDeterministicUUID > handles empty string input [0.01ms]
(pass) generateDeterministicUUID > handles unicode input
(pass) generateDeterministicUUID > handles very long input [0.01ms]
(pass) generateDeterministicUUID > handles special characters [0.01ms]
(pass) generateDeterministicUUID > output is always lowercase [0.01ms]
(pass) generateElizaAppRoomId > generates valid UUID for Telegram room
(pass) generateElizaAppRoomId > generates valid UUID for iMessage room [0.02ms]
(pass) generateElizaAppRoomId > same agent + user = same room ID [0.02ms]
(pass) generateElizaAppRoomId > different users = different room IDs [0.01ms]
(pass) generateElizaAppRoomId > different agents = different room IDs for same user [0.01ms]
(pass) generateElizaAppRoomId > different channels = different room IDs for same identifier [0.02ms]
(pass) generateElizaAppEntityId > generates valid UUID for Telegram user
(pass) generateElizaAppEntityId > generates valid UUID for iMessage user [0.01ms]
(pass) generateElizaAppEntityId > same identifier = same entity ID [0.01ms]
(pass) generateElizaAppEntityId > different identifiers = different entity IDs [0.02ms]
(pass) generateElizaAppEntityId > different channels = different entity IDs for same identifier
(pass) Cross-function consistency > room ID and entity ID are different for same user

services/gateway-discord/tests/e2e/gateway-service.e2e.test.ts:
(pass) Discord Gateway Service E2E > HTTP Endpoints > GET /health returns healthy status when no bots [1.23ms]
(pass) Discord Gateway Service E2E > HTTP Endpoints > GET /ready returns ready when healthy [0.05ms]
(pass) Discord Gateway Service E2E > HTTP Endpoints > GET /metrics returns Prometheus format [0.12ms]
(pass) Discord Gateway Service E2E > HTTP Endpoints > GET /status returns detailed status [0.07ms]
(pass) Discord Gateway Service E2E > Hono App Integration > health endpoint returns JSON with correct status code [1.17ms]
(pass) Discord Gateway Service E2E > Hono App Integration > ready endpoint returns 503 when degraded [0.17ms]
(pass) Discord Gateway Service E2E > Hono App Integration > metrics endpoint returns text/plain [0.13ms]
{"timestamp":"2026-03-04T02:15:08.526Z","level":"info","message":"Acquiring JWT token","podName":"test-pod"}
{"timestamp":"2026-03-04T02:15:08.526Z","level":"info","message":"JWT token acquired","podName":"test-pod","expiresAt":"2026-03-04T03:15:08.526Z"}
{"timestamp":"2026-03-04T02:15:08.526Z","level":"info","message":"Connecting bot","connectionId":"conn-123","applicationId":"app-789"}
(pass) Discord Gateway Service E2E > Bot Assignment Polling > polls for bot assignments on start [0.69ms]
{"timestamp":"2026-03-04T02:15:08.527Z","level":"info","message":"Acquiring JWT token","podName":"test-pod"}
{"timestamp":"2026-03-04T02:15:08.527Z","level":"info","message":"JWT token acquired","podName":"test-pod","expiresAt":"2026-03-04T03:15:08.527Z"}
{"timestamp":"2026-03-04T02:15:08.527Z","level":"warn","message":"Failed to poll for bot assignments","status":500,"consecutiveFailures":1}
(pass) Discord Gateway Service E2E > Bot Assignment Polling > handles poll failure gracefully [0.10ms]
{"timestamp":"2026-03-04T02:15:08.527Z","level":"info","message":"Acquiring JWT token","podName":"test-pod"}
{"timestamp":"2026-03-04T02:15:08.527Z","level":"info","message":"JWT token acquired","podName":"test-pod","expiresAt":"2026-03-04T03:15:08.527Z"}
{"timestamp":"2026-03-04T02:15:08.527Z","level":"info","message":"Connecting bot","connectionId":"conn-0","applicationId":"app-0"}
{"timestamp":"2026-03-04T02:15:08.527Z","level":"info","message":"Connecting bot","connectionId":"conn-1","applicationId":"app-1"}
{"timestamp":"2026-03-04T02:15:08.527Z","level":"info","message":"Connecting bot","connectionId":"conn-2","applicationId":"app-2"}
{"timestamp":"2026-03-04T02:15:08.527Z","level":"info","message":"Connecting bot","connectionId":"conn-3","applicationId":"app-3"}
{"timestamp":"2026-03-04T02:15:08.527Z","level":"info","message":"Connecting bot","connectionId":"conn-4","applicationId":"app-4"}
{"timestamp":"2026-03-04T02:15:08.527Z","level":"info","message":"Connecting bot","connectionId":"conn-5","applicationId":"app-5"}
{"timestamp":"2026-03-04T02:15:08.527Z","level":"info","message":"Connecting bot","connectionId":"conn-6","applicationId":"app-6"}
{"timestamp":"2026-03-04T02:15:08.527Z","level":"info","message":"Connecting bot","connectionId":"conn-7","applicationId":"app-7"}
{"timestamp":"2026-03-04T02:15:08.527Z","level":"info","message":"Connecting bot","connectionId":"conn-8","applicationId":"app-8"}
{"timestamp":"2026-03-04T02:15:08.527Z","level":"info","message":"Connecting bot","connectionId":"conn-9","applicationId":"app-9"}
{"timestamp":"2026-03-04T02:15:08.527Z","level":"info","message":"Connecting bot","connectionId":"conn-10","applicationId":"app-10"}
{"timestamp":"2026-03-04T02:15:08.527Z","level":"info","message":"Connecting bot","connectionId":"conn-11","applicationId":"app-11"}
{"timestamp":"2026-03-04T02:15:08.527Z","level":"info","message":"Connecting bot","connectionId":"conn-12","applicationId":"app-12"}
{"timestamp":"2026-03-04T02:15:08.527Z","level":"info","message":"Connecting bot","connectionId":"conn-13","applicationId":"app-13"}
{"timestamp":"2026-03-04T02:15:08.527Z","level":"info","message":"Connecting bot","connectionId":"conn-14","applicationId":"app-14"}
{"timestamp":"2026-03-04T02:15:08.527Z","level":"info","message":"Connecting bot","connectionId":"conn-15","applicationId":"app-15"}
{"timestamp":"2026-03-04T02:15:08.527Z","level":"info","message":"Connecting bot","connectionId":"conn-16","applicationId":"app-16"}
{"timestamp":"2026-03-04T02:15:08.527Z","level":"info","message":"Connecting bot","connectionId":"conn-17","applicationId":"app-17"}
{"timestamp":"2026-03-04T02:15:08.527Z","level":"info","message":"Connecting bot","connectionId":"conn-18","applicationId":"app-18"}
{"timestamp":"2026-03-04T02:15:08.527Z","level":"info","message":"Connecting bot","connectionId":"conn-19","applicationId":"app-19"}
{"timestamp":"2026-03-04T02:15:08.527Z","level":"info","message":"Connecting bot","connectionId":"conn-20","applicationId":"app-20"}
{"timestamp":"2026-03-04T02:15:08.527Z","level":"info","message":"Connecting bot","connectionId":"conn-21","applicationId":"app-21"}
{"timestamp":"2026-03-04T02:15:08.527Z","level":"info","message":"Connecting bot","connectionId":"conn-22","applicationId":"app-22"}
{"timestamp":"2026-03-04T02:15:08.527Z","level":"info","message":"Connecting bot","connectionId":"conn-23","applicationId":"app-23"}
{"timestamp":"2026-03-04T02:15:08.527Z","level":"info","message":"Connecting bot","connectionId":"conn-24","applicationId":"app-24"}
{"timestamp":"2026-03-04T02:15:08.527Z","level":"info","message":"Connecting bot","connectionId":"conn-25","applicationId":"app-25"}
{"timestamp":"2026-03-04T02:15:08.527Z","level":"info","message":"Connecting bot","connectionId":"conn-26","applicationId":"app-26"}
{"timestamp":"2026-03-04T02:15:08.527Z","level":"info","message":"Connecting bot","connectionId":"conn-27","applicationId":"app-27"}
{"timestamp":"2026-03-04T02:15:08.527Z","level":"info","message":"Connecting bot","connectionId":"conn-28","applicationId":"app-28"}
{"timestamp":"2026-03-04T02:15:08.527Z","level":"info","message":"Connecting bot","connectionId":"conn-29","applicationId":"app-29"}
{"timestamp":"2026-03-04T02:15:08.527Z","level":"info","message":"Connecting bot","connectionId":"conn-30","applicationId":"app-30"}
{"timestamp":"2026-03-04T02:15:08.527Z","level":"info","message":"Connecting bot","connectionId":"conn-31","applicationId":"app-31"}
{"timestamp":"2026-03-04T02:15:08.527Z","level":"info","message":"Connecting bot","connectionId":"conn-32","applicationId":"app-32"}
{"timestamp":"2026-03-04T02:15:08.527Z","level":"info","message":"Connecting bot","connectionId":"conn-33","applicationId":"app-33"}
{"timestamp":"2026-03-04T02:15:08.527Z","level":"info","message":"Connecting bot","connectionId":"conn-34","applicationId":"app-34"}
{"timestamp":"2026-03-04T02:15:08.527Z","level":"info","message":"Connecting bot","connectionId":"conn-35","applicationId":"app-35"}
{"timestamp":"2026-03-04T02:15:08.527Z","level":"info","message":"Connecting bot","connectionId":"conn-36","applicationId":"app-36"}
{"timestamp":"2026-03-04T02:15:08.527Z","level":"info","message":"Connecting bot","connectionId":"conn-37","applicationId":"app-37"}
{"timestamp":"2026-03-04T02:15:08.527Z","level":"info","message":"Connecting bot","connectionId":"conn-38","applicationId":"app-38"}
{"timestamp":"2026-03-04T02:15:08.527Z","level":"info","message":"Connecting bot","connectionId":"conn-39","applicationId":"app-39"}
{"timestamp":"2026-03-04T02:15:08.527Z","level":"info","message":"Connecting bot","connectionId":"conn-40","applicationId":"app-40"}
{"timestamp":"2026-03-04T02:15:08.527Z","level":"info","message":"Connecting bot","connectionId":"conn-41","applicationId":"app-41"}
{"timestamp":"2026-03-04T02:15:08.527Z","level":"info","message":"Connecting bot","connectionId":"conn-42","applicationId":"app-42"}
{"timestamp":"2026-03-04T02:15:08.527Z","level":"info","message":"Connecting bot","connectionId":"conn-43","applicationId":"app-43"}
{"timestamp":"2026-03-04T02:15:08.527Z","level":"info","message":"Connecting bot","connectionId":"conn-44","applicationId":"app-44"}
{"timestamp":"2026-03-04T02:15:08.527Z","level":"info","message":"Connecting bot","connectionId":"conn-45","applicationId":"app-45"}
{"timestamp":"2026-03-04T02:15:08.527Z","level":"info","message":"Connecting bot","connectionId":"conn-46","applicationId":"app-46"}
{"timestamp":"2026-03-04T02:15:08.527Z","level":"info","message":"Connecting bot","connectionId":"conn-47","applicationId":"app-47"}
{"timestamp":"2026-03-04T02:15:08.527Z","level":"info","message":"Connecting bot","connectionId":"conn-48","applicationId":"app-48"}
{"timestamp":"2026-03-04T02:15:08.527Z","level":"info","message":"Connecting bot","connectionId":"conn-49","applicationId":"app-49"}
{"timestamp":"2026-03-04T02:15:08.527Z","level":"info","message":"Connecting bot","connectionId":"conn-50","applicationId":"app-50"}
{"timestamp":"2026-03-04T02:15:08.527Z","level":"info","message":"Connecting bot","connectionId":"conn-51","applicationId":"app-51"}
{"timestamp":"2026-03-04T02:15:08.527Z","level":"info","message":"Connecting bot","connectionId":"conn-52","applicationId":"app-52"}
{"timestamp":"2026-03-04T02:15:08.527Z","level":"info","message":"Connecting bot","connectionId":"conn-53","applicationId":"app-53"}
{"timestamp":"2026-03-04T02:15:08.527Z","level":"info","message":"Connecting bot","connectionId":"conn-54","applicationId":"app-54"}
{"timestamp":"2026-03-04T02:15:08.527Z","level":"info","message":"Connecting bot","connectionId":"conn-55","applicationId":"app-55"}
{"timestamp":"2026-03-04T02:15:08.527Z","level":"info","message":"Connecting bot","connectionId":"conn-56","applicationId":"app-56"}
{"timestamp":"2026-03-04T02:15:08.527Z","level":"info","message":"Connecting bot","connectionId":"conn-57","applicationId":"app-57"}
{"timestamp":"2026-03-04T02:15:08.527Z","level":"info","message":"Connecting bot","connectionId":"conn-58","applicationId":"app-58"}
{"timestamp":"2026-03-04T02:15:08.527Z","level":"info","message":"Connecting bot","connectionId":"conn-59","applicationId":"app-59"}
{"timestamp":"2026-03-04T02:15:08.527Z","level":"info","message":"Connecting bot","connectionId":"conn-60","applicationId":"app-60"}
{"timestamp":"2026-03-04T02:15:08.528Z","level":"info","message":"Connecting bot","connectionId":"conn-61","applicationId":"app-61"}
{"timestamp":"2026-03-04T02:15:08.528Z","level":"info","message":"Connecting bot","connectionId":"conn-62","applicationId":"app-62"}
{"timestamp":"2026-03-04T02:15:08.528Z","level":"info","message":"Connecting bot","connectionId":"conn-63","applicationId":"app-63"}
{"timestamp":"2026-03-04T02:15:08.528Z","level":"info","message":"Connecting bot","connectionId":"conn-64","applicationId":"app-64"}
{"timestamp":"2026-03-04T02:15:08.528Z","level":"info","message":"Connecting bot","connectionId":"conn-65","applicationId":"app-65"}
{"timestamp":"2026-03-04T02:15:08.528Z","level":"info","message":"Connecting bot","connectionId":"conn-66","applicationId":"app-66"}
{"timestamp":"2026-03-04T02:15:08.528Z","level":"info","message":"Connecting bot","connectionId":"conn-67","applicationId":"app-67"}
{"timestamp":"2026-03-04T02:15:08.528Z","level":"info","message":"Connecting bot","connectionId":"conn-68","applicationId":"app-68"}
{"timestamp":"2026-03-04T02:15:08.528Z","level":"info","message":"Connecting bot","connectionId":"conn-69","applicationId":"app-69"}
{"timestamp":"2026-03-04T02:15:08.528Z","level":"info","message":"Connecting bot","connectionId":"conn-70","applicationId":"app-70"}
{"timestamp":"2026-03-04T02:15:08.528Z","level":"info","message":"Connecting bot","connectionId":"conn-71","applicationId":"app-71"}
{"timestamp":"2026-03-04T02:15:08.528Z","level":"info","message":"Connecting bot","connectionId":"conn-72","applicationId":"app-72"}
{"timestamp":"2026-03-04T02:15:08.528Z","level":"info","message":"Connecting bot","connectionId":"conn-73","applicationId":"app-73"}
{"timestamp":"2026-03-04T02:15:08.528Z","level":"info","message":"Connecting bot","connectionId":"conn-74","applicationId":"app-74"}
{"timestamp":"2026-03-04T02:15:08.528Z","level":"info","message":"Connecting bot","connectionId":"conn-75","applicationId":"app-75"}
{"timestamp":"2026-03-04T02:15:08.528Z","level":"info","message":"Connecting bot","connectionId":"conn-76","applicationId":"app-76"}
{"timestamp":"2026-03-04T02:15:08.528Z","level":"info","message":"Connecting bot","connectionId":"conn-77","applicationId":"app-77"}
{"timestamp":"2026-03-04T02:15:08.528Z","level":"info","message":"Connecting bot","connectionId":"conn-78","applicationId":"app-78"}
{"timestamp":"2026-03-04T02:15:08.528Z","level":"info","message":"Connecting bot","connectionId":"conn-79","applicationId":"app-79"}
{"timestamp":"2026-03-04T02:15:08.528Z","level":"info","message":"Connecting bot","connectionId":"conn-80","applicationId":"app-80"}
{"timestamp":"2026-03-04T02:15:08.528Z","level":"info","message":"Connecting bot","connectionId":"conn-81","applicationId":"app-81"}
{"timestamp":"2026-03-04T02:15:08.528Z","level":"info","message":"Connecting bot","connectionId":"conn-82","applicationId":"app-82"}
{"timestamp":"2026-03-04T02:15:08.528Z","level":"info","message":"Connecting bot","connectionId":"conn-83","applicationId":"app-83"}
{"timestamp":"2026-03-04T02:15:08.528Z","level":"info","message":"Connecting bot","connectionId":"conn-84","applicationId":"app-84"}
{"timestamp":"2026-03-04T02:15:08.528Z","level":"info","message":"Connecting bot","connectionId":"conn-85","applicationId":"app-85"}
{"timestamp":"2026-03-04T02:15:08.528Z","level":"info","message":"Connecting bot","connectionId":"conn-86","applicationId":"app-86"}
{"timestamp":"2026-03-04T02:15:08.528Z","level":"info","message":"Connecting bot","connectionId":"conn-87","applicationId":"app-87"}
{"timestamp":"2026-03-04T02:15:08.528Z","level":"info","message":"Connecting bot","connectionId":"conn-88","applicationId":"app-88"}
{"timestamp":"2026-03-04T02:15:08.528Z","level":"info","message":"Connecting bot","connectionId":"conn-89","applicationId":"app-89"}
{"timestamp":"2026-03-04T02:15:08.528Z","level":"info","message":"Connecting bot","connectionId":"conn-90","applicationId":"app-90"}
{"timestamp":"2026-03-04T02:15:08.528Z","level":"info","message":"Connecting bot","connectionId":"conn-91","applicationId":"app-91"}
{"timestamp":"2026-03-04T02:15:08.528Z","level":"info","message":"Connecting bot","connectionId":"conn-92","applicationId":"app-92"}
{"timestamp":"2026-03-04T02:15:08.528Z","level":"info","message":"Connecting bot","connectionId":"conn-93","applicationId":"app-93"}
{"timestamp":"2026-03-04T02:15:08.528Z","level":"info","message":"Connecting bot","connectionId":"conn-94","applicationId":"app-94"}
{"timestamp":"2026-03-04T02:15:08.528Z","level":"info","message":"Connecting bot","connectionId":"conn-95","applicationId":"app-95"}
{"timestamp":"2026-03-04T02:15:08.528Z","level":"info","message":"Connecting bot","connectionId":"conn-96","applicationId":"app-96"}
{"timestamp":"2026-03-04T02:15:08.528Z","level":"info","message":"Connecting bot","connectionId":"conn-97","applicationId":"app-97"}
{"timestamp":"2026-03-04T02:15:08.528Z","level":"info","message":"Connecting bot","connectionId":"conn-98","applicationId":"app-98"}
{"timestamp":"2026-03-04T02:15:08.528Z","level":"info","message":"Connecting bot","connectionId":"conn-99","applicationId":"app-99"}
{"timestamp":"2026-03-04T02:15:08.528Z","level":"warn","message":"MAX_BOTS_PER_POD limit reached, skipping remaining assignments","currentBots":100,"maxBots":100,"skippedConnectionId":"conn-100"}
(pass) Discord Gateway Service E2E > Bot Assignment Polling > respects MAX_BOTS_PER_POD limit [1.27ms]
{"timestamp":"2026-03-04T02:15:08.528Z","level":"info","message":"Acquiring JWT token","podName":"test-pod"}
{"timestamp":"2026-03-04T02:15:08.528Z","level":"info","message":"JWT token acquired","podName":"test-pod","expiresAt":"2026-03-04T03:15:08.528Z"}
(pass) Discord Gateway Service E2E > Connection Status Updates > updates connection status to Eliza Cloud [0.28ms]
{"timestamp":"2026-03-04T02:15:08.528Z","level":"info","message":"Acquiring JWT token","podName":"test-pod"}
{"timestamp":"2026-03-04T02:15:08.528Z","level":"info","message":"JWT token acquired","podName":"test-pod","expiresAt":"2026-03-04T03:15:08.528Z"}
(pass) Discord Gateway Service E2E > Heartbeat > sends heartbeat to Eliza Cloud and Redis [0.36ms]
{"timestamp":"2026-03-04T02:15:08.529Z","level":"info","message":"Acquiring JWT token","podName":"test-pod"}
{"timestamp":"2026-03-04T02:15:08.529Z","level":"info","message":"JWT token acquired","podName":"test-pod","expiresAt":"2026-03-04T03:15:08.529Z"}
{"timestamp":"2026-03-04T02:15:08.529Z","level":"warn","message":"Dead pod detected","podId":"dead-pod","timeSinceHeartbeat":60000}
{"timestamp":"2026-03-04T02:15:08.529Z","level":"info","message":"Claiming orphaned connections from dead pod","deadPodId":"dead-pod","lockAcquired":true}
{"timestamp":"2026-03-04T02:15:08.529Z","level":"info","message":"Claimed orphaned connections","deadPodId":"dead-pod","claimed":2}
(pass) Discord Gateway Service E2E > Failover > detects dead pods and claims orphaned connections [0.46ms]
(pass) Discord Gateway Service E2E > Failover > does not claim from healthy pods [0.06ms]
{"timestamp":"2026-03-04T02:15:08.529Z","level":"warn","message":"Dead pod detected","podId":"dead-pod","timeSinceHeartbeat":60000}
(pass) Discord Gateway Service E2E > Failover > skips failover when another pod holds the lock [0.06ms]
{"timestamp":"2026-03-04T02:15:08.529Z","level":"info","message":"Acquiring JWT token","podName":"test-pod"}
{"timestamp":"2026-03-04T02:15:08.529Z","level":"info","message":"JWT token acquired","podName":"test-pod","expiresAt":"2026-03-04T03:15:08.529Z"}
{"timestamp":"2026-03-04T02:15:08.529Z","level":"info","message":"Shutting down gateway manager"}
{"timestamp":"2026-03-04T02:15:08.529Z","level":"info","message":"Disconnected bot","connectionId":"conn-123"}
{"timestamp":"2026-03-04T02:15:08.530Z","level":"info","message":"Released connections in database","podName":"test-pod"}
{"timestamp":"2026-03-04T02:15:08.530Z","level":"info","message":"Gateway manager shutdown complete"}
(pass) Discord Gateway Service E2E > Graceful Shutdown > releases connections on shutdown [0.39ms]
{"timestamp":"2026-03-04T02:15:08.530Z","level":"info","message":"Acquiring JWT token","podName":"test-pod"}
{"timestamp":"2026-03-04T02:15:08.530Z","level":"info","message":"JWT token acquired","podName":"test-pod","expiresAt":"2026-03-04T03:15:08.530Z"}
(pass) Discord Gateway Service E2E > Event Forwarding > forwards MESSAGE_CREATE events to Eliza Cloud [0.27ms]
{"timestamp":"2026-03-04T02:15:08.530Z","level":"info","message":"Acquiring JWT token","podName":"test-pod"}
{"timestamp":"2026-03-04T02:15:08.530Z","level":"info","message":"JWT token acquired","podName":"test-pod","expiresAt":"2026-03-04T03:15:08.530Z"}
(pass) Discord Gateway Service E2E > Event Forwarding > increments eventsRouted on success [0.10ms]
{"timestamp":"2026-03-04T02:15:08.530Z","level":"info","message":"Acquiring JWT token","podName":"test-pod"}
{"timestamp":"2026-03-04T02:15:08.530Z","level":"info","message":"JWT token acquired","podName":"test-pod","expiresAt":"2026-03-04T03:15:08.530Z"}
{"timestamp":"2026-03-04T02:15:08.530Z","level":"warn","message":"Failed to forward event","connectionId":"conn-123","eventType":"MESSAGE_CREATE","status":500,"totalFailed":1,"consecutiveFailures":1}
(pass) Discord Gateway Service E2E > Event Forwarding > increments eventsFailed on failure [0.11ms]
(pass) Discord Gateway Service E2E > Health Status Transitions > transitions to unhealthy after 5 consecutive poll failures [0.05ms]
(pass) Discord Gateway Service E2E > Health Status Transitions > transitions to degraded when some bots disconnected [0.10ms]
(pass) Discord Gateway Service E2E > Health Status Transitions > transitions to unhealthy when all bots disconnected [0.07ms]
(pass) Discord Gateway Service E2E > Session State Persistence > saves session state to Redis [0.09ms]
{"timestamp":"2026-03-04T02:15:08.530Z","level":"info","message":"Acquiring JWT token","podName":"test-pod"}
{"timestamp":"2026-03-04T02:15:08.530Z","level":"info","message":"JWT token acquired","podName":"test-pod","expiresAt":"2026-03-04T03:15:08.530Z"}
(pass) Discord Gateway Service E2E > JWT Authentication > acquires token on startup using bootstrap secret [0.11ms]
{"timestamp":"2026-03-04T02:15:08.531Z","level":"info","message":"Acquiring JWT token","podName":"test-pod"}
{"timestamp":"2026-03-04T02:15:08.531Z","level":"info","message":"JWT token acquired","podName":"test-pod","expiresAt":"2026-03-04T03:15:08.531Z"}
{"timestamp":"2026-03-04T02:15:08.531Z","level":"info","message":"Refreshing JWT token","podName":"test-pod"}
{"timestamp":"2026-03-04T02:15:08.531Z","level":"info","message":"JWT token refreshed","podName":"test-pod","expiresAt":"2026-03-04T03:15:08.531Z"}
(pass) Discord Gateway Service E2E > JWT Authentication > refreshes token using existing JWT [0.21ms]
{"timestamp":"2026-03-04T02:15:08.531Z","level":"info","message":"Acquiring JWT token","podName":"test-pod"}
{"timestamp":"2026-03-04T02:15:08.531Z","level":"info","message":"JWT token acquired","podName":"test-pod","expiresAt":"2026-03-04T03:15:08.531Z"}
(pass) Discord Gateway Service E2E > JWT Authentication > uses JWT in Authorization header for API calls [0.10ms]
{"timestamp":"2026-03-04T02:15:08.531Z","level":"info","message":"Acquiring JWT token","podName":"test-pod"}
(pass) Discord Gateway Service E2E > JWT Authentication > handles token acquisition failure gracefully [0.05ms]
{"timestamp":"2026-03-04T02:15:08.531Z","level":"info","message":"Acquiring JWT token","podName":"test-pod"}
{"timestamp":"2026-03-04T02:15:08.531Z","level":"info","message":"JWT token acquired","podName":"test-pod","expiresAt":"2026-03-04T03:15:08.531Z"}
(pass) Discord Gateway Service E2E > JWT Authentication > getAuthHeader returns correct format [0.05ms]
{"timestamp":"2026-03-04T02:15:08.531Z","level":"info","message":"Acquiring JWT token","podName":"test-pod"}
{"timestamp":"2026-03-04T02:15:08.531Z","level":"info","message":"JWT token acquired","podName":"test-pod","expiresAt":"2026-03-04T03:15:08.531Z"}
{"timestamp":"2026-03-04T02:15:08.531Z","level":"info","message":"Shutting down gateway manager"}
{"timestamp":"2026-03-04T02:15:08.531Z","level":"info","message":"Released connections in database","podName":"test-pod"}
{"timestamp":"2026-03-04T02:15:08.531Z","level":"info","message":"Gateway manager shutdown complete"}
(pass) Discord Gateway Service E2E > JWT Authentication > clears token refresh timeout on shutdown [0.06ms]

tests/runtime/integration/runtime-factory/pool-closure-race.test.ts:

============================================================
SETTING UP POOL CLOSURE RACE CONDITION TEST
============================================================
11 |  * Get the connection string from environment
12 |  */
13 | export function getConnectionString(): string {
14 |   const url = process.env.DATABASE_URL;
15 |   if (!url) {
16 |     throw new Error(
                   ^
error: DATABASE_URL environment variable is required. Make sure your .env is loaded.
      at getConnectionString (/Users/shawwalters/eliza-workspace/eliza-cloud-v2/tests/infrastructure/local-database.ts:16:15)
      at verifyConnection (/Users/shawwalters/eliza-workspace/eliza-cloud-v2/tests/infrastructure/local-database.ts:27:28)
      at setupTestEnvironment (/Users/shawwalters/eliza-workspace/eliza-cloud-v2/tests/runtime/integration/runtime-factory/pool-closure-race.test.ts:71:27)
(fail) Pool Closure Race Condition > (unnamed) [0.17ms]

Cleaning up pool race condition test...

============================================================
SETTING UP POOL CLOSURE RACE CONDITION TEST
============================================================
11 |  * Get the connection string from environment
12 |  */
13 | export function getConnectionString(): string {
14 |   const url = process.env.DATABASE_URL;
15 |   if (!url) {
16 |     throw new Error(
                   ^
error: DATABASE_URL environment variable is required. Make sure your .env is loaded.
      at getConnectionString (/Users/shawwalters/eliza-workspace/eliza-cloud-v2/tests/infrastructure/local-database.ts:16:15)
      at verifyConnection (/Users/shawwalters/eliza-workspace/eliza-cloud-v2/tests/infrastructure/local-database.ts:27:28)
      at setupTestEnvironment (/Users/shawwalters/eliza-workspace/eliza-cloud-v2/tests/runtime/integration/runtime-factory/pool-closure-race.test.ts:71:27)
(fail) Production Error Reproduction > (unnamed) [0.02ms]

Cleaning up pool race condition test...

tests/runtime/integration/runtime-factory/config-change-race.test.ts:

============================================================
SETTING UP CONFIG CHANGE RACE CONDITION TEST
============================================================
11 |  * Get the connection string from environment
12 |  */
13 | export function getConnectionString(): string {
14 |   const url = process.env.DATABASE_URL;
15 |   if (!url) {
16 |     throw new Error(
                   ^
error: DATABASE_URL environment variable is required. Make sure your .env is loaded.
      at getConnectionString (/Users/shawwalters/eliza-workspace/eliza-cloud-v2/tests/infrastructure/local-database.ts:16:15)
      at verifyConnection (/Users/shawwalters/eliza-workspace/eliza-cloud-v2/tests/infrastructure/local-database.ts:27:28)
      at setupTestEnvironment (/Users/shawwalters/eliza-workspace/eliza-cloud-v2/tests/runtime/integration/runtime-factory/config-change-race.test.ts:59:27)
(fail) Mode Switching During Operations > (unnamed) [0.16ms]

Cleaning up config change race condition test...

============================================================
SETTING UP CONFIG CHANGE RACE CONDITION TEST
============================================================
11 |  * Get the connection string from environment
12 |  */
13 | export function getConnectionString(): string {
14 |   const url = process.env.DATABASE_URL;
15 |   if (!url) {
16 |     throw new Error(
                   ^
error: DATABASE_URL environment variable is required. Make sure your .env is loaded.
      at getConnectionString (/Users/shawwalters/eliza-workspace/eliza-cloud-v2/tests/infrastructure/local-database.ts:16:15)
      at verifyConnection (/Users/shawwalters/eliza-workspace/eliza-cloud-v2/tests/infrastructure/local-database.ts:27:28)
      at setupTestEnvironment (/Users/shawwalters/eliza-workspace/eliza-cloud-v2/tests/runtime/integration/runtime-factory/config-change-race.test.ts:59:27)
(fail) Service Access During Invalidation > (unnamed) [0.04ms]

Cleaning up config change race condition test...

============================================================
SETTING UP CONFIG CHANGE RACE CONDITION TEST
============================================================
11 |  * Get the connection string from environment
12 |  */
13 | export function getConnectionString(): string {
14 |   const url = process.env.DATABASE_URL;
15 |   if (!url) {
16 |     throw new Error(
                   ^
error: DATABASE_URL environment variable is required. Make sure your .env is loaded.
      at getConnectionString (/Users/shawwalters/eliza-workspace/eliza-cloud-v2/tests/infrastructure/local-database.ts:16:15)
      at verifyConnection (/Users/shawwalters/eliza-workspace/eliza-cloud-v2/tests/infrastructure/local-database.ts:27:28)
      at setupTestEnvironment (/Users/shawwalters/eliza-workspace/eliza-cloud-v2/tests/runtime/integration/runtime-factory/config-change-race.test.ts:59:27)
(fail) Concurrent Configuration Changes > (unnamed) [0.03ms]

Cleaning up config change race condition test...

============================================================
SETTING UP CONFIG CHANGE RACE CONDITION TEST
============================================================
11 |  * Get the connection string from environment
12 |  */
13 | export function getConnectionString(): string {
14 |   const url = process.env.DATABASE_URL;
15 |   if (!url) {
16 |     throw new Error(
                   ^
error: DATABASE_URL environment variable is required. Make sure your .env is loaded.
      at getConnectionString (/Users/shawwalters/eliza-workspace/eliza-cloud-v2/tests/infrastructure/local-database.ts:16:15)
      at verifyConnection (/Users/shawwalters/eliza-workspace/eliza-cloud-v2/tests/infrastructure/local-database.ts:27:28)
      at setupTestEnvironment (/Users/shawwalters/eliza-workspace/eliza-cloud-v2/tests/runtime/integration/runtime-factory/config-change-race.test.ts:59:27)
(fail) Long-Running Operation Simulation > (unnamed) [0.02ms]

Cleaning up config change race condition test...

tests/runtime/integration/runtime-factory/oauth-cache-invalidation.test.ts:

🔐 OAuth Cache Invalidation Tests
11 |  * Get the connection string from environment
12 |  */
13 | export function getConnectionString(): string {
14 |   const url = process.env.DATABASE_URL;
15 |   if (!url) {
16 |     throw new Error(
                   ^
error: DATABASE_URL environment variable is required. Make sure your .env is loaded.
      at getConnectionString (/Users/shawwalters/eliza-workspace/eliza-cloud-v2/tests/infrastructure/local-database.ts:16:15)
      at verifyConnection (/Users/shawwalters/eliza-workspace/eliza-cloud-v2/tests/infrastructure/local-database.ts:27:28)
      at setupEnvironment (/Users/shawwalters/eliza-workspace/eliza-cloud-v2/tests/runtime/integration/runtime-factory/oauth-cache-invalidation.test.ts:31:27)
(fail) RuntimeCache.removeByOrganization > (unnamed) [0.12ms]

🧹 Cleaning up...

🔐 OAuth Cache Invalidation Tests
11 |  * Get the connection string from environment
12 |  */
13 | export function getConnectionString(): string {
14 |   const url = process.env.DATABASE_URL;
15 |   if (!url) {
16 |     throw new Error(
                   ^
error: DATABASE_URL environment variable is required. Make sure your .env is loaded.
      at getConnectionString (/Users/shawwalters/eliza-workspace/eliza-cloud-v2/tests/infrastructure/local-database.ts:16:15)
      at verifyConnection (/Users/shawwalters/eliza-workspace/eliza-cloud-v2/tests/infrastructure/local-database.ts:27:28)
      at setupEnvironment (/Users/shawwalters/eliza-workspace/eliza-cloud-v2/tests/runtime/integration/runtime-factory/oauth-cache-invalidation.test.ts:31:27)
(fail) EntitySettingsCache invalidation > (unnamed) [0.02ms]

🧹 Cleaning up...

🔐 OAuth Cache Invalidation Tests
11 |  * Get the connection string from environment
12 |  */
13 | export function getConnectionString(): string {
14 |   const url = process.env.DATABASE_URL;
15 |   if (!url) {
16 |     throw new Error(
                   ^
error: DATABASE_URL environment variable is required. Make sure your .env is loaded.
      at getConnectionString (/Users/shawwalters/eliza-workspace/eliza-cloud-v2/tests/infrastructure/local-database.ts:16:15)
      at verifyConnection (/Users/shawwalters/eliza-workspace/eliza-cloud-v2/tests/infrastructure/local-database.ts:27:28)
      at setupEnvironment (/Users/shawwalters/eliza-workspace/eliza-cloud-v2/tests/runtime/integration/runtime-factory/oauth-cache-invalidation.test.ts:31:27)
(fail) OAuth flow cache invalidation integration > (unnamed) [0.02ms]

🧹 Cleaning up...

🔐 OAuth Cache Invalidation Tests
11 |  * Get the connection string from environment
12 |  */
13 | export function getConnectionString(): string {
14 |   const url = process.env.DATABASE_URL;
15 |   if (!url) {
16 |     throw new Error(
                   ^
error: DATABASE_URL environment variable is required. Make sure your .env is loaded.
      at getConnectionString (/Users/shawwalters/eliza-workspace/eliza-cloud-v2/tests/infrastructure/local-database.ts:16:15)
      at verifyConnection (/Users/shawwalters/eliza-workspace/eliza-cloud-v2/tests/infrastructure/local-database.ts:27:28)
      at setupEnvironment (/Users/shawwalters/eliza-workspace/eliza-cloud-v2/tests/runtime/integration/runtime-factory/oauth-cache-invalidation.test.ts:31:27)
(fail) Edge cases and error handling > (unnamed) [0.02ms]

🧹 Cleaning up...

tests/runtime/integration/runtime-factory/user-context-isolation.test.ts:

============================================================
🔐 User Context Isolation Tests
============================================================
11 |  * Get the connection string from environment
12 |  */
13 | export function getConnectionString(): string {
14 |   const url = process.env.DATABASE_URL;
15 |   if (!url) {
16 |     throw new Error(
                   ^
error: DATABASE_URL environment variable is required. Make sure your .env is loaded.
      at getConnectionString (/Users/shawwalters/eliza-workspace/eliza-cloud-v2/tests/infrastructure/local-database.ts:16:15)
      at verifyConnection (/Users/shawwalters/eliza-workspace/eliza-cloud-v2/tests/infrastructure/local-database.ts:27:28)
      at setupEnvironment (/Users/shawwalters/eliza-workspace/eliza-cloud-v2/tests/runtime/integration/runtime-factory/user-context-isolation.test.ts:36:27)
(fail) User Context Isolation > (unnamed) [0.15ms]

🧹 Cleaning up...
[DbAdapterPool] Removed adapter reference: b850bc30-45f8-0041-a00a-83df46d8555d (connection pool kept alive)
[RuntimeFactory] Invalidated runtime for agent: b850bc30-45f8-0041-a00a-83df46d8555d (base: false, ws: false)

tests/runtime/integration/runtime-factory/assistant-mode.test.ts:

============================================================
SETTING UP ASSISTANT MODE (MCP) TEST ENVIRONMENT
============================================================
11 |  * Get the connection string from environment
12 |  */
13 | export function getConnectionString(): string {
14 |   const url = process.env.DATABASE_URL;
15 |   if (!url) {
16 |     throw new Error(
                   ^
error: DATABASE_URL environment variable is required. Make sure your .env is loaded.
      at getConnectionString (/Users/shawwalters/eliza-workspace/eliza-cloud-v2/tests/infrastructure/local-database.ts:16:15)
      at verifyConnection (/Users/shawwalters/eliza-workspace/eliza-cloud-v2/tests/infrastructure/local-database.ts:27:28)
      at <anonymous> (/Users/shawwalters/eliza-workspace/eliza-cloud-v2/tests/runtime/integration/runtime-factory/assistant-mode.test.ts:60:29)
(fail) RuntimeFactory - ASSISTANT Mode (MCP) > (unnamed) [0.20ms]

Cleaning up ASSISTANT Mode (MCP) test...

[Timings] ASSISTANT Mode (MCP) Tests:
  TOTAL: 0ms


============================================================
SETTING UP ASSISTANT MODE (WEB SEARCH) TEST ENVIRONMENT
============================================================
11 |  * Get the connection string from environment
12 |  */
13 | export function getConnectionString(): string {
14 |   const url = process.env.DATABASE_URL;
15 |   if (!url) {
16 |     throw new Error(
                   ^
error: DATABASE_URL environment variable is required. Make sure your .env is loaded.
      at getConnectionString (/Users/shawwalters/eliza-workspace/eliza-cloud-v2/tests/infrastructure/local-database.ts:16:15)
      at verifyConnection (/Users/shawwalters/eliza-workspace/eliza-cloud-v2/tests/infrastructure/local-database.ts:27:28)
      at <anonymous> (/Users/shawwalters/eliza-workspace/eliza-cloud-v2/tests/runtime/integration/runtime-factory/assistant-mode.test.ts:178:29)
(fail) RuntimeFactory - ASSISTANT Mode (Web Search) > (unnamed) [0.09ms]

Cleaning up ASSISTANT Mode (Web Search) test...

[Timings] ASSISTANT Mode (Web Search) Tests:
  TOTAL: 0ms


tests/runtime/integration/runtime-factory/caching.test.ts:

============================================================
SETTING UP CACHING TEST ENVIRONMENT
============================================================
11 |  * Get the connection string from environment
12 |  */
13 | export function getConnectionString(): string {
14 |   const url = process.env.DATABASE_URL;
15 |   if (!url) {
16 |     throw new Error(
                   ^
error: DATABASE_URL environment variable is required. Make sure your .env is loaded.
      at getConnectionString (/Users/shawwalters/eliza-workspace/eliza-cloud-v2/tests/infrastructure/local-database.ts:16:15)
      at verifyConnection (/Users/shawwalters/eliza-workspace/eliza-cloud-v2/tests/infrastructure/local-database.ts:27:28)
      at <anonymous> (/Users/shawwalters/eliza-workspace/eliza-cloud-v2/tests/runtime/integration/runtime-factory/caching.test.ts:50:29)
(fail) RuntimeFactory - Caching Behavior > (unnamed) [0.18ms]

Cleaning up caching test...

[Timings] Caching Tests:
  TOTAL: 0ms


============================================================
SETTING UP PERFORMANCE BENCHMARK ENVIRONMENT
============================================================
11 |  * Get the connection string from environment
12 |  */
13 | export function getConnectionString(): string {
14 |   const url = process.env.DATABASE_URL;
15 |   if (!url) {
16 |     throw new Error(
                   ^
error: DATABASE_URL environment variable is required. Make sure your .env is loaded.
      at getConnectionString (/Users/shawwalters/eliza-workspace/eliza-cloud-v2/tests/infrastructure/local-database.ts:16:15)
      at verifyConnection (/Users/shawwalters/eliza-workspace/eliza-cloud-v2/tests/infrastructure/local-database.ts:27:28)
      at <anonymous> (/Users/shawwalters/eliza-workspace/eliza-cloud-v2/tests/runtime/integration/runtime-factory/caching.test.ts:147:29)
(fail) RuntimeFactory - Performance Benchmarks > (unnamed) [0.09ms]

Cleaning up performance benchmark test...

[Timings] Performance Benchmark Tests:
  TOTAL: 0ms


tests/runtime/integration/runtime-factory/chat-mode.test.ts:

============================================================
SETTING UP CHAT MODE TEST ENVIRONMENT
============================================================
11 |  * Get the connection string from environment
12 |  */
13 | export function getConnectionString(): string {
14 |   const url = process.env.DATABASE_URL;
15 |   if (!url) {
16 |     throw new Error(
                   ^
error: DATABASE_URL environment variable is required. Make sure your .env is loaded.
      at getConnectionString (/Users/shawwalters/eliza-workspace/eliza-cloud-v2/tests/infrastructure/local-database.ts:16:15)
      at verifyConnection (/Users/shawwalters/eliza-workspace/eliza-cloud-v2/tests/infrastructure/local-database.ts:27:28)
      at <anonymous> (/Users/shawwalters/eliza-workspace/eliza-cloud-v2/tests/runtime/integration/runtime-factory/chat-mode.test.ts:54:29)
(fail) RuntimeFactory - CHAT Mode > (unnamed) [0.13ms]

Cleaning up CHAT mode test...

[Timings] CHAT Mode Tests:
  TOTAL: 0ms


tests/runtime/integration/runtime-factory/build-mode.test.ts:

============================================================
SETTING UP BUILD MODE TEST ENVIRONMENT
============================================================
11 |  * Get the connection string from environment
12 |  */
13 | export function getConnectionString(): string {
14 |   const url = process.env.DATABASE_URL;
15 |   if (!url) {
16 |     throw new Error(
                   ^
error: DATABASE_URL environment variable is required. Make sure your .env is loaded.
      at getConnectionString (/Users/shawwalters/eliza-workspace/eliza-cloud-v2/tests/infrastructure/local-database.ts:16:15)
      at verifyConnection (/Users/shawwalters/eliza-workspace/eliza-cloud-v2/tests/infrastructure/local-database.ts:27:28)
      at <anonymous> (/Users/shawwalters/eliza-workspace/eliza-cloud-v2/tests/runtime/integration/runtime-factory/build-mode.test.ts:53:29)
(fail) RuntimeFactory - BUILD Mode > (unnamed) [0.10ms]

Cleaning up BUILD mode test...

[Timings] BUILD Mode Tests:
  TOTAL: 0ms


tests/runtime/integration/runtime-factory/mcp-oauth-injection.test.ts:

============================================================
🚀 MCP OAuth Injection Tests
============================================================
11 |  * Get the connection string from environment
12 |  */
13 | export function getConnectionString(): string {
14 |   const url = process.env.DATABASE_URL;
15 |   if (!url) {
16 |     throw new Error(
                   ^
error: DATABASE_URL environment variable is required. Make sure your .env is loaded.
      at getConnectionString (/Users/shawwalters/eliza-workspace/eliza-cloud-v2/tests/infrastructure/local-database.ts:16:15)
      at verifyConnection (/Users/shawwalters/eliza-workspace/eliza-cloud-v2/tests/infrastructure/local-database.ts:27:28)
      at setupEnvironment (/Users/shawwalters/eliza-workspace/eliza-cloud-v2/tests/runtime/integration/runtime-factory/mcp-oauth-injection.test.ts:32:27)
(fail) MCP OAuth Injection > (unnamed) [0.18ms]

🧹 Cleaning up...

tests/runtime/integration/message-handler/mcp-tools.test.ts:

============================================================
SETTING UP MCP PLUGIN LOADING TEST ENVIRONMENT
============================================================
11 |  * Get the connection string from environment
12 |  */
13 | export function getConnectionString(): string {
14 |   const url = process.env.DATABASE_URL;
15 |   if (!url) {
16 |     throw new Error(
                   ^
error: DATABASE_URL environment variable is required. Make sure your .env is loaded.
      at getConnectionString (/Users/shawwalters/eliza-workspace/eliza-cloud-v2/tests/infrastructure/local-database.ts:16:15)
      at verifyConnection (/Users/shawwalters/eliza-workspace/eliza-cloud-v2/tests/infrastructure/local-database.ts:27:28)
      at <anonymous> (/Users/shawwalters/eliza-workspace/eliza-cloud-v2/tests/runtime/integration/message-handler/mcp-tools.test.ts:62:29)
(fail) MCP Plugin Loading - Production Flow > (unnamed) [0.18ms]

Cleaning up MCP plugin loading test...

[Timings] MCP Plugin Loading Tests:
  TOTAL: 0ms


============================================================
SETTING UP MCP TRENDING TOKENS TEST ENVIRONMENT
============================================================

Debug Tracing: DISABLED
   Set DEBUG_TRACING=true in .env to enable debug output
11 |  * Get the connection string from environment
12 |  */
13 | export function getConnectionString(): string {
14 |   const url = process.env.DATABASE_URL;
15 |   if (!url) {
16 |     throw new Error(
                   ^
error: DATABASE_URL environment variable is required. Make sure your .env is loaded.
      at getConnectionString (/Users/shawwalters/eliza-workspace/eliza-cloud-v2/tests/infrastructure/local-database.ts:16:15)
      at verifyConnection (/Users/shawwalters/eliza-workspace/eliza-cloud-v2/tests/infrastructure/local-database.ts:27:28)
      at <anonymous> (/Users/shawwalters/eliza-workspace/eliza-cloud-v2/tests/runtime/integration/message-handler/mcp-tools.test.ts:230:29)
(fail) MCP Assistant - Trending Tokens Query > (unnamed) [0.10ms]

Cleaning up MCP trending tokens test...

[Timings] MCP Trending Tokens Tests:
  TOTAL: 0ms


============================================================
DEBUG TRACING STATUS
============================================================
Enabled: NO
Environment: DEBUG_TRACING=not set
============================================================

To enable debug tracing:
   1. Add DEBUG_TRACING=true to your .env file
   2. Run the test again

(pass) Debug Tracing Status > should report debug tracing configuration [0.04ms]

tests/runtime/integration/message-handler/basic-message.test.ts:

============================================================
SETTING UP BASIC MESSAGE TEST ENVIRONMENT
============================================================
11 |  * Get the connection string from environment
12 |  */
13 | export function getConnectionString(): string {
14 |   const url = process.env.DATABASE_URL;
15 |   if (!url) {
16 |     throw new Error(
                   ^
error: DATABASE_URL environment variable is required. Make sure your .env is loaded.
      at getConnectionString (/Users/shawwalters/eliza-workspace/eliza-cloud-v2/tests/infrastructure/local-database.ts:16:15)
      at verifyConnection (/Users/shawwalters/eliza-workspace/eliza-cloud-v2/tests/infrastructure/local-database.ts:27:28)
      at <anonymous> (/Users/shawwalters/eliza-workspace/eliza-cloud-v2/tests/runtime/integration/message-handler/basic-message.test.ts:49:29)
(fail) Message Handler - Basic Message Processing > (unnamed) [0.14ms]

Cleaning up basic message test...

[Timings] Basic Message Tests:
  TOTAL: 0ms


tests/runtime/integration/cloud-bootstrap/web-search-multi-step.test.ts:

======================================================================
MULTI-STEP WEB SEARCH INTEGRATION TESTS
Using Claude Sonnet + Real Web Search (Tavily)
======================================================================
11 |  * Get the connection string from environment
12 |  */
13 | export function getConnectionString(): string {
14 |   const url = process.env.DATABASE_URL;
15 |   if (!url) {
16 |     throw new Error(
                   ^
error: DATABASE_URL environment variable is required. Make sure your .env is loaded.
      at getConnectionString (/Users/shawwalters/eliza-workspace/eliza-cloud-v2/tests/infrastructure/local-database.ts:16:15)
      at verifyConnection (/Users/shawwalters/eliza-workspace/eliza-cloud-v2/tests/infrastructure/local-database.ts:27:28)
      at <anonymous> (/Users/shawwalters/eliza-workspace/eliza-cloud-v2/tests/runtime/integration/cloud-bootstrap/web-search-multi-step.test.ts:95:29)
(fail) CloudBootstrapMessageService - Web Search Multi-Step > (unnamed) [0.13ms]

======================================================================
CLEANING UP
======================================================================

[Timings] Web Search Multi-Step Tests:
  TOTAL: 0ms


tests/runtime/integration/performance/runtime-creation.test.ts:

============================================================
SETTING UP RUNTIME CREATION PERFORMANCE TEST ENVIRONMENT
============================================================
11 |  * Get the connection string from environment
12 |  */
13 | export function getConnectionString(): string {
14 |   const url = process.env.DATABASE_URL;
15 |   if (!url) {
16 |     throw new Error(
                   ^
error: DATABASE_URL environment variable is required. Make sure your .env is loaded.
      at getConnectionString (/Users/shawwalters/eliza-workspace/eliza-cloud-v2/tests/infrastructure/local-database.ts:16:15)
      at verifyConnection (/Users/shawwalters/eliza-workspace/eliza-cloud-v2/tests/infrastructure/local-database.ts:27:28)
      at <anonymous> (/Users/shawwalters/eliza-workspace/eliza-cloud-v2/tests/runtime/integration/performance/runtime-creation.test.ts:47:29)
(fail) Runtime Creation Performance > (unnamed) [0.13ms]

Cleaning up runtime creation performance test...

[TimingCollector] Summary:


============================================================
SETTING UP DATABASE QUERY PERFORMANCE TEST ENVIRONMENT
============================================================
11 |  * Get the connection string from environment
12 |  */
13 | export function getConnectionString(): string {
14 |   const url = process.env.DATABASE_URL;
15 |   if (!url) {
16 |     throw new Error(
                   ^
error: DATABASE_URL environment variable is required. Make sure your .env is loaded.
      at getConnectionString (/Users/shawwalters/eliza-workspace/eliza-cloud-v2/tests/infrastructure/local-database.ts:16:15)
      at verifyConnection (/Users/shawwalters/eliza-workspace/eliza-cloud-v2/tests/infrastructure/local-database.ts:27:28)
      at <anonymous> (/Users/shawwalters/eliza-workspace/eliza-cloud-v2/tests/runtime/integration/performance/runtime-creation.test.ts:170:29)
(fail) Database Query Performance > (unnamed) [0.12ms]

Cleaning up database query performance test...

============================================================
SETTING UP RUNTIME CACHING PERFORMANCE TEST ENVIRONMENT
============================================================
11 |  * Get the connection string from environment
12 |  */
13 | export function getConnectionString(): string {
14 |   const url = process.env.DATABASE_URL;
15 |   if (!url) {
16 |     throw new Error(
                   ^
error: DATABASE_URL environment variable is required. Make sure your .env is loaded.
      at getConnectionString (/Users/shawwalters/eliza-workspace/eliza-cloud-v2/tests/infrastructure/local-database.ts:16:15)
      at verifyConnection (/Users/shawwalters/eliza-workspace/eliza-cloud-v2/tests/infrastructure/local-database.ts:27:28)
      at <anonymous> (/Users/shawwalters/eliza-workspace/eliza-cloud-v2/tests/runtime/integration/performance/runtime-creation.test.ts:320:29)
(fail) Runtime Caching Performance > (unnamed) [0.06ms]

Cleaning up runtime caching performance test...

tests/runtime/integration/performance/embedding-init.test.ts:

============================================================
EMBEDDING INITIALIZATION PERFORMANCE TEST
============================================================
11 |  * Get the connection string from environment
12 |  */
13 | export function getConnectionString(): string {
14 |   const url = process.env.DATABASE_URL;
15 |   if (!url) {
16 |     throw new Error(
                   ^
error: DATABASE_URL environment variable is required. Make sure your .env is loaded.
      at getConnectionString (/Users/shawwalters/eliza-workspace/eliza-cloud-v2/tests/infrastructure/local-database.ts:16:15)
      at verifyConnection (/Users/shawwalters/eliza-workspace/eliza-cloud-v2/tests/infrastructure/local-database.ts:27:28)
      at <anonymous> (/Users/shawwalters/eliza-workspace/eliza-cloud-v2/tests/runtime/integration/performance/embedding-init.test.ts:32:29)
(fail) Embedding Initialization Performance > (unnamed) [0.16ms]

Cleaning up...

lib/services/gateway-discord/__tests__/schemas.test.ts:
(pass) DiscordEventTypeSchema > accepts valid event types [0.04ms]
(pass) DiscordEventTypeSchema > rejects invalid event types [0.03ms]
(pass) DiscordEventTypeSchema > rejects empty string [0.07ms]
(pass) DiscordEventTypeSchema > rejects non-string values [0.04ms]
(pass) DiscordAuthorSchema > accepts valid author with required fields [0.24ms]
(pass) DiscordAuthorSchema > accepts valid author with all optional fields [0.03ms]
(pass) DiscordAuthorSchema > accepts null avatar and global_name
(pass) DiscordAuthorSchema > rejects author without id
(pass) DiscordAuthorSchema > rejects author without username [0.08ms]
(pass) DiscordAuthorSchema > rejects empty id [0.03ms]
(pass) DiscordAuthorSchema > rejects empty username [0.02ms]
(pass) DiscordMemberSchema > accepts valid member with nick [0.08ms]
(pass) DiscordMemberSchema > accepts valid member with roles [0.04ms]
(pass) DiscordMemberSchema > accepts null nick [0.02ms]
(pass) DiscordMemberSchema > accepts empty object
(pass) DiscordAttachmentSchema > accepts valid attachment with required fields [0.14ms]
(pass) DiscordAttachmentSchema > accepts valid attachment with all optional fields [0.02ms]
(pass) DiscordAttachmentSchema > rejects invalid URL [0.06ms]
(pass) DiscordAttachmentSchema > rejects negative size [0.10ms]
(pass) DiscordAttachmentSchema > rejects zero size [0.03ms]
(pass) DiscordAttachmentSchema > rejects empty id
(pass) VoiceAttachmentSchema > accepts valid voice attachment [0.25ms]
(pass) VoiceAttachmentSchema > rejects invalid datetime format [0.03ms]
(pass) VoiceAttachmentSchema > rejects missing required fields [0.03ms]
(pass) VoiceAttachmentSchema > rejects negative size [0.02ms]
(pass) MessageCreateDataSchema > accepts valid message with required fields [0.26ms]
(pass) MessageCreateDataSchema > accepts valid message with guild_id [0.01ms]
(pass) MessageCreateDataSchema > accepts null guild_id (DM)
(pass) MessageCreateDataSchema > accepts message with attachments [0.03ms]
(pass) MessageCreateDataSchema > accepts message with embeds [0.09ms]
(pass) MessageCreateDataSchema > accepts message with mentions [0.08ms]
(pass) MessageCreateDataSchema > accepts message with referenced_message (reply) [0.05ms]
(pass) MessageCreateDataSchema > accepts message with voice_attachments [0.03ms]
(pass) MessageCreateDataSchema > accepts message with member data [0.01ms]
(pass) MessageCreateDataSchema > rejects message without id [0.03ms]
(pass) MessageCreateDataSchema > rejects message without channel_id
(pass) MessageCreateDataSchema > rejects message without author [0.07ms]
(pass) DiscordEventPayloadSchema > validates connection_id as UUID [0.03ms]
(pass) DiscordEventPayloadSchema > validates organization_id as UUID
(pass) DiscordEventPayloadSchema > validates event_type as enum
(pass) DiscordEventPayloadSchema > validates timestamp as datetime
(pass) DiscordEventPayloadSchema > validates event_id is non-empty
(pass) DiscordEventPayloadSchema > validates platform_connection_id is string
(pass) DiscordEventPayloadSchema > validates guild_id is string
(pass) DiscordEventPayloadSchema > validates channel_id is string
(pass) ConnectionStatusUpdateSchema > accepts valid status update [0.20ms]
(pass) ConnectionStatusUpdateSchema > accepts all valid statuses [0.03ms]
(pass) ConnectionStatusUpdateSchema > accepts error_message with error status
(pass) ConnectionStatusUpdateSchema > accepts bot_user_id with connected status [0.02ms]
(pass) ConnectionStatusUpdateSchema > rejects invalid pod_name with special characters
(pass) ConnectionStatusUpdateSchema > rejects pod_name over 253 characters [0.05ms]
(pass) ConnectionStatusUpdateSchema > accepts pod_name at max 253 characters [0.01ms]
(pass) ConnectionStatusUpdateSchema > rejects empty pod_name [0.02ms]
(pass) ConnectionStatusUpdateSchema > rejects invalid status
(pass) ConnectionStatusUpdateSchema > rejects invalid connection_id [0.06ms]
(pass) FailoverRequestSchema > accepts valid failover request [0.05ms]
(pass) FailoverRequestSchema > accepts hyphenated pod names [0.03ms]
(pass) FailoverRequestSchema > rejects invalid claiming_pod name
(pass) FailoverRequestSchema > rejects invalid dead_pod name [0.04ms]
(pass) FailoverRequestSchema > rejects missing claiming_pod
(pass) FailoverRequestSchema > rejects missing dead_pod [0.04ms]

lib/services/gateway-discord/__tests__/event-router.test.ts:
(pass) sanitizeError logic > regex matches Discord token format [0.05ms]
(pass) sanitizeError logic > redacts Discord bot tokens from error messages [0.04ms]
(pass) sanitizeError logic > preserves non-token text in error messages
(pass) sanitizeError logic > token embedded in error message is redacted [0.04ms]
(pass) sanitizeError logic > handles Error objects [0.03ms]
(pass) sanitizeError logic > handles multiple tokens in one message
(pass) sanitizeError logic > handles non-Error objects [0.02ms]
(pass) sanitizeError logic > regex does not match non-token strings [0.02ms]
(pass) truncateUtf16Safe logic > does not truncate strings under limit [0.01ms]
(pass) truncateUtf16Safe logic > truncates strings over limit [0.01ms]
(pass) truncateUtf16Safe logic > handles surrogate pairs correctly
(pass) truncateUtf16Safe logic > preserves complete emoji when there is room [0.02ms]
(pass) truncateUtf16Safe logic > removes emoji if truncation would split it
(pass) channel filtering logic > enabledChannels empty allows all
(pass) channel filtering logic > enabledChannels with matching channel allows
(pass) channel filtering logic > enabledChannels without matching channel blocks
(pass) channel filtering logic > disabledChannels blocks matching channel
(pass) channel filtering logic > disabledChannels allows non-matching channel
(pass) keyword matching logic > matches exact keyword [0.05ms]
(pass) keyword matching logic > matches keyword with different case
(pass) keyword matching logic > does not match partial word
(pass) keyword matching logic > matches word at boundaries
(pass) keyword matching logic > matches multiple keywords
(pass) keyword matching logic > returns false when no keywords match [0.07ms]
(pass) keyword matching logic > escapes regex special characters in keywords [0.02ms]
(pass) mention mode logic > detects bot mention in mentions array [0.02ms]
(pass) mention mode logic > detects when bot is not mentioned [0.01ms]
(pass) mention mode logic > handles empty mentions array
(pass) message processing - data transformation > MessageCreateDataSchema accepts attachments [0.08ms]
(pass) message processing - data transformation > MessageCreateDataSchema accepts voice attachments
(pass) message processing - data transformation > MessageCreateDataSchema accepts combined attachments [0.09ms]
(pass) bot message filtering > detects bot messages
(pass) bot message filtering > detects user messages
(pass) bot message filtering > handles missing bot field [0.03ms]

lib/services/gateway-discord/__tests__/constants.test.ts:
(pass) DEAD_POD_THRESHOLD_MS > has correct default value of 45 seconds [1.61ms]
(pass) DEAD_POD_THRESHOLD_MS > is a positive number [0.07ms]
(pass) DEAD_POD_THRESHOLD_MS > is at least 3x typical heartbeat interval (15s)
(pass) DEAD_POD_THRESHOLD_MS > is less than pod state TTL (300s / 5 minutes)

28 tests skipped:
(skip) Connected Services E2E Tests > (unnamed)
(skip) Connected Services E2E Tests > Service Status API > returns 401 without authentication
(skip) Connected Services E2E Tests > Service Status API > returns connected services status with valid auth
(skip) Connected Services E2E Tests > Service Status API > status includes Google service
(skip) Connected Services E2E Tests > Service Status API > status includes Twilio service
(skip) Connected Services E2E Tests > Service Status API > status includes Blooio service
(skip) Connected Services E2E Tests > Google OAuth Flow > initiate endpoint returns auth URL
(skip) Connected Services E2E Tests > Google OAuth Flow > callback handles state parameter
(skip) Connected Services E2E Tests > Google OAuth Flow > callback rejects missing code parameter
(skip) Connected Services E2E Tests > Twilio Credentials > can submit Twilio credentials
(skip) Connected Services E2E Tests > Twilio Credentials > rejects invalid Twilio account SID format
(skip) Connected Services E2E Tests > Twilio Credentials > rejects empty auth token
(skip) Connected Services E2E Tests > Twilio Credentials > can disconnect Twilio
(skip) Connected Services E2E Tests > Blooio Credentials > can submit Blooio credentials
(skip) Connected Services E2E Tests > Blooio Credentials > rejects empty API key
(skip) Connected Services E2E Tests > Blooio Credentials > can disconnect Blooio
(skip) Connected Services E2E Tests > Service Connection State > connecting service updates status
(skip) Connected Services E2E Tests > Service Connection State > disconnecting service updates status
(skip) Connected Services E2E Tests > Cross-Organization Security > (unnamed)
(skip) Connected Services E2E Tests > Cross-Organization Security > cannot access other organization's service status
(skip) Connected Services E2E Tests > Cross-Organization Security > each organization has independent service connections
(skip) Connected Services E2E Tests > Cross-Organization Security > (unnamed)
(skip) Connected Services E2E Tests > Error Handling > handles invalid provider gracefully
(skip) Connected Services E2E Tests > Error Handling > handles missing body in POST request
(skip) Connected Services E2E Tests > Error Handling > handles malformed JSON body
(skip) Connected Services E2E Tests > Error Handling > handles concurrent connection requests
(skip) Connected Services E2E Tests > Secrets Storage Security > credentials are not returned in plain text
(skip) Connected Services E2E Tests > (unnamed)


175 tests failed:
(fail) OAuth State Schema Validation > Security Edge Cases > rejects prototype pollution attempts [0.05ms]
(fail) Security Validations > JSON Parsing Safety > handles very large numbers correctly [0.05ms]
(fail) Security Validations > Input Sanitization > preserves valid unicode characters [0.06ms]
(fail) MessageRouterService > routeIncomingMessage > returns error when no phone mapping found [0.14ms]
(fail) MessageRouterService > getPhoneNumbers > returns array for organization [0.09ms]
(fail) MessageRouterService > getPhoneNumbers > returns empty array for non-existent organization
(fail) MessageRouterService > getPhoneNumberById > returns null for non-existent phone number [0.13ms]
(fail) MessageRouterService > getPhoneNumberById > returns null for invalid UUID format [0.07ms]
(fail) MessageRouterService > deactivatePhoneNumber > does not throw for non-existent phone number [0.08ms]
(fail) MessageRouterService Concurrent Operations > handles concurrent phone number lookups [0.04ms]
(fail) Idempotency Utility > isAlreadyProcessed > returns true for processed keys [0.19ms]
(fail) Idempotency Utility > isAlreadyProcessed > handles special characters in keys [0.06ms]
(fail) Idempotency Utility > markAsProcessed > marks a key as processed [0.05ms]
(fail) Idempotency Utility > markAsProcessed > accepts source parameter [0.09ms]
(fail) Idempotency Utility > markAsProcessed > uses default source when not provided [0.05ms]
(fail) Idempotency Utility > markAsProcessed > handles duplicate marking gracefully [0.05ms]
(fail) Idempotency Utility > cleanupExpiredKeys > does not delete recent keys [0.04ms]
(fail) Idempotency Utility > clearProcessedMessages > clears all messages without error [0.10ms]
(fail) Idempotency Security Tests > Replay Attack Prevention > prevents duplicate processing of same message
(fail) Idempotency Security Tests > Key Format Validation > handles very long keys [0.13ms]
(fail) Idempotency Security Tests > Key Format Validation > handles keys with special webhook-related characters [0.08ms]
(fail) BlooioAutomationService > Chat ID Validation > normalizes chat IDs > handles phone numbers [0.35ms]
(fail) BlooioAutomationService > Chat ID Validation > normalizes chat IDs > handles email addresses [0.07ms]
(fail) BlooioAutomationService > Chat ID Validation > normalizes chat IDs > handles comma-separated chat IDs [0.06ms]
(fail) BlooioAutomationService > sendMessage > returns error when Blooio is not configured [0.07ms]
(fail) BlooioAutomationService > sendMessage > validates chat ID format [0.04ms]
(fail) BlooioAutomationService > sendMessage > handles group chat IDs [0.06ms]
(fail) BlooioAutomationService > sendMessage > handles message with attachments [0.08ms]
(fail) BlooioAutomationService > sendMessage > handles message with metadata [0.05ms]
(fail) BlooioAutomationService > isConfigured > returns false when no API key is stored [0.06ms]
(fail) BlooioAutomationService > getConnectionStatus > returns unconfigured status when no API key [0.15ms]
(fail) BlooioAutomationService > getConnectionStatus > caches status for performance [0.11ms]
(fail) BlooioAutomationService > getConnectionStatus > respects skipCache option [0.06ms]
(fail) BlooioAutomationService > getConnectionStatus > returns fromNumber when available [0.06ms]
(fail) BlooioAutomationService > Error Handling > handles empty organization ID gracefully [0.03ms]
(fail) BlooioAutomationService > Error Handling > handles special characters in organization ID [0.08ms]
(fail) BlooioAutomationService > Credential Methods > getApiKey > returns null when no API key stored [0.03ms]
(fail) BlooioAutomationService > Credential Methods > getWebhookSecret > returns null when no webhook secret stored [0.08ms]
(fail) BlooioAutomationService > Credential Methods > getFromNumber > returns null when no from number stored [0.04ms]
(fail) BlooioAutomationService > Message Request Handling > handles text-only message [0.08ms]
(fail) BlooioAutomationService > Message Request Handling > handles message with typing indicator [0.04ms]
(fail) BlooioAutomationService > Message Request Handling > handles message with idempotency key [0.04ms]
(fail) TwilioAutomationService > sendMessage > returns error when Twilio is not configured [0.33ms]
(fail) TwilioAutomationService > sendMessage > validates E.164 phone number format [0.08ms]
(fail) TwilioAutomationService > sendMessage > accepts valid E.164 format [0.07ms]
(fail) TwilioAutomationService > sendMessage > handles message with media URLs [0.05ms]
(fail) TwilioAutomationService > sendMessage > handles message with multiple media URLs [0.08ms]
(fail) TwilioAutomationService > sendMessage > handles message with status callback [0.07ms]
(fail) TwilioAutomationService > isConfigured > returns false when no credentials stored [0.09ms]
(fail) TwilioAutomationService > getConnectionStatus > returns unconfigured status when no credentials [0.13ms]
(fail) TwilioAutomationService > getConnectionStatus > caches status for performance [0.08ms]
(fail) TwilioAutomationService > getConnectionStatus > respects skipCache option [0.01ms]
(fail) TwilioAutomationService > getConnectionStatus > includes phoneNumber when available [0.11ms]
(fail) TwilioAutomationService > Credential Retrieval Methods > getAccountSid > returns null when no credential stored
(fail) TwilioAutomationService > Credential Retrieval Methods > getAuthToken > returns null when no credential stored
(fail) TwilioAutomationService > Credential Retrieval Methods > getPhoneNumber > returns null when no phone number stored
(fail) TwilioAutomationService > Error Handling > handles empty organization ID [0.17ms]
(fail) TwilioAutomationService > Error Handling > handles special characters in organization ID [0.06ms]
(fail) TwilioAutomationService > Phone Number Validation > rejects phone number without plus sign [0.05ms]
(fail) TwilioAutomationService > Phone Number Validation > rejects phone number with spaces [0.02ms]
(fail) TwilioAutomationService > Phone Number Validation > rejects phone number with dashes [0.12ms]
(fail) TwilioAutomationService > Phone Number Validation > rejects phone number with parentheses [0.09ms]
(fail) TwilioAutomationService > Phone Number Validation > accepts international phone number [0.08ms]
(fail) TwilioAutomationService > Message Request Handling > handles body-only message [0.06ms]
(fail) TwilioAutomationService > Message Request Handling > handles empty body with media [0.04ms]
(fail) TwilioAutomationService > Message Request Handling > handles very long message body [0.06ms]
(fail) TwilioAutomationService > Message Request Handling > handles unicode in message body [0.10ms]
(fail) TwilioAutomationService Cache Behavior > cache TTL is reasonable (5 minutes)
(fail) TwilioAutomationService Cache Behavior > skipCache forces fresh fetch [0.15ms]
(fail) TwilioAutomationService Cache Behavior > invalidateStatusCache clears cache [0.06ms]
(fail) TwilioAutomationService Edge Cases > handles concurrent status checks for same org [0.06ms]
(fail) TwilioAutomationService Edge Cases > handles concurrent status checks for different orgs [0.27ms]
(fail) TwilioAutomationService Edge Cases > handles concurrent message sends [0.20ms]
(fail) Connection APIs E2E Tests > (unnamed) [0.17ms]
(fail) Connection APIs E2E Tests > (unnamed) [0.06ms]
(fail) Promotion Preview API > returns 401 without auth [0.41ms]
(fail) Promotion Assets Pricing > GET /api/v1/apps/[id]/promote/assets > returns 401 without auth [0.29ms]
(fail) Promotion Assets Pricing > POST /api/v1/apps/[id]/promote/assets > returns 401 without auth [0.20ms]
(fail) App Promote Assets API > GET /api/v1/apps/[id]/promote/assets > returns 401 without auth [0.22ms]
(fail) App Promote Assets API > POST /api/v1/apps/[id]/promote/assets > returns 401 without auth [0.23ms]
(fail) Entity Settings Isolation > (unnamed) [0.31ms]
(fail) Stress Test: High Concurrency > (unnamed)
(fail) Unified OAuth API E2E Tests > (unnamed) [0.18ms]
(fail) Unified OAuth API E2E Tests > (unnamed) [0.08ms]
(fail) MessageRouterService E2E Tests > (unnamed) [0.02ms]
(fail) MessageRouterService E2E Tests > (unnamed) [0.05ms]
(fail) Affiliate System Services > (unnamed) [0.26ms]
(fail) Twitter Status API > returns 401 without auth [0.25ms]
(fail) Twitter Connect API > returns 401 without auth [0.20ms]
(fail) Twitter Disconnect API > returns 401 without auth [0.19ms]
(fail) App Twitter Automation API > GET returns 401 without auth [0.22ms]
(fail) App Twitter Automation API > POST returns 401 without auth [0.20ms]
(fail) App Twitter Automation API > DELETE returns 401 without auth [0.13ms]
(fail) App Twitter Post API > POST returns 401 without auth [0.14ms]
(fail) Discord Connections List API > returns 401 without auth [0.18ms]
(fail) Discord Connections Create API > returns 401 without auth [0.19ms]
(fail) Discord Connections Get by ID API > returns 401 without auth [0.18ms]
(fail) Discord Connections Update API > returns 401 without auth [0.20ms]
(fail) Discord Connections Delete API > returns 401 without auth [0.13ms]
(fail) Webhook Handlers E2E Tests > (unnamed) [0.19ms]
(fail) Webhook Handlers E2E Tests > (unnamed) [0.08ms]
(fail) Telegram Status API > returns 401 without auth [0.24ms]
(fail) Telegram Connect API > returns 401 without auth [0.22ms]
(fail) Telegram Disconnect API > returns 401 without auth [0.14ms]
(fail) App Telegram Automation API > GET returns 401 without auth [0.14ms]
(fail) App Telegram Automation API > POST returns 401 without auth [0.14ms]
(fail) App Telegram Automation API > DELETE returns 401 without auth [0.12ms]
(fail) App Telegram Post API > POST returns 401 without auth [0.13ms]
(fail) Telegram Webhook API > returns 404 or 401 for unknown organization [0.15ms]
(fail) Telegram Webhook API > handles invalid JSON gracefully [0.13ms]
(fail) Generic OAuth Provider E2E Tests > (unnamed) [0.09ms]
(fail) Generic OAuth Provider E2E Tests > (unnamed) [0.09ms]
(fail) Revenue Splits & Multi-Tier Referrals > (unnamed) [0.18ms]
(fail) MCP Registry API > returns 200 and valid registry structure [0.33ms]
(fail) MCP Registry API > includes expected built-in MCP servers [0.13ms]
(fail) MCP Registry API > eliza-platform has status 'coming_soon' (requires auth) [0.11ms]
(fail) MCP Registry API > filters by status=live excludes coming_soon servers [0.15ms]
(fail) MCP Registry API > filters by status=coming_soon includes eliza-platform [0.11ms]
(fail) MCP Registry API > filters by category=platform returns eliza-platform [0.11ms]
(fail) MCP Registry API > filters by category=finance returns crypto-prices [0.19ms]
(fail) MCP Registry API > search filter works [0.17ms]
(fail) MCP Registry API > returns 400 for invalid category [0.14ms]
(fail) MCP Registry API > returns 400 for invalid status [0.11ms]
(fail) MCP Registry API > respects limit parameter [0.11ms]
(fail) MCP Registry API > live MCP servers (weather, time, crypto) have working endpoints [0.16ms]
(fail) Agent Phone Number Mapping E2E Tests > (unnamed) [0.17ms]
(fail) Agent Phone Number Mapping E2E Tests > (unnamed)
(fail) MCP Assistant - Trending Tokens Query > (unnamed) [0.24ms]
(fail) MCP Plugin Loading - Production Flow > (unnamed) [0.15ms]
(fail) Runtime Creation Performance > (unnamed) [0.08ms]
(fail) Database Query Performance > (unnamed) [0.06ms]
(fail) Runtime Caching Performance > (unnamed) [0.03ms]
(fail) RuntimeFactory - CHAT Mode > (unnamed) [0.14ms]
(fail) RuntimeFactory - ASSISTANT Mode (MCP) > (unnamed) [0.03ms]
(fail) RuntimeFactory - ASSISTANT Mode (Web Search) > (unnamed) [0.03ms]
(fail) RuntimeFactory - BUILD Mode > (unnamed) [0.03ms]
(fail) RuntimeFactory - Caching Behavior > (unnamed)
(fail) RuntimeFactory - Performance Benchmarks > (unnamed) [0.04ms]
(fail) Connection Adapters Registry > getAdapter > should be case-sensitive [0.08ms]
(fail) Connection Adapters Registry > getAllAdapters > should return array of all adapters [0.03ms]
(fail) Provider-Adapter Consistency > each adapter should have a corresponding provider [0.06ms]
(fail) OAuth Service Logic > listProviders transformation > should include all expected providers [0.08ms]
(fail) OAuth Service Logic > initiateAuth logic > should generate auth URL for OAuth platforms [0.11ms]
(fail) Discord User Service > generateSlugFromDiscord > handles unicode characters by removing them [0.07ms]
(fail) Pool Closure Race Condition > (unnamed) [0.17ms]
(fail) Production Error Reproduction > (unnamed) [0.02ms]
(fail) Mode Switching During Operations > (unnamed) [0.16ms]
(fail) Service Access During Invalidation > (unnamed) [0.04ms]
(fail) Concurrent Configuration Changes > (unnamed) [0.03ms]
(fail) Long-Running Operation Simulation > (unnamed) [0.02ms]
(fail) RuntimeCache.removeByOrganization > (unnamed) [0.12ms]
(fail) EntitySettingsCache invalidation > (unnamed) [0.02ms]
(fail) OAuth flow cache invalidation integration > (unnamed) [0.02ms]
(fail) Edge cases and error handling > (unnamed) [0.02ms]
(fail) User Context Isolation > (unnamed) [0.15ms]
(fail) RuntimeFactory - ASSISTANT Mode (MCP) > (unnamed) [0.20ms]
(fail) RuntimeFactory - ASSISTANT Mode (Web Search) > (unnamed) [0.09ms]
(fail) RuntimeFactory - Caching Behavior > (unnamed) [0.18ms]
(fail) RuntimeFactory - Performance Benchmarks > (unnamed) [0.09ms]
(fail) RuntimeFactory - CHAT Mode > (unnamed) [0.13ms]
(fail) RuntimeFactory - BUILD Mode > (unnamed) [0.10ms]
(fail) MCP OAuth Injection > (unnamed) [0.18ms]
(fail) MCP Plugin Loading - Production Flow > (unnamed) [0.18ms]
(fail) MCP Assistant - Trending Tokens Query > (unnamed) [0.10ms]
(fail) Message Handler - Basic Message Processing > (unnamed) [0.14ms]
(fail) CloudBootstrapMessageService - Web Search Multi-Step > (unnamed) [0.13ms]
(fail) Runtime Creation Performance > (unnamed) [0.13ms]
(fail) Database Query Performance > (unnamed) [0.12ms]
(fail) Runtime Caching Performance > (unnamed) [0.06ms]
(fail) Embedding Initialization Performance > (unnamed) [0.16ms]

 1073 pass
 28 skip
 175 fail
 6 errors
 2102 expect() calls
Ran 1276 tests across 80 files. [1.84s]
